--- Puppeteer Optimized Test Start ---
1. Launching browser with optimized flags...
   Success: Browser launched
2. Creating new page...
   Success: Page created
3. Setting content with networkidle0 wait...
   Success: Content set and network idle reached
4. Generating PDF...
   Success: PDF generated. Size: 46174 bytes
5. Closing browser...
node :    Failure: Buffer is NOT a valid PDF. 
Start: 37,80,68,70,45,49,46,52,10,37,211,235,233
,225,10,49,32,48,32,111,98,106,10,60,60,47,84,10
5,116,108,101,32,40,97,98,111,117,116,58,98,108,
97,110,107,41,10,47,67,114,101,97,116,111,114,32
,40,77,111,122,105,108,108,97,47,53,46,48,32,92,
40,87,105,110,100,111,119,115,32,78,84,32,49,48,
46,48,59,32,87,105,110,54,52,59,32,120,54,52,92,
41,32,65,112,112,108,101,87,101,98,75,105,116,47
,53,51,55,46,51,54,32,92,40,75,72,84,77,76,44,32
,108,105,107,101,32,71,101,99,107,111,92,41,32,7
2,101,97,100,108,101,115,115,67,104,114,111,109,
101,47,49,52,53,46,48,46,48,46,48,32,83,97,102,9
7,114,105,47,53,51,55,46,51,54,41,10,47,80,114,1
11,100,117,99,101,114,32,40,83,107,105,97,47,80,
68,70,32,109,49,52,53,41,10,47,67,114,101,97,116
,105,111,110,68,97,116,101,32,40,68,58,50,48,50,
54,48,50,50,49,49,56,53,54,48,53,43,48,48,39,48,
48,39,41,10,47,77,111,100,68,97,116,101,32,40,68
,58,50,48,50,54,48,50,50,49,49,56,53,54,48,53,43
,48,48,39,48,48,39,41,62,62,10,101,110,100,111,9
8,106,10,51,32,48,32,111,98,106,10,60,60,47,99,9
7,32,49,10,47,66,77,32,47,78,111,114,109,97,108,
62,62,10,101,110,100,111,98,106,10,56,32,48,32,1
11,98,106,10,60,60,47,78,32,51,10,47,70,105,108,
116,101,114,32,47,70,108,97,116,101,68,101,99,11
1,100,101,10,47,76,101,110,103,116,104,32,50,57,
51,62,62,32,115,116,114,101,97,109,10,120,156,12
5,144,189,74,195,0,20,133,191,212,130,40,138,131
,14,29,28,50,56,184,104,147,166,105,82,112,105,3
4,22,215,86,161,169,83,146,166,65,236,79,72,83,2
44,1,116,115,112,117,43,46,190,128,232,99,40,8,1
4,226,224,35,136,160,179,164,65,82,144,120,224,1
94,199,225,192,189,247,64,174,0,144,151,160,63,1
36,194,70,221,16,91,86,91,156,127,71,64,96,42,21
9,29,5,100,75,128,239,151,36,251,188,245,79,46,7
5,11,29,111,228,2,31,64,20,182,172,54,8,29,96,20
5,79,248,44,102,39,225,203,152,79,163,32,2,97,18
,115,120,208,48,65,184,3,54,253,25,118,102,216,1
3,194,56,255,6,236,244,123,99,55,189,155,37,111,
112,216,4,90,192,58,117,134,12,241,233,225,81,16
4,201,9,199,216,20,209,48,81,217,163,70,9,25,21,
25,133,42,26,229,233,212,144,40,163,83,193,192,1
92,196,68,71,65,67,65,97,23,149,106,220,103,178,
114,120,3,250,23,204,93,165,158,115,13,15,23,80,
120,77,189,141,9,172,156,195,253,99,234,165,29,7
,118,104,79,173,60,144,235,118,225,243,22,150,45
,88,125,130,197,163,223,98,51,126,21,255,252,42,
178,207,0,151,109,68,74,72,200,84,126,0,133,205,
75,189,10,101,110,100,115,116,114,101,97,109,10,
101,110,100,111,98,106,10,55,32,48,32,111,98,106
,10,60,60,47,84,121,112,101,32,47,88,79,98,106,1
01,99,116,10,47,83,117,98,116,121,112,101,32,47,
73,109,97,103,101,10,47,87,105,100,116,104,32,49
,52,10,47,72,101,105,103,104,116,32,49,54,10,47,
67,111,108,111,114,83,112,97,99,101,32,91,47,73,
67,67,66,97,115,101,100,32,56,32,48,32,82,93,10,
47,83,77,97,115,107,32,57,32,48,32,82,10,47,66,1
05,116,115,80,101,114,67,111,109,112,111,110,101
,110,116,32,56,10,47,70,105,108,116,101,114,32,4
7,70,108,97,116,101,68,101,99,111,100,101,10,47,
76,101,110,103,116,104,32,52,49,55,62,62,32,115,
116,114,101,97,109,10,120,156,125,138,205,47,195
,96,0,135,251,79,109,49,113,114,224,238,32,117,9
6,7,225,34,28,196,213,137,144,248,236,218,121,77
,171,93,215,157,68,52,62,22,110,50,106,243,53,99
,212,116,171,137,216,86,31,65,70,233,134,183,94,
217,154,200,84,178,39,207,225,151,95,158,96,176,
22,24,134,57,157,78,172,130,32,4,245,226,247,139
,97,247,213,48,1,0,130,80,142,29,142,114,28,8,8,
185,39,51,173,125,217,188,126,248,4,0,32,132,2,1
,161,18,59,120,158,191,188,55,227,87,31,241,171,
15,84,193,218,74,182,100,149,8,33,158,231,49,12,
227,56,191,122,103,30,101,74,168,138,163,76,233,
34,91,242,84,193,113,126,150,229,212,59,19,253,2
29,80,45,198,85,61,255,244,245,172,195,103,29,23
4,197,111,150,229,24,102,94,189,53,247,211,239,5
4,99,151,198,233,117,241,252,166,108,246,209,100
,152,121,154,102,82,26,140,42,111,53,76,105,144,
166,25,159,111,78,209,96,36,169,215,80,209,160,2
0,83,1,152,85,242,80,146,117,203,109,249,101,37,
46,135,142,83,191,143,36,235,7,105,67,209,224,20
4,12,184,200,195,112,162,16,78,20,252,209,141,21
4,133,58,92,116,225,162,171,119,205,189,26,83,19
4,137,194,246,217,235,226,154,68,81,94,138,242,3
8,115,112,243,164,224,217,226,113,177,222,202,44
,219,197,70,90,18,15,211,198,194,210,58,69,121,7
3,146,74,230,32,187,19,178,101,184,232,106,19,27
,186,86,90,86,207,246,146,57,72,146,20,65,144,18
7,25,205,189,220,100,203,44,221,203,205,125,161,
78,57,251,73,16,228,244,52,49,184,217,255,191,23
3,245,117,12,120,122,172,61,25,153,152,36,166,70
,70,70,135,134,134,171,237,246,183,224,162,203,1
18,142,141,143,255,0,210,143,207,188,10,101,110,
100,115,116,114,101,97,109,10,101,110,100,111,98
,106,10,57,32,48,32,111,98,106,10,60,60,47,84,12
1,112,101,32,47,88,79,98,106,101,99,116,10,47,83
,117,98,116,121,112,101,32,47,73,109,97,103,101,
10,47,87,105,100,116,104,32,49,52,10,47,72,101,1
05,103,104,116,32,49,54,10,47,67,111,108,111,114
,83,112,97,99,101,32,47,68,101,118,105,99,101,71
,114,97,121,10,47,66,105,116,115,80,101,114,67,1
11,109,112,111,110,101,110,116,32,56,10,47,70,10
5,108,116,101,114,32,47,70,108,97,116,101,68,101
,99,111,100,101,10,47,76,101,110,103,116,104,32,
51,56,62,62,32,115,116,114,101,97,109,10,120,156
,251,255,31,6,184,24,24,24,254,255,71,230,254,71
,225,254,71,225,254,167,6,64,49,19,197,62,20,183
,80,194,1,0,171,247,192,104,10,101,110,100,115,1
16,114,101,97,109,10,101,110,100,111,98,106,10,4
9,48,32,48,32,111,98,106,10,60,60,47,70,105,108,
116,101,114,32,47,70,108,97,116,101,68,101,99,11
1,100,101,10,47,76,101,110,103,116,104,32,52,53,
52,62,62,32,115,116,114,101,97,109,10,120,156,13
3,83,93,107,27,49,16,124,215,175,216,231,66,229,
217,149,86,31,96,12,190,59,39,244,33,133,180,7,2
37,187,155,4,2,78,176,147,254,255,114,210,93,124
,118,77,44,16,90,105,119,181,51,35,173,21,151,20
3,32,16,232,171,157,109,147,103,155,57,231,68,21
9,157,217,155,193,47,62,57,235,124,14,228,20,169
,90,135,7,243,235,11,189,152,189,113,150,69,203,
61,71,107,187,43,137,76,63,110,169,26,135,39,179
,184,117,244,244,102,36,17,99,152,40,243,240,96,
30,75,48,166,96,148,224,239,175,47,63,223,15,127
,183,239,180,92,46,238,218,111,29,129,86,171,166
,107,77,211,155,197,141,39,39,212,63,26,174,12,1
52,36,81,76,212,239,204,18,112,2,168,3,52,2,190,
5,20,227,218,1,62,1,62,2,112,128,115,128,68,64,2
42,184,143,43,234,159,141,168,179,161,48,233,255
,208,178,166,104,24,174,43,238,77,111,54,119,237
,37,132,60,71,168,196,225,28,161,120,153,32,14,2
08,154,17,86,184,12,71,215,128,247,71,191,95,143
,88,120,92,117,244,199,83,90,37,175,29,207,155,2
25,236,10,110,153,227,14,196,238,20,183,103,235,
133,211,28,254,128,48,69,32,7,32,103,32,51,144,6
1,144,58,32,53,64,10,64,218,148,24,9,122,165,188
,251,84,54,39,209,10,28,187,89,249,194,50,84,134
,255,169,176,6,180,45,37,3,44,71,78,241,248,148,
204,87,176,248,171,79,24,195,199,19,150,187,178,
229,152,195,188,200,199,151,75,0,119,21,45,235,5
6,229,108,157,124,131,162,55,99,172,31,207,186,1
63,175,216,131,111,250,11,3,99,76,100,238,205,18
9,217,155,20,173,82,22,37,201,206,70,37,13,86,11
6,214,169,10,139,97,248,74,71,65,53,35,234,212,1
76,103,61,88,27,182,40,245,59,82,247,90,170,124,
210,239,23,211,47,43,233,61,57,198,169,146,233,6
6,199,85,182,50,41,234,167,46,152,51,255,7,249,9
9,1,190,10,101,110,100,115,116,114,101,97,109,10
,101,110,100,111,98,106,10,50,32,48,32,111,98,10
6,10,60,60,47,84,121,112,101,32,47,80,97,103,101
,10,47,82,101,115,111,117,114,99,101,115,32,60,6
0,47,80,114,111,99,83,101,116,32,91,47,80,68,70,
32,47,84,101,120,116,32,47,73,109,97,103,101,66,
32,47,73,109,97,103,101,67,32,47,73,109,97,103,1
01,73,93,10,47,69,120,116,71,83,116,97,116,101,3
2,60,60,47,71,51,32,51,32,48,32,82,62,62,10,47,8
8,79,98,106,101,99,116,32,60,60,47,88,55,32,55,3
2,48,32,82,62,62,10,47,70,111,110,116,32,60,60,4
7,70,52,32,52,32,48,32,82,10,47,70,53,32,53,32,4
8,32,82,10,47,70,54,32,54,32,48,32,82,62,62,62,6
2,10,47,77,101,100,105,97,66,111,120,32,91,48,32
,48,32,53,57,53,46,57,49,57,57,56,32,56,52,49,46
,57,49,57,57,56,93,10,47,67,111,110,116,101,110,
116,115,32,49,48,32,48,32,82,10,47,83,116,114,11
7,99,116,80,97,114,101,110,116,115,32,48,10,47,8
4,97,98,115,32,47,83,10,47,80,97,114,101,110,116
,32,49,49,32,48,32,82,62,62,10,101,110,100,111,9
8,106,10,49,49,32,48,32,111,98,106,10,60,60,47,8
4,121,112,101,32,47,80,97,103,101,115,10,47,67,1
11,117,110,116,32,49,10,47,75,105,100,115,32,91,
50,32,48,32,82,93,62,62,10,101,110,100,111,98,10
6,10,49,53,32,48,32,111,98,106,10,60,60,47,84,12
1,112,101,32,47,83,116,114,117,99,116,69,108,101
,109,10,47,83,32,47,78,111,110,83,116,114,117,99
,116,10,47,80,32,49,52,32,48,32,82,10,47,80,103,
32,50,32,48,32,82,10,47,75,32,48,62,62,10,101,11
0,100,111,98,106,10,49,52,32,48,32,111,98,106,10
,60,60,47,84,121,112,101,32,47,83,116,114,117,99
,116,69,108,101,109,10,47,83,32,47,72,49,10,47,8
0,32,49,51,32,48,32,82,10,47,75,32,49,53,32,48,3
2,82,62,62,10,101,110,100,111,98,106,10,49,55,32
,48,32,111,98,106,10,60,60,47,84,121,112,101,32,
47,83,116,114,117,99,116,69,108,101,109,10,47,83
,32,47,78,111,110,83,116,114,117,99,116,10,47,80
,32,49,54,32,48,32,82,10,47,80,103,32,50,32,48,3
2,82,10,47,75,32,49,62,62,10,101,110,100,111,98,
106,10,49,57,32,48,32,111,98,106,10,60,60,47,84,
121,112,101,32,47,83,116,114,117,99,116,69,108,1
01,109,10,47,83,32,47,78,111,110,83,116,114,117,
99,116,10,47,80,32,49,56,32,48,32,82,10,47,80,10
3,32,50,32,48,32,82,10,47,75,32,50,62,62,10,101,
110,100,111,98,106,10,49,56,32,48,32,111,98,106,
10,60,60,47,84,121,112,101,32,47,83,116,114,117,
99,116,69,108,101,109,10,47,83,32,47,67,111,100,
101,10,47,80,32,49,54,32,48,32,82,10,47,75,32,49
,57,32,48,32,82,62,62,10,101,110,100,111,98,106,
10,50,48,32,48,32,111,98,106,10,60,60,47,84,121,
112,101,32,47,83,116,114,117,99,116,69,108,101,1
09,10,47,83,32,47,78,111,110,83,116,114,117,99,1
16,10,47,80,32,49,54,32,48,32,82,10,47,80,103,32
,50,32,48,32,82,10,47,75,32,51,62,62,10,101,110,
100,111,98,106,10,49,54,32,48,32,111,98,106,10,6
0,60,47,84,121,112,101,32,47,83,116,114,117,99,1
16,69,108,101,109,10,47,83,32,47,80,10,47,80,32,
49,51,32,48,32,82,10,47,75,32,91,49,55,32,48,32,
82,32,49,56,32,48,32,82,32,50,48,32,48,32,82,93,
62,62,10,101,110,100,111,98,106,10,50,50,32,48,3
2,111,98,106,10,60,60,47,84,121,112,101,32,47,83
,116,114,117,99,116,69,108,101,109,10,47,83,32,4
7,78,111,110,83,116,114,117,99,116,10,47,80,32,5
0,49,32,48,32,82,10,47,80,103,32,50,32,48,32,82,
10,47,75,32,52,62,62,10,101,110,100,111,98,106,1
0,50,49,32,48,32,111,98,106,10,60,60,47,84,121,1
12,101,32,47,83,116,114,117,99,116,69,108,101,10
9,10,47,83,32,47,80,10,47,80,32,49,51,32,48,32,8
2,10,47,75,32,50,50,32,48,32,82,62,62,10,101,110
,100,111,98,106,10,49,51,32,48,32,111,98,106,10,
60,60,47,84,121,112,101,32,47,83,116,114,117,99,
116,69,108,101,109,10,47,83,32,47,68,111,99,117,
109,101,110,116,10,47,76,97,110,103,32,40,101,11
0,45,85,83,41,10,47,80,32,49,50,32,48,32,82,10,4
7,75,32,91,49,52,32,48,32,82,32,49,54,32,48,32,8
2,32,50,49,32,48,32,82,93,62,62,10,101,110,100,1
11,98,106,10,50,51,32,48,32,111,98,106,10,91,49,
53,32,48,32,82,32,49,55,32,48,32,82,32,49,57,32,
48,32,82,32,50,48,32,48,32,82,32,50,50,32,48,32,
82,93,10,101,110,100,111,98,106,10,50,52,32,48,3
2,111,98,106,10,60,60,47,84,121,112,101,32,47,80
,97,114,101,110,116,84,114,101,101,10,47,78,117,
109,115,32,91,48,32,50,51,32,48,32,82,93,62,62,1
0,101,110,100,111,98,106,10,49,50,32,48,32,111,9
8,106,10,60,60,47,84,121,112,101,32,47,83,116,11
4,117,99,116,84,114,101,101,82,111,111,116,10,47
,75,32,49,51,32,48,32,82,10,47,80,97,114,101,110
,116,84,114,101,101,78,101,120,116,75,101,121,32
,49,10,47,80,97,114,101,110,116,84,114,101,101,3
2,50,52,32,48,32,82,62,62,10,101,110,100,111,98,
106,10,50,53,32,48,32,111,98,106,10,60,60,47,84,
121,112,101,32,47,67,97,116,97,108,111,103,10,47
,80,97,103,101,115,32,49,49,32,48,32,82,10,47,77
,97,114,107,73,110,102,111,32,60,60,47,84,121,11
2,101,32,47,77,97,114,107,73,110,102,111,10,47,7
7,97,114,107,101,100,32,116,114,117,101,62,62,10
,47,83,116,114,117,99,116,84,114,101,101,82,111,
111,116,32,49,50,32,48,32,82,10,47,86,105,101,11
9,101,114,80,114,101,102,101,114,101,110,99,101,
115,32,60,60,47,84,121,112,101,32,47,86,105,101,
119,101,114,80,114,101,102,101,114,101,110,99,10
1,115,10,47,68,105,115,112,108,97,121,68,111,99,
84,105,116,108,101,32,116,114,117,101,62,62,10,4
7,76,97,110,103,32,40,101,110,45,85,83,41,62,62,
10,101,110,100,111,98,106,10,50,54,32,48,32,111,
98,106,10,60,60,47,76,101,110,103,116,104,49,32,
50,49,49,56,52,10,47,70,105,108,116,101,114,32,4
7,70,108,97,116,101,68,101,99,111,100,101,10,47,
76,101,110,103,116,104,32,49,49,56,57,53,62,62,3
2,115,116,114,101,97,109,10,120,156,237,188,9,12
4,20,85,246,63,250,189,183,170,215,44,189,100,23
3,236,85,157,38,221,73,58,33,33,43,75,76,42,100,
17,205,0,1,2,147,32,25,18,32,8,46,16,72,34,136,1
0,17,55,8,46,97,220,117,70,34,136,58,130,210,233
,160,118,0,199,168,63,127,227,198,128,59,46,12,1
13,0,113,139,160,34,162,146,190,47,117,187,195,1
62,252,102,249,255,222,123,159,207,123,159,57,69
,223,115,238,61,219,189,231,158,58,213,85,93,4,4
,128,153,0,34,48,121,90,86,206,34,235,243,53,0,2
41,1,104,152,81,62,177,118,134,166,121,21,144,14
9,7,88,238,154,123,101,99,179,120,165,240,36,64,
99,0,220,58,247,170,86,153,189,244,228,133,64,12
0,42,160,107,152,223,124,233,149,59,92,150,71,1,
221,103,128,182,248,210,198,150,102,88,96,0,72,1
68,234,229,210,43,174,158,127,224,228,234,201,64
,82,39,96,222,184,96,222,149,203,7,232,98,31,16,
181,6,48,232,23,52,53,206,251,246,165,101,119,3,
164,29,64,193,130,5,77,141,214,149,6,23,64,102,1
,24,177,224,202,214,229,149,68,115,4,16,230,1,10
0,249,21,139,231,54,206,254,205,37,107,1,250,8,1
28,63,95,217,184,188,89,255,219,168,219,1,146,0,
64,94,212,120,101,83,201,154,186,1,64,252,24,16,
66,155,23,183,180,178,116,188,15,144,34,149,223,
188,180,169,89,152,92,240,20,160,188,2,88,190,7,
32,64,15,10,35,8,99,16,160,198,230,119,244,45,20
,225,46,104,65,97,70,22,102,0,186,42,203,247,208
,128,66,0,7,230,82,109,158,7,8,160,43,246,79,66,
153,25,63,253,244,211,10,51,31,57,7,126,199,71,1
16,244,142,93,243,75,175,153,109,42,250,94,31,17
1,231,140,141,7,139,18,85,188,223,251,245,181,63
,253,116,106,208,12,253,82,16,24,78,91,16,132,11
9,232,46,104,160,215,60,160,201,5,72,124,0,11,11
1,98,62,181,234,53,52,68,39,82,21,68,190,170,179
,160,102,98,153,12,245,232,210,188,237,159,66,11
4,117,197,196,171,168,11,102,128,232,212,236,80,
35,131,40,0,52,168,25,25,140,68,36,68,44,7,16,7,
51,4,24,33,163,28,149,168,70,13,154,176,16,87,16
2,25,173,88,129,46,213,78,144,55,25,53,152,23,22
8,181,4,120,236,224,121,143,185,191,138,204,185,
80,240,127,235,177,5,91,240,227,47,15,114,29,57,
28,56,104,246,63,57,30,23,158,10,30,44,112,136,3
1,168,135,230,183,234,161,253,73,215,113,230,208
,79,1,180,103,45,142,142,249,135,235,252,127,29,
52,127,193,93,42,22,15,226,222,127,38,171,29,131
,58,205,12,220,125,246,152,120,16,25,255,27,255,
226,65,212,136,45,40,61,123,140,142,193,157,103,
247,117,137,88,121,150,252,186,211,116,11,178,23
3,19,144,206,107,23,72,86,85,49,83,205,94,209,0,
208,36,220,21,164,9,140,232,8,210,116,232,140,95
,29,164,5,20,163,60,72,139,136,68,118,144,214,32
,6,49,65,90,11,181,246,149,98,41,22,162,17,87,32
,19,227,177,24,87,96,30,38,162,6,51,208,132,165,
104,193,66,44,198,34,200,40,196,72,100,99,212,89
,242,242,89,242,170,204,98,180,226,106,52,163,9,
99,207,43,37,35,21,19,177,16,115,177,20,139,209,
130,197,152,143,86,164,157,230,159,209,249,19,10
0,228,112,111,133,144,81,131,5,104,130,252,43,47
,50,202,176,24,75,209,204,219,70,180,6,231,58,18
,50,74,113,5,247,61,21,11,113,41,22,160,21,45,18
8,215,132,22,190,174,171,208,132,121,92,50,12,70
,254,153,128,38,204,193,82,52,97,25,100,76,230,3
0,22,161,230,180,175,223,160,17,87,99,49,218,208
,10,25,87,96,49,46,229,107,145,49,23,139,209,140
,171,249,236,3,190,228,211,43,200,70,46,100,56,7
9,247,10,145,193,231,161,174,178,25,11,32,99,2,2
6,177,136,219,152,139,203,131,178,23,99,49,22,24
0,168,79,64,27,230,241,88,5,214,165,198,98,33,95
,203,21,255,227,124,230,243,120,168,113,95,136,5
7,184,130,143,6,118,226,220,53,6,236,44,14,174,8
4,230,94,218,176,20,115,249,122,135,247,103,25,2
6,185,134,140,54,44,194,60,30,61,25,173,167,247,
228,34,212,240,232,44,228,122,139,120,124,199,11
3,253,38,46,209,132,43,49,135,71,123,30,111,229,
224,140,134,101,101,62,222,194,179,98,33,175,188
,195,25,55,188,14,149,223,138,70,44,196,21,104,1
93,72,101,252,244,26,165,164,248,130,162,113,99,
199,140,46,204,207,203,205,25,149,157,53,50,51,1
95,157,158,150,234,114,166,140,112,36,219,101,41
,41,49,33,62,46,54,198,22,29,21,25,97,181,152,77
,225,97,161,33,70,131,94,167,213,136,2,37,200,16
8,112,84,54,200,30,103,131,71,116,58,38,76,200,8
4,251,142,70,217,227,108,60,107,160,193,35,55,20
2,158,202,115,101,60,114,3,23,147,207,149,84,26,
101,207,252,95,72,42,1,73,229,180,36,49,203,69,4
0,202,204,144,43,28,178,103,119,185,67,246,145,1
53,83,106,29,178,231,182,114,71,157,236,25,224,2
44,68,78,119,114,58,172,220,81,103,183,103,102,2
00,114,69,204,130,114,217,67,26,228,10,79,229,85
,11,58,42,26,202,51,51,72,119,136,177,204,81,214
,100,204,204,64,183,49,164,204,81,22,146,153,1,1
43,205,209,220,77,108,197,132,19,212,86,49,182,1
55,66,31,150,153,81,225,137,115,148,87,120,98,29
,229,234,12,60,66,74,69,227,60,79,245,148,218,13
8,242,120,187,189,46,51,195,67,202,230,58,230,12
0,224,24,239,49,185,185,8,202,184,27,143,182,204
,163,227,110,228,133,234,106,176,78,238,206,232,
235,184,213,103,198,156,6,119,232,60,199,188,198
,89,181,30,161,177,78,245,97,113,123,108,142,114
,143,109,197,161,152,51,221,204,12,143,181,172,2
46,150,179,185,241,66,71,69,204,66,89,237,118,11
6,220,34,123,250,166,212,158,205,181,171,109,93,
93,76,102,70,102,134,135,166,84,54,116,84,122,14
8,198,91,39,100,102,84,77,147,103,213,122,232,77
,117,181,30,114,83,93,102,134,172,174,68,93,85,9
6,125,77,142,10,117,164,225,50,217,99,112,140,11
9,44,232,184,172,161,81,246,196,117,120,48,245,1
06,187,55,46,78,233,101,253,136,171,144,59,106,1
06,29,118,79,73,188,163,174,177,60,161,59,18,29,
83,175,238,137,85,228,216,115,57,153,25,221,102,
75,32,176,221,225,166,32,17,26,118,54,209,116,15
4,199,41,46,174,82,85,83,79,71,150,168,51,114,92
,228,81,26,60,242,92,217,131,169,181,14,15,77,25
,173,54,77,163,209,49,119,116,188,93,133,58,146,
153,81,229,153,55,165,182,98,161,199,80,214,208,
97,30,171,142,171,250,30,77,138,217,33,119,124,1
5,15,105,112,12,124,117,238,72,99,112,68,155,98,
254,30,42,169,230,201,233,84,243,144,198,97,218,
227,118,123,210,211,213,20,209,149,121,180,234,1
0,138,121,63,63,51,227,42,31,45,112,52,155,101,3
1,45,168,144,61,168,174,245,144,198,186,177,89,4
9,153,25,118,187,186,193,235,124,10,230,100,102,
216,61,237,83,106,3,125,25,115,226,189,80,178,22
0,117,30,218,160,114,250,134,57,81,211,85,78,251
,48,231,180,122,131,195,158,153,177,157,127,129,
136,242,232,157,167,255,153,204,209,17,21,11,198
,122,72,244,63,96,55,5,248,85,211,28,85,83,102,2
14,202,21,29,13,193,216,86,213,156,211,11,240,71
,159,230,5,41,79,68,89,173,16,79,131,20,141,23,5
6,215,99,45,155,117,90,88,237,212,134,122,196,20
,143,152,162,229,73,61,207,35,76,169,13,12,16,18
5,210,99,110,152,16,104,235,140,118,251,255,168,
227,211,233,207,82,242,177,99,170,22,71,103,212,
130,179,244,140,117,159,219,31,119,78,255,156,21
7,133,118,8,85,53,30,209,73,171,106,102,118,116,
24,207,225,85,58,42,27,58,58,42,29,114,101,71,67
,71,163,143,181,207,113,200,102,71,71,47,125,140
,62,214,209,92,209,48,188,161,62,182,99,93,188,1
67,242,214,58,143,185,97,1,25,155,153,209,77,49,
190,219,65,214,76,233,86,200,154,105,51,107,123,
205,128,188,166,166,214,75,9,45,107,24,95,215,61
,130,172,153,82,219,43,3,10,31,165,234,168,58,16
8,118,100,181,131,42,82,53,181,214,75,245,92,62,
190,87,1,218,57,87,228,3,188,63,215,71,192,199,2
44,195,99,4,115,125,52,48,102,14,56,114,114,71,1
0,40,230,250,196,0,71,25,150,22,49,215,167,15,14
0,181,7,164,83,131,210,122,204,245,153,85,206,14
,80,2,112,102,0,212,162,81,86,83,123,118,58,240,
115,172,46,19,208,236,64,2,255,60,134,4,209,137,
4,128,29,26,254,248,23,178,67,42,79,197,244,11,1
28,36,6,62,65,240,98,43,222,39,169,68,70,15,249,
9,54,156,36,177,100,20,46,130,136,31,32,96,27,6,
113,55,34,81,131,123,136,21,35,16,141,233,184,13
6,136,36,150,184,113,43,121,144,93,197,62,199,5,
248,61,54,178,103,201,106,246,4,162,113,7,254,27
,39,145,128,191,137,4,133,152,132,233,152,62,116
,7,242,185,112,24,117,236,1,232,113,11,66,48,14,
83,73,52,26,241,30,222,131,122,95,119,39,238,194
,159,201,181,236,36,255,94,183,26,191,71,17,74,8
1,202,94,96,167,144,142,91,197,78,205,62,195,211
,88,143,157,68,203,230,178,133,72,66,50,58,168,1
55,189,199,14,192,137,58,108,194,86,34,18,55,233
,19,39,192,142,203,113,19,238,35,177,194,127,227
,114,220,141,71,224,39,161,180,94,40,211,60,15,2
24,34,204,192,34,44,67,7,158,192,107,196,74,170,
53,251,52,199,216,53,236,8,180,136,64,42,191,34,
127,78,242,201,68,186,89,12,101,197,236,67,92,13
0,94,188,66,98,249,209,39,94,34,62,166,185,196,9
5,194,254,200,94,68,20,158,37,70,178,139,188,160
,201,209,220,62,120,61,123,152,61,133,80,56,49,1
0,23,96,18,102,96,14,110,192,11,120,21,223,224,9
1,186,138,173,194,4,76,195,50,188,76,18,137,76,1
56,36,149,188,71,99,233,74,186,82,120,27,35,81,1
38,122,92,142,54,108,128,7,94,236,192,78,60,135,
247,240,17,250,113,152,68,146,120,114,49,153,67,
214,147,111,105,40,157,71,247,8,15,10,219,133,11
9,68,34,254,9,209,112,32,5,233,104,197,102,60,13
1,55,176,27,123,136,134,200,36,155,84,147,203,20
0,98,114,47,249,35,233,167,30,250,21,253,65,212,
139,55,136,63,139,131,26,167,191,223,255,51,155,
196,190,71,12,226,240,27,172,192,42,172,199,38,2
44,96,59,254,138,119,241,45,190,195,9,98,38,163,
201,2,242,48,241,144,126,242,21,53,208,100,58,15
3,54,211,123,232,102,250,164,48,73,88,47,188,32,
230,139,227,197,203,197,221,226,135,154,155,53,2
35,116,141,58,255,169,71,253,119,250,159,244,191
,201,158,101,111,66,64,56,98,224,68,37,22,226,12
2,220,129,205,120,30,111,227,93,124,128,253,248,
187,154,63,100,52,25,71,102,146,223,145,5,164,13
3,172,33,119,145,39,201,203,228,77,242,5,249,150
,130,31,201,116,28,45,167,147,233,98,186,148,174
,164,171,233,157,244,46,186,153,238,161,123,232,
94,250,33,221,79,191,164,223,11,26,33,89,40,16,1
50,8,15,11,30,193,39,236,21,62,21,205,162,83,28,
41,142,18,39,139,51,69,166,201,209,228,104,46,21
2,76,211,60,174,217,162,121,81,115,76,91,164,157
,167,109,214,126,166,91,173,187,81,255,198,96,25
0,224,223,252,240,47,240,123,252,61,236,9,232,81
,135,21,88,143,135,176,17,219,176,29,59,241,26,2
22,192,95,241,1,250,113,156,68,146,56,98,39,46,2
26,38,99,72,37,169,34,19,201,111,201,44,210,68,8
6,147,91,200,239,201,125,228,65,178,145,60,69,94
,86,215,64,117,52,153,186,105,41,157,70,27,105,1
9,189,145,222,66,111,163,219,233,118,186,131,190
,74,223,163,251,232,0,253,94,176,9,14,193,45,140
,18,46,18,102,10,151,8,139,132,37,66,171,176,82,
184,81,88,47,172,23,158,16,246,8,111,11,71,132,2
07,132,1,81,47,218,196,36,177,77,92,33,222,47,62
,38,110,23,223,212,252,70,115,165,230,74,205,70,
205,243,154,62,205,155,154,83,154,83,90,170,141,
211,38,104,179,180,151,105,31,215,254,93,167,213
,21,232,170,117,107,117,239,232,190,211,55,147,4
,146,78,226,136,124,206,29,92,44,66,144,68,159,1
60,145,226,42,50,0,32,145,136,48,97,61,220,100,1
3,153,70,172,228,59,148,8,126,178,128,132,171,12
4,97,145,16,69,99,197,8,126,143,169,136,30,128,1
82,146,157,200,39,47,99,149,150,10,234,195,169,1
26,120,201,199,180,95,124,137,94,128,119,73,3,13
7,21,31,19,22,105,94,163,118,108,17,157,232,164,
187,232,78,50,30,219,105,17,157,65,255,32,128,28
,38,143,227,48,46,199,114,220,69,46,39,45,216,66
,6,200,88,114,29,41,36,171,240,14,141,22,166,145
,27,81,196,54,82,145,24,200,69,228,24,22,9,81,18
4,94,156,135,223,253,227,187,85,50,6,31,227,115,
255,67,98,152,120,45,113,195,135,123,80,135,173,
56,64,254,132,159,136,134,125,5,27,4,76,71,35,68
,220,138,77,184,9,106,213,171,199,123,88,69,156,
36,150,136,228,10,237,30,108,39,90,64,87,168,45,
22,87,224,24,126,196,231,154,29,162,83,28,15,176
,35,254,133,226,67,226,65,86,200,50,137,172,158,
101,120,156,223,51,92,136,111,113,24,31,224,57,6
0,206,123,179,48,1,70,164,34,7,165,168,198,76,20
4,195,117,184,5,235,153,135,253,129,221,192,174,
102,139,241,58,145,241,19,201,32,63,145,46,188,1
1,31,102,161,8,175,224,21,220,129,15,200,58,244,
224,194,127,227,22,253,44,240,207,67,31,190,32,4
9,36,133,228,8,30,97,64,115,149,166,83,243,132,1
02,187,230,207,154,221,218,81,88,142,27,241,32,2
22,192,223,113,156,24,137,76,230,226,77,124,129,
31,136,158,140,71,44,50,144,135,82,140,198,4,212
,226,10,90,39,60,135,50,18,135,102,188,141,84,20
,98,124,112,37,45,88,142,213,184,21,127,192,102,
60,135,191,226,24,49,147,89,248,51,246,17,74,108
,36,131,204,197,23,68,143,82,84,97,58,102,163,5,
143,18,3,185,129,244,160,20,243,144,132,116,124,
137,159,72,56,25,77,91,145,1,5,171,113,15,158,65
,31,222,192,199,248,20,199,192,248,188,50,200,56
,82,78,102,144,185,248,1,191,197,60,98,38,5,168,
38,221,0,123,6,99,48,9,229,194,27,56,140,17,196,
140,241,36,153,60,130,99,104,64,63,194,145,136,4
9,154,131,132,34,195,63,137,141,166,11,133,231,7
2,52,24,194,209,133,26,196,227,2,178,4,165,48,16
1,122,232,138,22,69,38,35,223,63,21,25,120,155,8
,162,135,188,197,103,113,63,109,98,183,8,203,252
,87,224,117,252,9,179,160,136,87,233,202,197,165
,226,77,226,207,0,127,174,208,16,18,162,255,197,
243,186,255,1,116,208,14,147,122,29,239,255,130,
175,11,62,190,11,225,60,157,200,71,181,161,33,13
4,127,205,190,254,140,125,131,254,95,183,31,22,1
06,228,15,95,254,41,24,160,31,38,141,6,238,239,2
3,254,245,129,167,56,8,229,60,109,192,166,206,20
,26,242,175,217,15,81,159,59,7,64,157,18,140,191
,244,111,56,99,223,0,232,53,1,175,230,240,208,12
7,205,126,232,25,139,234,148,126,101,223,56,108,
63,156,243,12,1,251,6,75,120,24,160,249,247,236,
135,253,43,246,3,187,101,136,176,132,255,107,246
,195,213,133,7,192,20,166,58,249,165,127,213,169
,106,200,194,67,20,18,176,111,140,138,48,227,76,
102,252,3,48,157,177,104,14,63,143,253,176,208,1
60,253,8,206,11,13,228,87,72,76,148,245,215,185,
118,62,176,192,52,76,90,205,220,223,47,252,135,5
,147,54,138,243,194,2,249,21,26,31,23,249,235,92
,59,31,68,170,11,15,128,58,37,88,127,233,223,20,
76,218,56,30,34,83,32,219,194,19,227,162,255,53,
251,81,103,44,70,71,156,199,62,95,84,208,190,21,
48,7,246,223,36,39,196,224,76,102,255,3,176,33,1
14,152,140,137,228,235,57,23,34,172,193,164,74,2
24,91,96,13,225,163,102,123,98,236,191,109,63,54
,42,16,230,115,32,210,138,128,161,68,238,59,104,
223,146,98,79,248,117,46,159,15,226,97,27,38,213
,41,157,233,13,251,143,10,206,223,206,121,81,129
,108,182,166,167,200,56,147,217,255,0,146,212,19
2,6,64,157,18,226,127,193,143,179,5,106,3,82,248
,22,216,194,249,104,212,200,84,199,175,115,249,1
24,96,87,3,27,128,17,82,32,12,231,64,66,92,208,1
26,42,223,130,216,64,254,218,114,50,156,252,148,
254,167,48,226,204,115,111,151,157,255,226,114,4
6,72,9,129,218,160,62,158,151,128,132,64,54,199,
22,100,165,253,250,92,57,31,184,212,192,6,32,125
,196,121,236,219,147,130,39,93,22,223,130,164,64
,254,198,143,205,203,0,204,255,130,253,116,56,13
4,201,76,23,112,166,23,4,135,234,80,53,148,199,1
21,50,255,118,136,196,178,162,28,158,175,255,20,
178,145,54,76,230,101,6,194,124,14,164,165,4,106
,15,138,160,74,166,68,243,209,228,170,178,209,19
1,206,229,243,65,1,70,14,147,99,115,128,51,189,3
2,140,76,15,158,20,101,156,151,30,203,71,157,211
,46,46,254,117,46,159,15,138,144,59,76,150,22,6,
194,112,14,228,142,12,158,20,23,67,149,28,25,200
,182,244,89,83,43,112,38,179,255,1,140,199,232,9
7,114,194,5,0,10,127,193,31,157,27,168,61,152,10
,85,50,55,144,109,35,231,213,85,225,76,102,255,3
,152,128,11,134,201,73,101,192,153,94,16,46,24,2
9,168,61,168,227,188,209,129,108,203,225,207,36,
160,81,175,12,2,116,24,191,157,18,191,86,231,163
,37,74,4,52,162,95,128,81,39,250,9,98,245,90,141
,159,10,187,136,19,6,226,33,49,136,113,155,79,20
,13,22,77,50,31,47,154,56,88,132,146,162,193,34,
243,169,162,193,162,81,217,118,139,221,146,98,18
3,216,9,68,156,146,133,190,83,138,6,63,67,22,251
,212,95,56,239,2,52,141,154,29,48,67,194,42,37,5
5,85,147,106,188,208,214,36,54,133,106,210,109,9
9,108,19,162,235,162,23,68,107,198,216,10,226,11
1,137,191,95,115,79,136,70,178,164,16,208,8,107,
138,201,172,143,117,109,211,17,157,143,245,245,2
4,66,242,116,62,122,171,18,209,110,39,178,61,219
,78,237,22,171,12,217,156,109,166,102,31,93,215,
35,143,154,22,227,158,100,62,94,175,206,109,162,
185,126,201,9,247,146,137,3,124,146,37,124,142,1
68,95,66,234,35,236,57,182,232,104,107,84,164,78
,171,30,14,59,177,228,230,20,22,211,252,60,167,2
11,229,116,220,69,19,159,109,184,222,215,144,89,
56,127,226,13,115,30,25,124,155,164,238,191,182,
112,194,236,162,162,43,166,21,63,173,217,145,224
,124,209,127,228,175,79,223,208,53,183,42,93,18,
95,60,149,31,110,157,241,242,19,79,60,51,223,26,
174,254,238,124,47,32,222,168,217,1,3,150,42,37,
122,141,168,213,164,232,100,125,182,254,121,253,
1,189,152,165,239,212,83,189,30,130,152,66,9,53,
64,175,43,209,78,214,82,237,84,1,148,208,56,57,3
6,59,132,134,136,6,153,200,200,6,133,186,38,227,
217,107,154,100,174,63,81,95,52,241,120,189,26,1
21,117,73,214,49,89,245,75,138,6,139,4,141,185,1
68,104,84,118,174,197,30,101,231,159,123,133,129
,193,113,116,222,224,31,52,59,78,250,55,159,28,9
2,175,238,66,29,59,162,57,162,121,27,38,196,99,1
63,50,253,94,205,189,250,251,66,239,11,23,245,68
,23,174,55,233,98,92,49,203,13,203,172,186,101,1
50,229,81,55,139,107,245,107,67,111,14,191,201,1
86,54,114,77,212,26,219,154,152,155,227,66,117,8
6,125,164,46,46,202,26,23,25,23,19,21,167,139,20
0,12,51,196,102,234,132,104,215,54,35,129,209,10
8,148,141,130,81,221,31,57,59,81,73,108,72,108,7
8,108,79,236,74,212,202,137,199,18,105,162,217,2
13,5,98,130,196,127,236,243,209,91,123,18,86,190
,20,88,216,146,137,3,124,175,234,249,94,13,148,1
2,140,202,38,245,245,75,80,31,145,87,88,80,80,88
,144,43,195,98,134,93,6,137,180,230,230,20,228,2
31,57,29,201,218,186,178,156,39,47,93,219,67,202
,201,77,254,149,254,231,252,189,254,149,100,212,
167,221,221,7,247,63,251,108,63,125,167,255,190,
102,175,123,172,127,145,255,1,255,31,253,139,201
,29,100,193,143,126,198,216,169,147,63,171,113,1
84,27,16,79,106,118,240,56,44,83,82,180,154,222,
200,222,24,225,66,13,185,84,243,158,134,90,45,41
,97,225,225,136,55,171,123,100,130,62,250,87,249
,23,45,37,102,7,215,167,73,52,155,206,222,174,13
2,115,83,240,116,6,6,55,235,76,22,230,90,236,178
,45,58,58,42,82,171,230,160,35,150,230,230,20,16
8,107,115,57,29,119,147,143,72,248,212,149,79,20
4,185,119,210,101,175,190,176,113,219,85,101,191
,155,144,223,165,217,17,109,223,191,237,22,223,6
6,75,212,224,251,226,139,254,134,145,115,74,171,
23,132,25,65,212,75,143,216,171,217,1,29,150,42,
142,44,67,182,152,173,169,54,52,27,218,13,157,6,
157,150,104,104,138,40,80,29,244,6,155,45,78,92,
165,33,26,31,201,84,140,90,157,76,178,177,74,157
,55,201,84,44,66,120,53,109,166,237,180,147,138,
52,86,63,184,53,176,138,170,41,181,221,84,25,93,
199,115,110,176,232,120,125,81,69,83,249,161,224
,122,212,140,35,245,118,139,61,95,205,56,114,192
,63,81,188,205,63,73,124,241,228,201,159,139,65,
81,195,62,19,27,121,148,19,208,169,100,90,235,18
0,117,198,58,235,140,232,25,49,117,9,247,233,238
,55,156,52,24,154,147,218,147,232,88,33,47,116,1
08,84,94,236,197,66,121,232,197,81,229,177,247,2
7,12,145,62,218,234,213,132,196,249,104,171,18,3
0,162,11,55,169,63,37,219,210,194,195,156,196,71
,210,20,147,9,113,119,36,145,36,179,93,31,155,88
,91,196,167,58,113,96,146,121,201,137,162,137,3,
131,69,159,242,249,5,50,9,245,100,73,125,89,173,
18,182,80,187,208,184,208,58,63,122,126,204,194,
4,109,125,157,221,158,175,213,58,146,97,49,91,11
5,115,108,22,59,137,180,69,159,78,46,177,209,255
,115,105,247,204,103,253,63,251,95,244,174,38,17
7,131,214,172,242,21,141,107,110,188,116,222,45,
127,184,164,142,184,136,158,132,147,216,187,168,
249,84,243,19,191,89,180,249,145,103,31,222,0,13
8,82,246,153,232,18,139,17,137,4,178,169,23,102,
118,82,169,12,25,115,191,225,129,176,123,204,143
,107,30,51,238,52,236,12,243,197,233,245,145,100
,2,189,80,91,105,156,156,244,120,216,51,218,103,
226,254,98,124,37,244,61,227,190,208,147,186,31,
194,194,18,76,9,81,74,124,98,94,148,18,110,201,5
1,69,61,31,181,39,74,136,82,115,207,148,84,194,1
13,184,173,36,202,71,111,83,66,77,225,214,234,24
0,134,112,26,30,99,37,62,214,247,76,108,124,30,2
01,181,66,149,73,148,243,56,78,78,11,96,119,102,
0,199,36,112,172,152,194,77,121,93,234,143,25,10
2,80,204,182,90,125,180,181,71,12,177,198,168,22
5,30,17,162,131,157,100,69,217,39,135,147,240,18
4,172,164,217,73,139,147,54,36,137,73,38,187,94,
9,51,229,233,99,19,23,150,242,128,187,213,136,21
5,159,168,159,56,112,92,61,109,203,102,213,42,14
5,49,74,106,100,73,140,146,100,42,137,81,226,205
,37,49,74,130,165,196,237,118,187,235,74,6,203,1
02,213,246,194,202,250,122,82,35,75,172,234,100,
146,76,1,28,111,230,216,59,44,122,188,126,137,13
8,221,92,1,172,207,107,29,163,78,218,107,83,145,
167,199,96,44,230,221,82,123,137,27,170,252,33,1
83,197,58,166,158,187,15,87,76,73,37,225,170,211
,112,213,125,184,18,110,43,1,55,154,85,52,232,11
8,47,117,187,139,136,37,87,77,218,37,168,119,19,
141,86,235,144,93,206,124,51,114,115,32,216,163,
213,4,136,112,58,29,201,58,173,141,254,68,98,10,
62,223,230,255,242,166,133,36,242,237,1,98,213,1
4,42,194,234,198,241,51,93,194,242,25,179,138,13
8,8,153,154,245,192,195,79,175,223,79,244,196,23
7,255,139,255,185,235,214,77,32,87,172,88,85,86,
214,162,86,152,59,1,178,85,179,131,95,91,151,245
,194,192,250,148,18,139,177,68,49,84,27,104,187,
193,99,232,51,236,53,28,53,104,36,67,131,97,149,
161,203,224,49,104,4,173,14,26,81,48,129,40,216,
139,126,8,168,167,4,90,141,86,39,26,169,206,73,6
8,117,227,12,246,17,121,98,172,190,36,144,242,23
8,224,37,152,159,141,245,75,2,23,1,126,29,32,75,
234,151,186,35,44,118,11,177,216,45,119,146,88,2
55,17,18,43,62,67,68,255,169,159,47,22,157,63,12
7,8,162,190,233,161,189,79,44,134,139,140,235,69
,26,235,83,234,45,198,18,141,86,27,26,165,141,14
,205,19,242,244,121,49,121,142,114,90,161,175,13
6,41,119,132,202,66,86,218,52,67,67,90,123,218,1
34,180,71,180,143,233,30,13,125,90,251,116,168,3
9,109,111,90,127,90,56,210,178,210,170,211,54,16
4,61,159,118,32,77,155,166,196,37,228,149,164,85
,167,181,115,166,70,103,23,117,113,137,209,234,9
,109,212,217,213,12,75,18,117,102,139,197,21,159
,144,224,116,25,9,180,38,179,211,106,81,102,230,
55,88,200,98,11,177,248,104,165,98,138,139,119,3
8,38,40,51,243,23,39,144,134,4,146,224,163,149,2
19,83,156,78,151,122,246,123,1,23,63,33,12,37,42
,86,10,44,198,18,151,50,51,223,165,148,230,187,1
48,162,124,151,50,194,149,231,82,198,94,144,151,
229,218,227,58,224,18,76,46,201,213,238,18,224,1
46,93,217,46,230,18,93,177,169,7,139,130,151,158
,165,238,0,20,77,52,15,152,7,139,78,212,47,113,2
3,13,22,157,88,82,175,34,30,218,34,51,63,212,106
,66,44,214,49,176,88,199,140,202,38,75,221,75,23
4,81,79,220,17,246,168,130,220,156,104,91,1,111,
163,163,44,118,75,158,75,45,33,90,78,58,135,201,
149,68,88,215,55,255,158,236,202,141,179,218,54,
166,38,250,143,36,186,166,140,91,48,210,127,36,1
69,164,160,116,65,166,255,136,232,92,255,167,154
,233,211,107,102,207,42,191,111,176,142,206,126,
104,100,209,132,117,247,248,41,173,124,112,102,7
0,229,141,247,15,158,2,197,58,255,21,226,189,98,
49,204,72,192,3,202,200,209,17,19,34,168,53,79,2
4,19,54,38,34,47,190,92,184,40,236,162,136,242,2
48,31,227,13,51,180,51,78,87,218,19,186,31,227,2
45,4,218,56,94,82,117,106,101,85,162,67,66,204,1
66,112,155,93,31,215,156,68,146,44,105,225,225,3
8,167,217,204,75,107,72,51,218,65,17,155,88,18,5
6,203,151,76,28,40,50,15,22,153,15,169,213,53,11
2,37,27,40,25,40,225,149,31,245,68,173,172,243,1
81,243,207,174,172,168,87,131,82,144,155,163,94,
181,29,201,78,151,90,92,207,212,214,117,68,155,2
51,212,101,189,132,250,79,245,214,222,49,217,127
,132,68,223,62,127,206,234,155,231,94,186,70,116
,254,161,122,158,255,111,254,65,255,9,255,7,149,
211,7,63,23,122,123,182,252,177,231,177,141,27,6
4,144,205,62,19,205,98,49,210,233,139,74,159,214
,162,117,232,93,54,139,205,113,159,245,190,200,1
23,93,119,167,27,116,145,149,145,212,186,51,172,
55,252,47,246,195,142,147,97,39,146,181,105,97,2
11,195,154,194,238,14,185,215,250,88,114,111,168
,174,212,161,140,40,119,94,154,60,207,121,139,24
5,150,200,155,147,111,24,97,40,116,86,104,43,67,
46,14,155,108,170,180,143,79,214,37,143,112,57,1
1,67,243,237,249,201,249,142,252,17,58,173,81,99
,49,216,99,194,92,161,201,201,201,14,221,136,100
,37,163,37,116,121,228,213,81,87,165,181,165,175
,137,186,49,253,129,168,187,211,183,39,111,119,1
32,181,147,59,108,183,198,220,159,254,167,116,79
,134,214,102,143,86,236,142,188,104,37,65,202,14
7,162,201,129,104,18,157,171,183,87,167,220,145,
66,83,148,152,196,188,148,184,12,53,111,109,22,9
9,73,117,6,201,206,32,89,25,36,35,201,158,109,38
,230,92,98,71,48,183,57,182,24,57,86,12,134,176,
60,196,186,151,251,212,61,57,229,118,187,39,14,2
8,95,162,150,223,37,75,221,252,27,198,113,53,147
,7,208,173,85,127,88,84,242,181,132,104,73,52,11
3,38,23,216,43,237,53,164,206,54,143,44,180,157,
32,70,98,163,98,156,61,153,166,70,132,133,210,21
2,184,217,34,17,43,83,67,170,227,72,92,101,132,1
74,100,176,190,100,176,222,98,181,141,25,254,212
,47,137,239,69,50,123,189,39,53,61,207,238,11,22
4,100,31,235,239,73,26,161,246,251,123,164,17,12
9,126,108,28,239,43,241,177,113,121,151,135,145,
130,228,202,228,251,194,238,74,254,175,228,119,1
46,181,246,228,208,48,81,140,83,215,241,116,108,
124,30,114,213,171,85,143,45,179,132,4,203,57,23
9,39,167,228,169,88,73,140,75,200,3,201,38,10,16
9,38,98,3,105,39,199,136,0,98,38,213,164,129,136
,92,50,34,58,143,248,8,81,38,66,36,179,197,99,34
,85,151,16,173,196,198,231,69,231,218,20,91,102,
137,77,49,24,139,109,74,126,97,158,77,113,143,20
4,179,41,41,105,121,54,181,42,153,108,146,109,18
2,109,177,77,180,77,143,83,146,71,228,153,226,72
,117,28,139,163,193,197,47,113,31,175,15,84,131,
67,110,181,123,220,29,172,15,234,21,70,13,70,128
,89,199,203,43,150,44,89,178,164,190,158,95,164,
70,176,87,21,67,136,181,196,148,26,98,45,177,251
,216,87,207,132,141,9,141,12,29,163,146,222,208,
49,201,62,246,69,119,200,24,126,33,34,110,119,29
,150,212,71,164,168,23,155,194,130,252,60,151,21
1,53,194,229,204,207,227,245,67,19,184,248,68,69
,218,162,69,245,229,32,173,35,217,153,77,226,172
,139,230,94,89,152,18,25,117,145,127,235,37,43,6
3,60,252,225,59,169,254,31,44,179,107,23,103,203
,9,78,242,66,93,237,241,163,31,12,146,44,247,212
,233,169,9,89,114,84,164,165,170,120,198,253,29,
187,110,95,55,170,120,188,20,237,72,138,74,152,1
27,113,213,205,191,127,203,3,2,137,125,70,215,10
7,254,136,88,236,86,210,100,200,196,97,76,51,141
,13,191,56,188,206,164,139,141,66,140,16,29,5,15
5,53,34,146,216,172,52,146,196,8,6,157,81,23,26,
163,134,219,4,91,151,205,99,19,26,108,93,182,62,
155,96,243,17,209,27,69,212,114,210,131,40,245,2
06,177,85,9,15,13,49,100,25,179,128,44,50,155,80
,226,35,162,146,26,35,56,109,214,233,81,37,145,2
7,34,183,69,10,13,145,237,145,157,145,123,35,143
,69,106,16,105,142,148,35,179,35,197,200,216,184
,229,93,195,229,184,202,83,56,173,202,51,110,202
,204,218,94,68,178,62,245,139,231,169,192,247,78
,243,241,216,67,136,81,75,207,96,145,42,122,200,
98,29,99,201,53,153,76,38,181,20,145,40,135,37,1
46,199,212,166,6,205,233,114,230,91,28,249,185,2
49,41,22,186,162,47,196,149,224,186,56,102,206,1
81,191,89,49,38,196,112,253,245,36,78,116,246,25
1,107,86,187,19,226,63,76,207,157,82,49,234,110,
178,167,255,237,71,252,107,65,212,119,25,133,247
,68,39,204,100,226,118,235,171,34,33,62,198,148,
81,102,75,158,145,152,45,121,58,162,55,210,31,20
0,73,35,45,12,185,208,120,97,104,45,169,165,11,2
01,66,186,202,170,63,32,238,13,61,42,246,135,138
,198,44,241,97,221,78,218,10,61,140,164,70,49,24
,12,122,45,201,10,125,216,164,70,200,100,54,195,
120,135,184,65,164,162,236,28,153,39,250,136,123
,187,193,152,107,54,5,79,122,21,43,41,234,89,111
,50,155,100,83,182,73,49,173,50,105,77,113,138,1
49,244,89,247,90,169,85,167,207,69,123,104,103,4
0,13,85,79,55,131,115,100,158,46,212,166,246,136
,219,75,200,255,80,59,66,243,16,107,89,126,205,1
12,237,80,175,117,245,238,165,230,227,69,147,204
,75,150,158,168,87,71,142,23,13,184,151,162,164,
200,60,248,253,161,146,34,245,90,248,253,33,178,
36,80,78,122,65,216,94,37,220,16,147,71,76,48,10
2,27,98,242,140,58,189,122,29,84,191,120,241,211
,161,30,234,201,65,150,240,179,129,178,99,138,49
,100,76,136,57,116,76,136,57,140,167,125,29,114,
243,73,65,161,86,167,201,183,71,17,93,65,174,61,
42,153,220,62,39,107,84,181,127,173,176,200,127,
217,29,109,9,164,231,35,242,106,115,150,64,232,2
31,127,241,103,60,168,251,33,240,244,66,128,64,8
4,208,8,2,161,132,32,70,243,85,72,31,78,234,25,2
44,208,51,63,12,48,48,63,140,48,50,63,66,16,194,
6,17,138,80,54,136,48,132,177,65,132,243,214,132
,112,118,10,102,152,216,41,245,105,54,59,5,43,44
,236,20,34,96,101,167,16,137,8,246,51,162,120,27
,141,40,246,51,108,136,102,63,35,6,54,246,19,98,
17,195,126,66,28,111,227,17,203,126,28,186,242,1
98,177,31,145,136,120,246,35,146,144,192,126,132
,132,68,246,35,100,36,177,31,97,135,196,126,68,5
0,100,118,18,14,200,236,7,140,64,50,251,1,41,112
,176,31,224,196,8,246,3,92,188,77,69,10,251,1,10
5,112,178,31,144,14,23,59,1,55,82,217,247,200,22
4,109,38,210,217,247,24,9,55,251,30,89,200,96,22
3,35,27,153,236,123,140,226,109,14,178,216,113,2
28,34,155,29,71,30,70,177,227,200,199,40,246,29,
10,144,195,190,67,33,114,217,119,24,141,60,246,2
9,198,32,159,125,135,177,200,103,223,98,28,10,21
7,183,40,194,104,246,45,46,192,24,246,45,138,49,
134,125,131,18,140,101,223,64,65,17,251,6,165,18
4,128,29,195,120,20,179,99,40,227,109,57,74,216,
49,84,64,97,199,80,137,82,118,12,23,242,118,2,20
2,216,81,92,132,114,246,53,46,70,5,251,26,85,168
,100,95,227,55,188,157,136,11,217,215,152,132,13
9,216,215,152,140,139,217,215,168,70,21,251,26,8
3,80,197,190,194,84,252,134,13,96,26,38,178,1,21
2,96,18,27,192,116,222,206,64,53,27,192,111,49,1
33,13,160,22,83,217,87,168,195,52,246,21,102,242
,246,18,212,176,175,48,11,51,216,151,168,199,111
,217,151,248,29,111,103,163,150,125,137,6,212,17
7,47,208,136,153,236,11,204,193,37,236,11,204,22
9,237,60,212,179,47,208,132,223,177,47,48,31,179
,217,231,184,148,183,11,208,192,62,83,223,232,10
1,159,225,50,204,101,159,225,114,204,99,159,169,
239,250,178,207,112,37,154,216,103,88,132,249,23
6,51,245,221,85,118,68,125,31,150,29,193,18,44,1
00,71,176,20,151,177,79,209,130,203,217,167,104,
197,21,236,83,180,241,246,42,92,201,62,197,50,44
,98,135,177,28,205,236,48,174,198,18,118,24,43,1
20,123,13,150,178,195,184,22,45,236,16,174,67,43
,59,132,149,188,93,133,171,216,65,180,99,25,59,1
36,235,177,156,29,196,106,92,205,14,226,6,222,22
2,136,21,236,32,110,194,53,236,239,184,25,215,17
7,191,227,22,92,199,62,193,26,172,100,159,96,45,
86,177,79,208,129,118,246,9,214,225,122,246,9,11
0,229,237,109,184,129,125,130,219,113,35,235,199
,29,184,137,245,163,19,55,179,126,172,231,237,23
9,113,11,59,128,59,177,134,29,192,93,232,96,7,11
2,55,58,216,223,112,15,214,177,191,225,94,220,20
2,14,224,62,220,198,14,224,126,220,206,14,224,1,
222,62,136,78,118,0,127,192,122,118,0,127,196,23
9,217,126,60,196,219,13,184,147,237,71,23,238,98
,251,241,48,238,97,251,177,17,247,178,191,97,19,
111,31,193,125,108,63,54,227,126,182,31,143,226,
1,182,31,143,225,1,246,49,30,199,31,216,71,248,1
9,254,200,62,198,19,120,136,125,140,45,216,192,6
2,198,86,108,96,31,225,73,116,177,143,240,20,30,
102,31,97,27,54,177,143,224,193,35,236,35,116,24
3,214,139,205,236,67,244,224,81,246,33,182,227,4
9,246,1,158,230,237,51,248,19,251,0,207,226,9,24
6,1,124,216,194,62,64,47,182,178,15,176,3,91,217
,62,236,196,147,108,31,118,225,41,182,15,207,193
,195,222,199,159,121,251,60,186,217,251,232,131,
151,189,143,23,208,195,222,199,139,216,206,222,1
99,75,216,206,222,195,127,225,25,246,30,94,198,1
79,236,61,252,55,124,236,61,252,133,183,175,160,
151,189,139,87,177,131,189,139,215,176,147,189,1
39,215,241,28,123,7,111,240,118,55,254,204,222,1
93,95,241,60,123,7,123,208,199,222,193,94,188,19
2,222,193,155,120,145,189,141,183,240,18,123,27,
111,227,191,216,91,120,7,47,179,183,240,46,111,2
23,195,127,179,183,240,62,254,194,222,194,62,188
,202,222,194,7,120,141,189,133,15,241,26,123,19,
31,225,117,246,38,62,198,27,236,77,236,199,110,1
82,23,127,227,237,1,236,97,234,29,227,94,182,23,
159,224,77,182,23,127,199,91,108,15,14,242,246,1
6,222,102,123,112,24,239,176,61,248,20,239,177,6
1,56,194,219,207,240,62,251,43,62,199,62,246,87,
124,129,15,216,110,124,137,15,217,110,124,133,14
3,216,110,12,224,99,182,27,95,99,63,219,141,163,
248,27,219,141,99,56,192,118,227,27,28,96,111,22
4,91,244,179,55,240,29,62,97,175,227,56,14,178,2
15,241,61,111,79,224,16,123,29,63,224,48,123,29,
39,241,41,123,29,63,226,8,123,13,63,225,51,246,2
6,126,198,231,236,53,156,194,23,236,53,12,226,75
,246,26,252,248,146,189,10,134,175,216,171,255,1
69,233,231,173,233,199,121,77,63,206,107,250,241
,95,213,244,239,120,77,255,238,87,53,253,91,94,2
11,191,229,53,253,91,94,211,191,225,53,253,27,94
,211,191,225,53,253,27,94,211,191,249,85,77,63,1
98,107,250,81,94,211,143,242,154,126,148,215,244
,163,188,166,31,229,53,253,40,175,233,71,121,77,
63,202,107,250,192,127,106,250,255,81,77,63,248,
191,174,233,159,240,154,254,9,175,233,253,188,16
6,247,243,154,222,207,107,250,1,94,211,15,252,16
7,166,255,31,212,244,93,255,31,174,233,187,255,8
3,211,255,31,173,233,39,120,77,63,193,107,250,9,
94,211,79,240,154,126,130,215,244,19,255,169,233
,255,191,171,233,7,255,83,211,255,83,211,255,83,
211,75,67,81,35,108,83,15,154,143,68,72,194,83,1
94,147,40,130,36,60,217,163,77,148,218,75,195,13
2,173,216,38,108,85,255,19,191,176,21,242,208,16
7,75,216,10,1,138,176,181,71,23,150,163,248,132,
173,61,214,72,142,189,209,238,156,94,214,39,108,
245,142,205,229,227,153,119,229,180,239,18,182,9
6,54,114,89,159,176,197,59,93,29,222,210,163,148
,231,112,156,59,46,128,179,70,113,236,213,7,216,
186,200,28,169,52,78,216,130,44,97,11,40,76,65,1
06,178,176,5,119,8,91,176,65,216,130,231,133,45,
208,194,60,100,250,128,176,5,76,216,2,65,120,92,
216,232,173,148,20,159,176,217,171,207,53,149,70
,10,155,65,160,8,155,177,71,216,12,38,108,134,0,
89,216,140,109,194,102,28,13,142,136,172,79,216,
212,99,8,85,221,111,226,90,241,194,38,16,152,132
,77,48,11,155,208,46,108,194,54,97,19,246,8,155,
160,193,98,97,19,54,8,155,192,132,77,16,176,65,2
16,136,109,194,70,80,97,163,240,176,215,44,153,7
5,141,194,67,88,37,60,4,42,60,0,19,81,31,205,246
,9,247,245,152,121,108,238,239,49,69,228,40,165,
102,225,110,84,11,119,131,194,35,76,68,159,48,17
,20,139,133,245,88,37,172,7,101,125,66,149,55,11
5,20,15,97,85,143,49,60,199,92,106,22,214,65,22,
214,161,93,88,55,52,253,46,97,29,8,239,43,194,58
,46,191,174,39,34,90,53,127,131,215,100,225,122,
215,120,179,243,2,68,143,57,38,167,186,52,82,88,
14,34,52,9,139,224,128,36,172,20,22,33,9,146,48,
87,88,196,183,122,142,48,15,97,124,158,74,143,20
1,156,211,94,106,22,74,64,132,18,33,10,105,144,1
32,82,33,26,57,144,132,114,33,14,241,92,172,205,
27,30,240,211,230,77,77,207,41,53,10,101,66,12,2
3,49,9,97,200,131,36,232,5,157,55,71,146,119,10,
10,15,254,154,30,67,136,58,191,53,94,115,84,206,
115,194,77,130,14,145,144,132,118,65,231,181,73,
166,231,4,35,178,4,35,95,73,77,143,33,44,167,179
,52,84,168,65,151,80,3,10,73,88,4,130,13,188,85,
132,69,94,67,72,78,169,69,168,16,18,16,13,73,184
,92,72,68,20,36,161,82,72,226,248,49,225,97,84,6
6,18,254,216,227,76,144,250,118,10,119,114,173,2
23,171,70,21,159,80,28,72,173,226,158,176,240,15
6,190,82,131,80,12,2,143,112,59,250,132,219,185,
243,206,30,231,232,28,148,58,133,84,100,11,169,1
60,144,133,85,200,22,86,241,164,239,64,182,208,1
29,106,161,3,139,133,14,172,18,58,176,65,232,80,
223,228,21,214,34,91,88,11,138,44,97,5,154,133,1
01,232,20,150,97,131,176,130,167,85,148,215,100,
230,145,138,242,142,72,205,233,21,98,133,24,111,
142,100,222,41,196,129,176,62,33,174,199,16,174,
206,44,198,107,141,224,98,49,61,161,225,57,37,20
7,9,45,152,44,180,128,66,17,90,123,108,49,57,139
,119,10,233,124,41,25,61,49,241,170,66,179,215,1
6,154,243,156,96,11,108,13,235,19,162,213,45,121
,78,72,16,146,120,96,18,133,36,111,148,228,41,14
9,132,36,158,200,18,8,125,141,238,85,131,68,223,
166,239,170,219,173,254,47,29,142,95,15,226,221,
65,252,215,0,102,125,116,111,224,164,160,111,169
,184,191,52,129,30,6,193,108,186,31,27,232,97,80
,186,147,190,132,108,72,244,67,234,83,103,65,63,
160,189,40,129,68,247,81,31,230,65,162,189,212,1
35,92,72,116,135,215,254,138,228,163,190,30,251,
43,234,137,249,160,55,44,90,93,44,125,201,235,20
6,10,18,82,74,144,176,197,7,9,107,116,78,105,10,
125,145,190,128,4,72,244,125,250,130,250,198,38,
125,129,246,33,25,18,125,158,246,33,6,18,237,163
,173,120,5,18,125,154,230,99,28,36,186,61,136,25
5,139,238,82,83,156,62,75,159,193,104,72,180,199
,27,174,78,193,227,213,169,104,155,87,171,162,16
7,188,8,244,170,179,164,93,244,41,186,5,113,144,
232,147,94,103,156,228,163,143,247,56,71,72,166,
157,52,31,132,110,166,173,222,68,201,90,106,164,
15,147,90,114,28,18,237,194,62,21,195,74,55,122,
11,85,35,157,222,93,178,212,75,59,105,167,18,83,
168,164,40,153,202,163,66,118,74,118,102,246,163
,130,156,34,103,202,133,242,163,114,169,153,222,
14,13,54,208,117,32,116,29,93,167,254,157,1,186,
22,217,116,45,20,186,22,157,116,173,87,44,244,14
8,14,210,86,168,235,162,104,167,173,232,226,84,3
,109,69,51,167,64,91,97,62,205,61,198,169,18,122
,19,38,211,155,134,242,180,147,174,68,39,93,133,
78,218,142,78,122,61,68,116,210,21,232,164,215,1
60,147,94,139,78,122,29,31,105,69,39,109,67,39,9
3,6,1,205,116,37,154,233,42,52,211,118,52,115,14
1,102,186,2,205,244,26,52,211,107,209,204,53,154
,185,247,54,52,115,141,6,186,18,13,116,21,26,104
,59,26,184,70,3,93,129,6,122,13,26,232,181,104,2
24,26,234,124,27,104,27,26,184,70,53,93,137,106,
186,10,213,180,29,213,92,163,154,174,64,53,189,6
,213,244,90,84,115,141,106,218,138,106,218,134,1
06,174,161,208,149,80,232,42,40,180,29,10,215,80
,232,10,40,244,26,40,244,90,40,92,67,25,138,147,
66,219,160,112,141,108,186,18,217,116,21,178,105
,59,178,185,70,54,93,129,108,122,13,178,233,181,
200,230,26,217,180,21,217,180,13,217,92,67,166,4
3,33,211,85,144,105,59,100,174,33,211,21,144,233
,53,144,233,181,144,185,134,60,180,3,50,109,131,
204,53,204,67,209,53,15,69,215,60,20,93,51,215,4
8,15,69,215,60,20,93,243,80,116,205,92,195,204,2
47,167,13,102,174,209,63,20,171,254,161,88,245,1
5,197,170,159,107,244,15,197,170,127,40,86,253,6
7,177,234,231,26,253,67,177,234,31,138,85,63,93,
214,45,236,45,125,121,40,88,123,135,130,181,119,
40,88,123,185,202,222,161,96,237,29,10,214,222,1
61,96,237,229,42,123,135,130,181,119,40,88,123,1
31,75,111,229,193,160,232,27,10,91,223,80,216,25
0,134,194,214,199,117,251,134,194,214,55,20,182,
190,161,176,245,113,221,62,158,94,109,232,227,18
6,158,161,176,121,134,194,230,25,10,155,135,107,
120,134,194,230,25,10,155,103,40,108,30,174,225,
25,10,155,103,40,108,30,174,209,53,20,182,174,16
1,176,117,13,133,173,139,107,116,13,133,173,107,
40,108,93,67,97,235,226,26,93,60,113,219,208,197
,53,254,253,164,252,183,183,134,94,79,106,245,4,
18,109,39,105,28,175,194,87,28,175,196,62,142,17
5,67,55,199,215,226,81,142,175,193,106,142,87,16
0,144,227,101,112,114,220,6,153,227,86,72,122,22
6,149,10,77,165,209,52,31,147,105,62,102,211,124
,44,166,249,216,64,243,161,126,73,122,158,230,67
,199,169,61,67,220,3,52,31,140,230,43,201,162,73
,55,89,183,65,183,77,247,188,78,179,77,215,175,1
63,38,237,100,237,6,237,54,237,243,90,205,54,109
,191,150,202,165,241,52,140,215,209,252,161,210,
124,7,111,87,13,217,62,74,243,213,139,200,144,22
9,18,78,149,208,60,76,166,121,160,52,159,230,211
,60,154,167,88,6,228,163,233,100,79,58,121,62,15
7,108,75,39,119,164,147,82,3,189,144,136,188,210
,201,40,164,4,18,169,85,66,157,197,210,62,103,17
7,84,232,116,21,75,62,122,251,51,95,217,36,175,1
79,64,242,145,93,1,148,166,184,157,5,210,87,206,
2,169,219,89,32,61,234,44,144,86,59,11,164,66,10
3,129,148,227,44,144,50,157,5,82,138,179,64,146,
248,88,186,228,35,181,74,114,208,228,46,103,177,
228,114,22,75,118,103,177,36,171,46,16,173,190,2
47,109,181,232,149,94,26,70,30,237,121,57,12,6,2
13,143,43,85,242,145,157,94,87,182,228,35,62,175
,107,178,228,35,207,122,93,115,164,82,3,121,6,46
,245,91,17,121,26,50,221,2,137,108,243,74,135,36
,31,121,50,128,182,122,165,157,146,143,60,238,14
9,242,36,31,169,247,186,70,74,62,114,137,215,181
,91,42,13,35,211,33,137,170,106,77,16,79,131,196
,215,60,213,43,205,144,124,100,138,87,74,147,212
,95,76,93,78,85,58,29,46,146,2,137,164,145,90,28
,130,164,210,92,107,68,192,147,195,43,141,147,12
4,36,217,43,141,81,165,245,112,169,27,79,180,200
,228,211,211,64,226,88,232,145,118,74,71,123,73,
173,72,148,16,105,64,186,83,250,74,58,36,125,41,
249,40,241,74,31,200,62,145,120,165,61,41,62,50,
67,49,74,187,50,31,146,118,74,165,146,183,212,16
8,202,67,66,119,16,123,84,252,180,244,104,202,90
,233,193,94,82,75,82,158,145,238,151,70,74,183,1
03,250,244,228,105,233,54,41,77,90,203,93,120,16
5,213,178,143,110,81,34,164,118,41,91,106,205,60
,36,181,72,23,75,141,210,84,169,62,197,71,183,12
0,165,89,210,46,117,154,168,35,181,116,203,51,82
,117,202,90,233,34,201,71,82,188,210,133,41,62,6
2,197,74,233,106,73,145,92,210,24,121,151,26,95,
140,14,216,45,204,220,165,70,0,57,1,239,25,82,15
8,148,158,226,83,115,124,122,161,143,88,148,116,
221,49,93,167,238,18,221,120,221,56,157,67,151,1
72,75,210,37,234,34,245,86,189,89,31,174,15,213,
27,245,122,189,86,47,234,169,30,250,72,245,39,10
6,183,250,78,116,164,150,255,73,46,245,255,150,1
7,136,156,54,83,181,165,129,63,222,69,137,158,22
6,98,120,34,132,42,90,53,109,60,169,242,244,205,
69,213,28,217,115,98,154,195,71,140,83,102,122,5
2,142,241,196,99,173,66,85,205,120,207,104,119,1
49,79,199,166,122,10,221,85,30,93,245,37,181,221
,132,220,94,231,25,237,246,208,53,62,130,154,90,
31,97,234,208,77,241,234,159,245,232,38,184,233,
182,248,94,16,18,123,211,109,117,117,136,137,190
,170,36,166,196,90,108,25,83,89,126,158,166,33,2
16,186,207,64,204,217,100,162,231,158,170,105,18
1,158,39,18,235,60,57,42,193,18,235,170,60,215,1
71,127,244,163,151,154,104,88,69,121,47,13,87,81
,93,109,175,216,76,77,21,83,213,113,177,185,188,
174,174,202,115,136,139,65,166,225,21,229,189,11
2,169,168,174,182,87,63,30,178,42,6,89,63,94,21,
243,145,148,128,156,147,154,84,57,187,138,234,10
6,123,141,97,112,114,57,167,49,140,203,137,68,14
9,235,222,39,87,148,119,203,50,151,73,1,246,113,
153,125,41,56,75,166,151,212,194,89,81,222,237,1
16,114,41,135,76,106,85,41,82,235,144,249,196,21
0,184,33,73,170,40,239,206,148,184,8,9,131,196,1
3,73,132,59,243,100,157,17,73,9,138,228,159,22,2
01,231,190,4,114,70,70,10,200,68,166,14,203,68,1
66,150,215,213,185,255,151,208,52,222,77,122,70,
181,173,124,73,253,59,42,13,142,138,166,6,71,69,
131,103,221,85,11,98,60,237,115,100,185,123,101,
91,240,15,172,56,27,230,204,93,160,226,198,38,79
,155,163,169,220,179,210,81,46,119,143,122,233,6
0,236,151,84,246,40,71,121,55,94,170,168,169,237
,126,73,105,42,247,142,82,70,85,56,26,203,235,12
2,74,138,106,75,207,241,181,246,180,175,218,162,
243,24,43,82,141,213,170,190,74,74,207,195,46,85
,217,37,170,175,82,213,87,169,234,171,68,41,225,
190,42,22,170,121,95,93,219,173,199,248,186,178,
89,1,220,67,67,140,214,178,218,134,120,123,221,2
48,104,115,115,177,154,208,189,227,236,49,43,227
,119,136,32,143,35,196,93,231,9,117,140,247,132,
57,198,115,86,102,105,102,169,202,18,193,89,225,
234,31,203,9,178,98,86,142,179,199,239,32,143,7,
89,102,199,120,143,197,49,30,195,161,133,42,84,2
29,201,159,82,229,177,79,155,89,171,166,138,71,1
05,60,255,158,181,168,192,217,49,168,88,88,94,17
7,176,188,165,165,165,149,127,90,91,90,207,150,6
8,203,121,161,245,124,208,214,214,214,162,54,109
,238,22,160,202,147,62,173,202,83,48,101,102,109
,183,78,87,225,81,26,202,235,80,229,25,57,60,38,
8,124,172,219,96,168,240,177,190,134,242,58,119,
197,194,114,210,170,186,83,41,55,81,95,30,86,140
,208,66,71,187,180,93,58,170,222,42,180,246,196,
37,230,44,126,142,46,195,42,186,76,189,143,163,2
03,188,89,252,246,153,46,235,73,78,81,239,95,90,
123,178,242,3,56,53,157,99,111,156,61,71,125,151
,166,48,46,145,227,148,0,86,44,153,113,137,57,15
7,41,157,153,157,133,93,41,93,153,93,133,90,245,
13,236,71,227,18,115,164,71,213,75,169,55,235,81
,1,173,238,150,225,64,180,186,91,90,235,16,120,1
67,153,245,209,135,189,9,137,220,113,151,74,184,
221,117,238,22,194,227,245,235,96,147,225,160,15
9,14,108,75,208,106,11,55,223,58,188,33,129,241,
150,160,145,150,214,0,219,221,54,172,214,22,84,2
26,204,54,174,20,48,18,232,157,110,206,64,107,15
5,106,74,141,39,128,255,11,64,55,110,239,10,101,
110,100,115,116,114,101,97,109,10,101,110,100,11
1,98,106,10,50,55,32,48,32,111,98,106,10,60,60,4
7,84,121,112,101,32,47,70,111,110,116,68,101,115
,99,114,105,112,116,111,114,10,47,70,111,110,116
,78,97,109,101,32,47,65,65,65,65,65,65,43,65,114
,105,97,108,45,66,111,108,100,77,84,10,47,70,108
,97,103,115,32,52,10,47,65,115,99,101,110,116,32
,57,48,53,46,50,55,51,52,52,10,47,68,101,115,99,
101,110,116,32,50,49,49,46,57,49,52,48,54,10,47,
83,116,101,109,86,32,55,54,46,49,55,49,56,55,53,
10,47,67,97,112,72,101,105,103,104,116,32,55,49,
53,46,56,50,48,51,49,10,47,73,116,97,108,105,99,
65,110,103,108,101,32,48,10,47,70,111,110,116,66
,66,111,120,32,91,45,54,50,55,46,57,50,57,54,57,
32,45,51,55,54,46,52,54,52,56,52,32,50,48,48,48,
32,49,48,53,53,46,54,54,52,48,54,93,10,47,70,111
,110,116,70,105,108,101,50,32,50,54,32,48,32,82,
62,62,10,101,110,100,111,98,106,10,50,56,32,48,3
2,111,98,106,10,60,60,47,84,121,112,101,32,47,70
,111,110,116,10,47,70,111,110,116,68,101,115,99,
114,105,112,116,111,114,32,50,55,32,48,32,82,10,
47,66,97,115,101,70,111,110,116,32,47,65,65,65,6
5,65,65,43,65,114,105,97,108,45,66,111,108,100,7
7,84,10,47,83,117,98,116,121,112,101,32,47,67,73
,68,70,111,110,116,84,121,112,101,50,10,47,67,73
,68,84,111,71,73,68,77,97,112,32,47,73,100,101,1
10,116,105,116,121,10,47,67,73,68,83,121,115,116
,101,109,73,110,102,111,32,60,60,47,82,101,103,1
05,115,116,114,121,32,40,65,100,111,98,101,41,10
,47,79,114,100,101,114,105,110,103,32,40,73,100,
101,110,116,105,116,121,41,10,47,83,117,112,112,
108,101,109,101,110,116,32,48,62,62,10,47,87,32,
91,48,32,91,55,53,48,32,48,32,48,32,50,55,55,46,
56,51,50,48,51,93,32,51,57,32,91,55,50,50,46,49,
54,55,57,55,32,48,32,54,49,48,46,56,51,57,56,52,
93,32,53,48,32,91,55,55,55,46,56,51,50,48,51,32,
54,54,54,46,57,57,50,49,57,93,32,53,53,32,55,49,
32,54,49,48,46,56,51,57,56,52,32,55,50,32,91,53,
53,54,46,49,53,50,51,52,32,48,32,48,32,48,32,50,
55,55,46,56,51,50,48,51,32,48,32,48,32,48,32,56,
56,57,46,49,54,48,49,54,32,48,32,48,32,54,49,48,
46,56,51,57,56,52,32,48,32,48,32,53,53,54,46,49,
53,50,51,52,32,51,51,51,46,48,48,55,56,49,93,93,
10,47,68,87,32,53,48,48,62,62,10,101,110,100,111
,98,106,10,50,57,32,48,32,111,98,106,10,60,60,47
,70,105,108,116,101,114,32,47,70,108,97,116,101,
68,101,99,111,100,101,10,47,76,101,110,103,116,1
04,32,50,57,57,62,62,32,115,116,114,101,97,109,1
0,120,156,93,145,203,138,132,48,16,69,247,249,13
8,90,118,47,154,164,125,244,3,68,104,20,193,197,
60,24,167,63,64,147,210,9,140,49,196,244,194,191
,31,76,57,61,48,11,133,195,173,186,117,83,197,13
9,186,172,141,246,192,223,221,36,27,244,208,107,
163,28,206,211,195,73,132,14,7,109,216,49,2,165,
165,223,40,252,229,216,90,198,139,186,108,150,21
7,227,88,155,126,98,89,6,192,63,112,208,179,119,
11,236,110,106,234,112,207,248,155,83,232,180,25
,96,119,47,154,61,227,205,195,218,111,28,209,120
,16,44,207,65,97,207,120,241,210,218,215,118,68,
224,161,237,80,43,52,94,251,229,112,47,154,191,1
38,207,197,34,68,129,143,148,70,78,10,103,219,74
,116,173,25,144,101,66,8,145,67,86,85,85,149,51,
52,234,159,126,161,174,174,151,95,173,11,213,113
,14,153,16,145,200,87,138,206,129,146,132,232,74
,116,10,20,147,150,146,150,20,129,78,215,64,169,
32,42,137,200,243,76,158,105,73,116,11,121,182,2
01,241,111,142,103,236,56,10,101,49,245,38,21,77
,217,242,92,200,158,70,167,39,10,66,218,57,222,1
24,201,105,125,242,122,154,231,62,229,195,57,52,
62,220,47,236,112,221,158,54,248,60,177,157,236,
218,181,126,63,152,240,151,236,10,101,110,100,11
5,116,114,101,97,109,10,101,110,100,111,98,106,1
0,52,32,48,32,111,98,106,10,60,60,47,84,121,112,
101,32,47,70,111,110,116,10,47,83,117,98,116,121
,112,101,32,47,84,121,112,101,48,10,47,66,97,115
,101,70,111,110,116,32,47,65,65,65,65,65,65,43,6
5,114,105,97,108,45,66,111,108,100,77,84,10,47,6
9,110,99,111,100,105,110,103,32,47,73,100,101,11
0,116,105,116,121,45,72,10,47,68,101,115,99,101,
110,100,97,110,116,70,111,110,116,115,32,91,50,5
6,32,48,32,82,93,10,47,84,111,85,110,105,99,111,
100,101,32,50,57,32,48,32,82,62,62,10,101,110,10
0,111,98,106,10,51,48,32,48,32,111,98,106,10,60,
60,47,76,101,110,103,116,104,49,32,51,49,54,56,4
8,10,47,70,105,108,116,101,114,32,47,70,108,97,1
16,101,68,101,99,111,100,101,10,47,76,101,110,10
3,116,104,32,49,56,50,55,57,62,62,32,115,116,114
,101,97,109,10,120,156,236,188,123,124,84,197,24
9,63,254,158,57,103,207,222,119,207,110,54,187,1
55,236,102,247,108,54,187,129,108,66,32,9,132,64
,36,27,32,160,34,119,136,9,18,73,128,200,85,185,
4,21,20,53,182,34,26,173,82,107,189,181,85,180,1
06,189,212,178,185,128,11,216,66,171,213,106,165
,96,165,180,94,16,84,84,180,162,212,34,42,154,15
6,159,51,103,55,217,120,249,124,250,253,231,247,
125,125,190,175,207,217,236,156,231,204,60,243,2
04,237,61,207,60,243,156,201,130,0,144,9,32,2,21
1,103,151,150,173,124,239,119,67,0,146,4,208,92,
63,113,106,195,140,219,150,127,10,148,54,0,142,2
19,23,93,220,178,90,119,179,174,0,160,94,0,79,45
,186,108,157,242,196,158,35,183,0,6,0,210,37,23,
173,94,114,241,232,135,220,49,192,179,30,48,39,1
50,180,180,173,70,14,66,0,177,176,82,150,172,220
,112,209,125,179,236,0,226,31,2,99,254,186,116,2
41,197,235,255,116,126,240,58,192,182,26,48,26,1
50,182,182,44,254,100,195,194,79,1,210,14,96,212
,210,165,173,45,206,114,99,20,32,243,1,20,44,189
,120,221,250,117,117,150,243,0,97,11,64,214,173,
92,181,168,101,219,146,189,31,1,244,32,171,207,1
97,45,235,87,75,179,237,159,0,196,15,64,185,164,
229,226,214,177,103,230,253,30,208,137,0,61,179,
122,85,219,58,181,8,119,0,164,154,165,175,94,219
,186,250,254,174,227,31,0,225,33,128,165,20,4,2,
12,48,193,1,157,170,194,14,214,55,77,116,59,170,
241,2,244,160,144,17,199,245,128,206,99,41,133,1
4,20,2,248,165,22,50,153,223,113,17,64,63,174,11
1,26,38,200,56,179,237,204,21,50,143,25,116,53,2
41,24,61,189,213,252,231,216,243,11,236,213,159,
26,124,6,158,240,192,219,133,69,236,126,184,235,
163,235,207,108,235,93,34,195,48,19,128,177,95,1
30,32,220,64,182,64,7,131,238,30,93,57,64,124,21
8,93,120,9,23,81,167,65,71,205,146,72,217,37,50,
222,204,34,231,76,157,160,32,14,5,91,117,47,247,
205,36,229,250,113,164,43,14,162,170,42,32,70,11
7,187,89,207,32,27,0,77,229,116,65,224,165,186,3
2,226,17,0,81,40,16,33,65,65,49,202,49,10,99,48,
17,147,112,14,102,96,14,90,208,138,101,184,4,235
,112,57,54,96,43,147,201,249,134,125,139,111,49,
150,224,98,172,77,243,169,111,255,183,159,69,223
,234,189,239,191,70,253,151,159,171,112,21,30,19
6,49,234,166,221,194,231,186,10,246,145,86,166,6
2,15,125,251,163,191,90,127,181,254,43,246,49,36
,50,63,198,53,218,199,100,255,190,143,249,223,23
6,99,45,182,93,108,187,216,254,7,249,79,142,163,
218,39,235,69,215,219,218,39,123,147,231,117,239
,78,246,241,29,242,29,202,91,38,101,52,146,86,25
3,199,237,77,243,63,150,186,239,98,121,197,54,20
4,21,219,112,68,108,67,181,216,134,250,52,159,21
6,134,169,223,200,183,243,63,145,175,123,14,247,
242,252,111,115,28,164,243,238,249,94,254,122,14
1,191,191,220,183,49,252,255,172,69,188,174,231,
102,208,147,196,54,76,73,209,227,197,54,108,38,2
07,225,134,76,126,233,49,108,102,241,153,113,244
,49,108,18,129,26,90,133,130,140,182,72,92,14,15
2,126,130,30,243,24,202,69,35,64,3,248,65,138,38
,48,97,125,138,166,176,97,121,138,22,48,17,209,2
0,45,102,240,232,224,133,45,69,75,176,1,168,197,
90,44,67,11,86,98,42,230,160,30,173,88,139,54,44
,195,42,92,2,5,149,24,134,225,24,129,169,252,121
,21,214,97,3,86,163,21,99,50,242,41,152,133,86,4
4,193,165,88,137,22,172,133,130,33,152,138,101,8
8,132,181,88,133,54,172,194,69,88,135,161,223,22
4,26,200,255,40,20,148,241,82,42,161,96,14,150,1
62,21,202,183,74,84,48,1,171,176,22,171,121,216,
130,117,169,58,14,131,130,90,172,76,213,99,25,15
0,96,41,214,161,45,85,171,54,222,158,203,208,138
,197,156,211,10,19,255,158,141,86,44,196,90,180,
226,114,40,152,206,75,184,4,115,250,203,58,15,45
,216,128,85,184,20,235,160,96,37,86,97,9,111,145
,130,69,88,133,213,216,192,107,175,149,165,244,1
83,96,56,202,161,112,237,163,61,85,162,152,215,1
31,181,114,53,150,66,193,217,104,193,37,92,198,3
4,172,72,241,158,139,85,88,202,123,251,108,92,13
8,197,188,199,180,118,177,190,88,198,219,178,242
,123,235,115,17,239,15,5,227,177,12,11,177,146,1
99,106,163,50,184,141,154,156,85,169,150,42,188,
148,75,177,22,139,120,123,211,163,116,57,31,27,2
2,115,41,46,193,98,222,123,10,214,245,143,201,57
,152,195,123,103,25,207,119,9,239,223,177,60,127
,43,231,104,197,197,88,200,123,123,49,15,149,84,
141,210,188,10,143,111,227,216,88,134,213,253,16
3,56,208,14,150,190,14,45,88,134,149,104,195,48,
64,183,11,57,186,93,200,213,253,10,57,98,20,94,6
4,125,15,80,143,179,123,223,50,245,56,75,103,119
,250,1,128,100,234,11,60,130,39,200,50,60,129,61
,248,3,57,9,47,182,97,39,122,240,39,120,48,17,63
,199,70,220,142,205,144,48,15,127,194,141,152,13
3,89,208,97,34,110,39,57,106,15,74,113,63,4,220,
143,125,240,224,124,92,141,93,112,19,175,250,62,
174,193,38,225,101,108,198,38,88,145,143,90,204,
192,42,252,136,156,167,94,138,249,56,34,254,16,1
49,56,15,151,96,53,105,87,27,212,91,212,219,212,
7,241,16,118,10,127,82,123,97,70,46,22,97,17,246
,169,31,233,254,161,190,142,18,204,199,79,113,55
,142,144,219,140,219,17,199,249,104,199,78,225,2
3,88,139,123,132,38,145,168,75,212,51,95,215,32,
132,203,177,15,34,166,98,31,217,75,99,56,239,235
,249,243,30,241,146,141,194,4,221,63,212,95,170,
9,245,25,8,240,163,9,75,113,15,118,145,145,100,5
0,13,233,230,171,83,213,125,112,163,4,235,209,14
2,187,209,133,29,216,129,36,126,139,87,137,69,11
9,82,125,80,61,137,28,20,227,28,92,131,30,252,13
3,236,21,250,122,175,237,171,97,10,7,94,12,69,21
,206,193,42,252,14,207,225,0,9,147,223,211,85,58
,139,174,76,23,215,93,161,30,132,11,35,48,23,231
,227,87,232,193,187,228,51,122,53,189,154,94,35,
60,43,78,82,199,195,134,77,248,49,235,109,252,17
,111,146,92,82,74,166,147,122,58,148,174,162,247
,10,107,97,64,49,70,96,4,22,99,25,110,196,93,120
,14,111,144,24,217,65,45,116,191,240,75,241,113,
241,75,41,175,239,168,106,131,132,40,126,134,95,
224,247,196,74,188,68,33,109,228,7,228,16,121,15
5,78,160,11,232,207,232,91,194,237,226,163,226,9
5,245,45,240,227,66,92,140,31,225,113,124,70,156
,100,52,153,73,46,32,75,201,70,178,153,252,152,2
20,77,246,145,3,228,56,173,165,115,232,10,250,17
7,176,84,88,35,252,86,28,47,142,23,103,139,109,2
26,15,117,215,235,110,146,142,247,53,244,61,211,
247,82,223,103,106,153,122,61,102,98,35,174,197,
143,241,83,220,139,30,236,196,126,188,130,87,112
,4,111,17,29,49,19,27,177,17,133,132,200,92,114,
37,185,146,92,77,126,68,30,32,143,144,71,73,15,5
7,64,14,144,183,200,251,228,19,242,41,249,146,13
0,130,74,212,71,67,52,159,230,211,48,93,75,47,16
7,183,211,159,211,253,116,63,61,64,63,164,95,8,3
0,33,95,136,9,35,133,106,161,81,88,37,172,17,54,
11,91,132,45,194,118,225,77,49,87,220,47,170,186
,50,93,153,238,14,221,125,186,71,116,143,235,254
,160,59,41,89,244,63,48,192,240,226,87,191,236,4
5,234,125,163,15,125,55,244,221,209,215,213,215,
163,190,137,108,228,32,23,126,4,81,141,153,104,6
5,11,150,99,61,238,192,67,216,134,151,137,133,12
0,73,46,41,34,227,200,121,100,38,89,64,150,147,5
3,100,61,249,1,185,142,220,67,30,226,117,255,13,
121,138,236,35,127,39,31,83,80,43,245,243,58,15,
163,35,233,120,58,157,78,167,23,210,86,186,134,1
10,161,183,209,30,122,136,158,17,244,130,89,176,
11,217,66,145,48,89,104,18,90,133,117,194,6,225,
14,33,33,188,40,28,22,222,18,78,11,95,9,95,9,170
,104,18,131,98,190,24,21,99,226,100,113,129,120,
169,120,175,248,158,248,158,110,190,238,207,186,
119,36,147,116,177,116,189,148,148,254,165,31,16
5,31,167,159,161,159,169,111,210,223,170,223,161
,63,104,104,198,14,60,141,237,120,50,115,61,36,7
1,133,107,133,58,97,59,110,161,229,98,14,253,11,
253,11,74,176,0,139,133,169,180,6,160,143,144,27
,232,85,164,135,22,232,214,75,99,233,88,50,13,39
,197,40,189,157,62,75,239,163,167,233,88,97,42,1
53,66,102,99,57,29,145,90,113,93,34,179,58,170,1
97,167,113,66,124,138,182,210,191,8,219,177,94,1
78,144,171,233,199,146,5,93,132,219,49,228,143,1
94,112,49,38,252,25,175,10,71,136,94,188,31,175,
137,38,226,33,39,232,175,132,25,196,76,126,43,14
2,211,53,32,36,252,28,191,17,214,144,171,176,157
,214,1,166,47,13,55,147,24,153,70,30,195,102,204
,33,101,228,115,65,133,64,167,161,7,149,194,219,
248,33,86,208,127,224,4,46,199,13,184,147,44,22,
151,224,22,148,147,141,120,15,15,211,123,133,161
,186,75,164,34,41,155,60,79,151,137,29,52,139,24
4,128,138,143,50,123,133,20,16,65,231,194,117,16
4,73,184,71,250,152,190,130,75,177,95,52,225,13,
225,215,226,83,116,63,253,141,48,85,60,169,155,6
9,150,226,98,92,133,235,177,70,189,22,27,116,13,
226,95,201,18,8,164,30,17,241,40,110,199,70,161,
76,12,225,118,92,131,181,152,143,82,236,128,23,1
87,144,68,173,48,21,107,225,69,16,231,145,229,10
0,46,238,198,61,184,7,119,161,11,34,214,99,25,92
,56,31,151,224,47,232,145,230,208,36,150,232,108
,164,21,239,1,226,159,251,102,97,158,250,48,238,
86,151,224,18,245,54,148,168,7,177,89,221,136,36
,30,193,59,184,21,143,144,77,125,87,98,53,2,120,
5,111,144,243,116,147,232,126,221,36,181,132,118
,208,87,232,108,122,199,224,241,5,72,132,120,241
,1,62,192,111,0,140,211,237,70,135,248,119,204,7
0,141,122,179,250,55,100,99,8,242,113,55,22,226,
92,28,195,197,248,8,239,224,108,97,47,202,251,16
6,209,78,117,146,176,26,27,116,71,48,83,253,149,
26,36,38,44,85,87,98,58,158,194,67,122,29,90,244
,49,156,16,19,228,175,216,129,43,209,74,103,169,
235,132,214,190,101,184,29,183,98,62,223,27,93,1
38,27,113,163,184,70,252,161,248,5,110,198,143,1
13,7,126,134,173,120,8,143,97,27,159,251,236,98,
123,199,102,179,201,48,120,95,34,64,16,36,73,146
,192,237,178,129,20,61,123,166,41,168,165,190,3,
214,30,32,73,144,36,150,110,96,41,162,36,0,38,72
,176,152,141,223,150,175,215,235,245,76,98,102,1
38,145,61,167,30,13,208,82,51,10,135,94,15,189,1
58,165,155,89,138,200,72,102,232,89,205,38,110,6
0,14,24,170,16,197,1,249,98,134,252,129,134,26,2
55,3,249,162,86,37,187,213,252,109,249,6,131,193
,160,213,114,32,197,140,129,134,154,82,101,244,9
5,140,219,0,131,129,165,91,89,62,157,65,100,89,2
44,144,173,150,111,203,55,26,141,70,77,194,64,13
8,133,73,21,210,101,125,67,62,227,54,194,200,132
,126,67,190,195,106,101,107,222,192,165,131,78,5
5,32,95,55,88,190,238,191,150,111,228,242,89,138
,164,201,55,34,75,182,125,91,190,217,108,54,107,
82,6,82,108,176,244,131,198,202,203,203,184,76,1
28,217,12,179,137,201,151,89,239,73,38,29,99,51,
34,91,150,7,99,141,193,204,98,177,88,52,9,3,41,1
18,38,85,74,151,245,13,249,22,192,108,129,217,20
4,170,35,179,122,233,205,18,203,98,134,215,229,2
8,140,5,6,3,171,149,245,154,117,16,74,28,176,247
,203,151,83,101,244,95,86,192,102,133,205,198,22
8,187,88,138,193,162,103,89,44,240,185,93,26,82,
210,23,131,129,221,110,183,179,226,51,83,92,112,
244,63,58,82,101,100,52,14,118,59,236,118,86,190
,155,229,51,218,12,64,22,108,200,203,113,127,91,
190,44,179,94,147,7,201,207,198,64,67,179,82,223
,254,139,113,203,144,101,150,158,195,242,153,236
,6,150,197,10,197,231,29,140,5,6,3,167,211,233,4
,147,151,145,226,129,171,255,49,251,155,242,29,1
28,195,1,135,147,201,247,177,124,102,217,200,178
,216,17,242,229,252,103,242,189,25,242,221,169,5
0,50,229,59,29,112,102,200,119,164,228,71,130,12
6,109,62,166,47,19,76,166,236,236,236,108,77,194
,64,138,15,158,126,249,57,188,61,25,151,11,200,1
18,33,59,155,201,15,178,124,22,167,137,101,113,1
60,168,64,25,140,53,11,44,22,143,199,227,209,36,
12,164,4,144,219,255,200,188,98,185,153,242,25,1
83,7,30,15,171,78,1,203,103,115,89,128,60,100,99
,88,52,172,33,49,125,89,97,181,230,230,230,230,1
06,18,6,82,66,76,106,74,126,48,85,70,255,197,184
,115,145,155,203,228,71,89,62,187,199,202,178,12
0,80,54,36,58,24,203,54,216,108,126,191,223,175,
73,24,72,41,96,82,109,233,178,180,50,250,47,198,
237,135,223,207,202,31,194,242,57,114,108,64,24,
57,24,85,50,84,67,122,250,98,48,14,4,2,1,214,35,
153,41,133,76,170,61,93,150,86,70,70,231,33,16,6
4,32,143,53,183,36,15,128,211,103,103,89,124,24,
51,162,120,240,92,97,48,86,20,69,97,254,174,204,
148,34,132,251,229,23,166,202,232,191,24,183,2,6
9,97,242,71,176,124,89,121,50,48,20,62,76,168,42
,27,140,229,44,100,101,69,34,145,8,16,25,132,242
,225,24,218,255,88,2,150,57,227,98,220,17,68,34,
172,252,42,150,207,157,159,133,175,183,96,33,76,
169,25,61,24,203,217,200,206,46,42,42,42,98,53,2
06,76,25,197,118,137,169,199,178,84,25,25,141,67
,81,17,138,138,152,226,168,97,249,114,162,217,19
2,72,68,48,123,242,184,193,88,102,48,27,54,108,2
16,48,48,121,25,41,213,40,239,127,172,4,80,145,4
1,159,113,15,195,176,97,108,106,77,102,249,252,6
9,30,96,44,10,49,127,106,221,96,44,51,152,149,15
1,151,151,131,201,203,72,25,143,209,253,143,103,
177,110,200,148,207,184,203,81,81,238,2,48,149,2
29,11,14,203,101,78,155,18,44,158,51,101,48,150,
25,204,70,143,30,61,26,76,94,70,202,217,76,106,2
34,113,2,179,182,50,229,51,238,209,168,28,205,20
,199,28,150,47,84,230,7,38,99,4,226,23,108,90,21
5,182,118,205,234,85,151,92,188,114,197,242,101,
75,151,92,212,186,176,169,225,252,250,185,115,16
6,79,171,141,215,140,59,171,122,236,152,170,209,
149,35,43,202,203,70,12,47,29,86,82,28,43,26,58,
164,48,26,41,8,231,135,148,96,32,207,239,203,205
,241,122,220,217,174,44,167,67,182,219,172,22,17
9,201,104,208,75,58,81,160,4,197,117,225,73,205,
74,34,218,156,16,163,225,179,207,46,97,207,225,2
2,37,17,109,201,136,104,78,40,45,74,98,210,96,15
8,132,210,204,217,148,193,156,241,22,37,113,209,
55,56,227,26,103,188,159,147,200,74,53,170,75,13
8,149,186,176,146,216,55,49,172,36,201,188,153,1
3,97,37,241,163,137,225,70,37,113,130,211,83,57,
189,133,211,214,137,225,198,80,168,164,88,81,234
,188,75,39,42,9,210,172,212,37,38,93,182,180,163
,174,121,98,73,49,233,52,155,38,132,39,180,154,7
4,138,209,105,50,79,8,79,48,151,20,35,225,9,175,
238,36,158,113,132,19,212,83,55,166,147,194,96,4
5,41,174,75,228,134,39,214,37,114,194,19,89,13,1
8,66,164,174,101,113,98,198,204,134,186,137,190,
80,168,177,164,56,65,38,44,10,47,76,32,60,62,97,
143,113,22,76,224,197,36,164,9,9,61,47,70,89,198
,90,131,155,148,206,226,189,29,55,39,101,44,108,
142,89,22,135,23,183,204,111,72,8,45,141,172,12,
71,44,225,9,79,76,120,174,56,230,29,120,44,41,78
,56,39,52,108,206,76,245,9,29,117,222,101,10,123
,236,232,216,172,36,182,206,108,200,76,13,177,17
6,177,209,91,82,92,82,156,160,145,73,205,29,147,
18,241,150,155,207,46,41,158,50,91,153,223,144,1
60,155,26,27,18,100,83,99,73,177,194,90,194,90,1
65,181,175,53,92,199,98,154,151,43,9,99,120,124,
120,105,199,242,230,22,37,145,219,145,192,172,13
,161,174,220,220,248,78,245,40,114,235,148,142,5
7,13,225,80,162,198,23,110,108,153,232,239,116,1
61,99,214,134,238,156,184,146,51,56,165,164,184,
83,118,104,29,219,105,179,167,8,139,53,147,104,2
37,79,227,20,103,103,212,148,89,253,61,75,88,141
,194,231,36,226,205,9,101,145,146,192,172,134,11
2,130,70,70,179,160,117,52,58,22,141,246,133,216
,213,72,74,138,167,36,22,207,108,168,91,150,48,7
8,104,238,144,199,176,120,150,63,161,139,200,97,
165,227,83,36,72,115,248,196,135,131,99,90,82,49
,82,68,254,20,140,100,56,233,135,90,130,180,164,
233,68,44,150,40,42,98,16,209,79,72,72,172,5,227
,248,243,200,146,226,203,146,52,28,94,45,43,73,2
02,186,15,51,26,18,164,165,113,76,169,183,164,56
,20,98,3,124,83,50,142,133,37,197,161,68,251,204
,6,237,89,193,66,95,23,226,165,177,198,4,109,102
,41,123,211,41,217,115,89,74,123,58,165,63,123,1
15,56,84,82,220,195,189,247,217,9,67,180,255,207
,46,187,179,234,150,142,73,16,247,127,145,220,17
0,165,79,153,29,158,50,115,94,131,82,215,209,156
,234,219,41,115,6,61,105,233,163,251,211,82,84,3
4,107,66,131,224,163,41,138,250,4,158,154,112,78
,152,223,207,204,30,26,44,9,49,146,16,35,18,7,24
5,226,164,222,48,179,65,139,33,202,164,132,220,1
24,182,22,54,154,66,161,255,48,83,82,61,201,114,
241,219,64,182,84,53,19,99,98,131,159,199,14,122
,30,84,61,75,135,48,101,78,66,140,210,41,115,230
,117,116,152,6,165,77,153,149,42,240,156,212,173
,69,73,96,78,67,72,153,144,192,220,134,132,16,73
,8,145,164,186,119,52,251,54,250,18,241,57,13,44
,101,78,195,215,32,212,162,82,143,131,24,125,41,
186,177,177,177,145,161,179,164,120,82,120,82,11
5,71,199,164,176,50,169,163,185,163,37,169,182,4
7,12,43,114,184,99,39,253,3,253,67,199,234,186,2
30,52,112,146,234,174,155,124,137,73,55,55,38,22
8,230,165,100,76,73,113,152,165,116,116,44,238,1
32,16,153,211,144,136,251,58,9,39,42,39,220,212,
152,152,30,107,12,39,22,198,194,161,112,67,107,9
9,73,113,231,24,88,66,115,154,39,148,20,119,82,1
40,239,12,147,27,102,118,198,201,13,179,231,53,2
36,148,1,229,134,57,13,93,148,208,9,205,227,27,5
9,11,200,13,51,27,118,42,64,156,199,82,22,203,34
,217,131,194,30,48,133,76,153,213,208,69,13,156,
223,183,51,14,180,243,84,145,71,240,231,69,73,2,
30,103,72,199,17,44,74,82,45,78,214,10,138,242,1
30,226,160,88,148,20,181,148,120,154,91,196,162,
164,65,139,107,215,184,135,164,184,13,88,148,148
,89,202,46,80,2,240,68,237,234,4,157,48,167,33,1
10,170,140,143,137,143,141,143,163,53,212,215,73
,88,84,87,101,124,204,46,2,140,37,232,30,71,106,
136,175,179,157,78,152,197,163,147,164,189,115,1
08,220,183,147,75,154,149,226,108,199,88,194,226
,218,251,227,146,20,140,45,67,80,99,163,214,208,
27,230,14,180,96,238,188,134,238,113,168,33,62,3
0,54,54,54,142,103,23,211,180,19,230,52,100,206,
33,174,152,24,206,207,143,53,88,104,199,148,217,
9,49,202,18,77,163,125,166,140,100,133,101,76,14
4,112,98,65,120,125,136,181,46,81,31,222,16,74,2
08,9,225,132,162,204,111,8,133,66,157,152,236,11
1,236,232,80,58,148,142,112,82,198,162,250,6,45,
100,73,164,216,223,232,11,53,38,218,23,166,121,1
25,254,198,112,198,163,197,223,216,193,113,213,2
37,103,58,164,191,180,43,211,165,173,13,111,224,
68,71,186,184,196,162,239,44,45,33,70,19,228,2,2
2,242,63,94,253,206,81,8,107,229,139,209,84,161,
29,243,59,230,133,67,225,80,34,143,21,156,170,71
,56,148,176,249,27,185,132,150,164,122,23,175,9,
225,139,211,162,132,210,124,17,155,75,10,83,114,
11,75,138,195,231,118,210,105,49,126,39,252,222,
113,110,184,110,113,130,70,216,183,101,113,98,22
8,132,89,13,33,101,113,35,227,10,179,73,195,128,
255,189,76,36,131,137,45,36,92,120,135,60,54,253
,68,82,79,218,244,237,72,44,25,252,184,180,255,1
13,18,251,54,39,196,200,48,77,77,36,196,40,159,1
78,161,196,114,95,98,101,99,172,159,165,133,181,
185,67,145,195,99,216,4,31,195,51,79,102,223,230
,132,46,50,57,209,190,168,37,65,35,9,41,114,206,
162,112,66,23,57,55,209,190,72,105,88,168,245,32
,91,168,59,152,229,180,168,165,164,152,247,114,1
70,164,196,37,177,65,34,195,74,130,204,105,8,37,
104,132,53,39,209,62,67,105,110,84,154,155,149,4
,153,217,16,10,249,148,132,110,102,67,72,185,168
,37,17,15,183,48,189,49,67,107,207,140,121,13,17
2,213,45,29,179,27,66,9,176,97,243,37,244,115,26
,148,139,90,90,195,76,185,38,24,222,181,222,103,
117,20,191,174,29,102,55,36,224,235,232,8,119,36
,72,99,66,140,76,82,46,106,81,18,186,104,66,138,
158,195,110,186,104,98,117,44,220,210,202,44,187
,139,152,97,215,170,153,28,74,135,214,59,76,154,
175,46,28,106,108,105,77,208,8,239,75,49,170,36,
41,22,178,96,81,7,179,27,155,154,99,9,93,196,209
,225,236,80,170,58,26,118,161,73,102,71,5,22,213
,55,199,194,33,69,86,38,41,124,168,91,124,225,16
,235,132,115,216,83,227,216,146,98,141,209,24,97
,140,9,93,132,255,69,19,23,199,58,155,244,145,12
9,24,254,183,42,166,49,27,184,84,110,68,36,102,1
64,89,244,252,79,23,73,172,137,37,168,103,116,2,
179,88,227,201,172,121,124,93,144,34,231,176,206
,211,69,206,105,86,18,241,89,13,33,31,203,173,36
,232,156,212,178,161,229,63,135,101,245,165,7,76
,203,70,61,92,255,243,5,32,84,82,220,25,33,55,20
4,200,212,132,243,19,206,41,179,46,240,37,72,99,
73,231,156,77,181,102,161,152,125,104,62,242,16,
20,98,66,17,170,17,20,138,186,164,188,96,82,24,2
10,29,245,6,15,60,37,12,197,81,97,40,168,48,180,
43,150,23,220,41,20,10,121,93,99,131,241,164,16,
238,118,102,151,217,107,75,4,5,4,165,60,84,4,5,1
71,4,5,219,4,5,123,4,118,168,98,129,16,0,129,44,
4,112,141,16,64,187,16,192,54,33,128,61,66,0,7,1
32,0,243,2,9,1,158,170,8,1,172,18,2,184,79,8,224
,40,75,17,242,4,127,151,18,148,107,11,133,28,92,
35,228,128,194,46,120,240,177,224,129,42,120,32,
32,40,120,80,42,120,48,93,240,96,129,224,193,173
,130,7,247,9,30,72,156,143,197,172,250,154,247,2
6,193,131,61,130,7,39,121,74,92,240,116,221,86,3
0,79,10,158,174,155,248,173,123,249,202,50,254,2
16,162,61,206,111,226,143,221,231,55,106,247,169
,51,181,251,196,115,52,182,49,26,219,136,10,45,1
22,216,120,237,94,88,172,221,157,145,178,118,118
,55,89,203,246,214,186,5,55,14,8,110,80,172,22,2
20,32,244,25,216,9,65,16,91,133,108,36,132,108,8
0,65,74,197,196,5,103,119,65,180,236,190,61,130,
8,34,80,129,96,49,130,234,94,129,116,89,29,101,1
81,38,170,210,143,225,68,144,126,68,79,104,41,24
4,68,183,205,81,118,95,237,185,244,45,108,163,11
1,97,15,125,11,2,125,139,190,69,223,164,111,226,
26,122,148,245,57,61,138,26,122,20,247,125,125,2
23,67,143,98,63,61,138,143,233,81,72,244,40,61,7
4,143,208,35,244,13,250,6,236,244,48,74,233,97,2
12,208,195,88,64,15,227,190,175,233,61,244,48,62
,166,135,161,167,135,233,97,200,244,117,102,228,
241,144,209,53,244,117,80,250,58,125,29,50,125,1
3,132,190,70,95,131,157,190,10,66,95,165,175,170
,123,233,203,93,149,85,101,59,57,17,43,77,17,193
,72,138,240,248,82,132,211,93,150,164,127,237,25
0,98,104,112,167,16,21,252,12,81,187,133,124,140
,67,185,144,223,21,25,17,76,10,222,174,234,101,1
93,36,125,187,91,137,5,183,214,14,167,7,145,160,
7,153,223,156,30,132,76,15,66,161,7,49,131,30,68
,51,61,136,213,244,32,36,52,211,67,88,77,15,161,
157,30,194,22,122,8,91,233,33,36,232,33,238,110,
63,4,249,235,24,133,190,0,133,190,8,229,235,148,
225,244,16,226,244,16,102,208,67,48,208,3,93,74,
44,152,164,251,187,162,227,131,181,110,250,23,25
0,28,60,8,210,125,244,79,252,254,34,125,150,223,
255,76,255,200,239,207,211,63,34,128,32,125,129,
62,219,21,8,162,214,76,159,5,232,115,144,233,179
,144,233,115,40,165,127,132,142,254,190,187,192,
25,84,107,29,116,15,8,130,116,15,74,233,30,212,2
08,61,152,78,247,96,1,221,131,91,233,30,72,116,1
5,205,239,90,28,116,214,154,233,110,188,96,0,130
,180,11,239,243,251,195,120,192,128,248,242,96,6
0,58,225,156,178,184,194,130,232,152,179,202,226
,202,152,179,202,238,83,238,139,210,120,244,142,
187,203,226,10,11,162,183,220,86,22,87,88,16,189
,238,230,178,184,194,130,232,21,215,150,197,21,2
2,68,87,94,86,22,87,88,16,93,188,188,44,174,176,
32,58,111,65,89,92,97,65,116,250,156,178,184,50,
125,78,89,146,222,251,100,65,97,176,114,250,10,1
62,212,218,233,229,24,78,47,71,156,94,142,25,244
,114,136,244,114,246,193,23,34,171,219,207,186,1
38,138,130,73,122,79,60,54,180,40,216,190,139,18
0,63,69,218,103,145,246,7,72,123,43,105,191,154,
180,95,75,218,171,73,251,133,164,61,70,218,253,1
64,61,64,218,227,164,125,55,25,253,53,152,218,73
,188,103,208,99,85,220,75,218,95,32,237,79,144,2
46,54,210,30,37,237,17,210,94,64,218,21,82,25,79
,210,80,215,57,229,252,86,199,111,221,181,108,21
0,209,80,247,89,227,202,236,181,118,26,66,13,13,
225,26,26,130,128,61,52,132,253,95,63,169,252,41
,78,67,221,74,190,198,156,19,96,247,252,238,162,
26,237,121,216,152,178,85,181,231,210,167,113,13
,125,26,183,210,167,113,132,62,13,17,165,244,105
,52,211,167,177,159,62,13,1,118,250,52,106,190,7
8,91,64,159,198,94,250,52,62,254,154,95,165,79,6
7,194,17,154,15,130,91,121,104,167,249,40,165,24
9,168,161,249,88,64,243,113,13,205,199,199,52,31
,18,175,206,199,52,4,138,85,169,42,110,227,21,99
,149,46,77,85,124,58,13,65,164,79,211,167,249,91
,224,16,13,197,243,100,191,28,147,207,22,110,245
,19,123,128,76,15,168,1,90,9,55,115,184,56,29,6,
71,146,88,119,124,102,253,252,51,43,140,181,70,1
22,11,189,149,169,110,186,37,117,191,181,235,139
,188,96,146,220,213,21,221,29,172,205,38,119,34,
32,18,4,73,21,162,36,130,32,25,141,54,254,60,18,
126,3,187,87,192,79,31,71,144,148,117,249,235,13
1,73,98,239,138,22,7,119,17,27,203,181,35,248,13
3,255,88,240,125,127,146,146,29,193,227,254,221,
193,191,43,73,145,116,5,255,230,79,210,199,119,4
,15,250,111,12,62,95,154,52,144,174,224,83,209,3
6,33,93,193,93,10,103,221,233,31,29,124,226,5,20
6,122,109,52,73,238,233,10,94,205,110,59,130,87,
249,39,7,87,248,121,66,171,150,112,97,91,82,36,1
13,123,112,86,116,94,240,108,255,141,193,137,254
,133,193,120,91,210,64,118,4,107,252,23,6,171,53
,174,145,44,207,142,224,112,255,238,96,76,35,139
,252,245,193,161,126,94,104,56,144,20,73,79,112,
228,220,185,149,73,178,52,94,172,191,67,223,160,
159,174,31,165,47,211,23,235,67,250,160,62,79,23
9,211,187,12,78,131,108,176,25,44,6,147,193,96,1
44,12,162,129,26,96,112,37,213,163,241,24,59,192
,232,146,248,57,70,73,100,161,200,105,153,178,14
4,106,39,30,41,49,80,156,139,68,150,48,133,78,15
3,61,158,76,73,236,93,132,41,11,149,196,233,217,
225,36,49,205,156,151,208,133,199,147,132,115,10
,166,204,25,159,24,29,155,146,212,171,179,18,149
,177,41,9,253,140,11,26,58,9,185,165,49,49,58,15
0,160,55,36,9,230,52,36,137,202,162,54,249,152,1
39,101,39,8,113,108,250,145,143,221,135,108,250,
81,99,35,188,238,203,106,188,53,206,113,142,170,
73,19,191,35,104,78,133,177,129,203,59,136,206,2
7,159,184,99,202,236,134,174,145,143,61,150,55,1
90,49,81,198,105,85,205,27,223,56,37,241,19,230,
138,217,73,62,33,39,235,38,238,36,255,98,183,198
,134,157,194,56,242,73,221,44,22,47,140,155,216,
216,56,37,73,234,57,31,20,242,175,186,137,59,17,
101,183,198,134,157,134,0,20,198,7,197,16,208,24
8,238,209,248,34,228,19,198,87,192,110,141,13,59
,141,70,68,56,95,196,104,228,124,34,97,124,157,1
09,5,117,19,59,11,10,56,143,71,65,27,231,105,243
,40,153,60,47,68,234,38,118,70,34,156,199,221,14
2,23,56,207,11,238,118,198,147,24,199,89,252,254
,186,137,157,1,63,103,33,185,240,115,22,63,201,2
29,44,245,3,44,165,41,150,27,251,89,110,228,37,9
,100,128,199,175,241,88,143,166,121,172,71,39,54
,54,198,254,211,171,117,124,44,70,186,199,54,46,
154,207,220,88,205,225,186,214,230,112,93,115,22
6,166,203,150,122,153,69,174,116,46,106,76,249,1
83,162,205,11,23,45,101,247,150,214,68,99,184,11
7,98,98,81,120,162,210,57,118,254,119,36,207,103
,201,99,195,19,59,49,191,110,78,67,231,252,120,2
35,196,174,177,241,177,117,225,150,137,141,221,1
47,103,84,84,14,42,235,198,254,178,42,102,124,13
5,176,25,76,88,5,43,107,114,229,119,36,87,178,22
8,201,172,172,74,86,86,37,43,107,114,124,50,47,1
1,28,234,51,26,58,13,24,223,56,97,190,118,239,16
6,102,147,115,66,67,179,47,212,56,222,45,175,30,
199,49,60,54,228,189,218,183,75,4,121,4,230,88,9
9,194,18,30,159,176,134,199,243,164,146,218,146,
90,150,196,222,113,198,26,19,54,230,171,76,37,12
1,175,30,27,242,237,34,143,164,146,228,240,248,1
32,35,60,30,177,117,151,182,93,10,111,221,178,13
7,218,95,91,91,91,219,186,75,219,214,93,202,58,9
2,11,99,109,223,119,197,98,177,186,68,188,101,98
,219,58,96,74,162,104,246,148,68,205,204,121,13,
157,122,125,93,34,222,204,154,148,24,147,142,51,
155,235,146,234,94,45,114,216,236,41,137,49,44,8
2,16,250,25,89,92,53,139,51,26,83,140,223,30,255
,75,83,247,9,108,22,180,211,221,221,36,30,32,235
,208,214,40,36,2,83,230,208,132,115,202,156,148,
83,104,23,238,227,107,69,91,35,98,235,218,72,140
,180,165,101,164,170,29,139,65,123,6,107,115,250
,187,238,210,20,149,234,139,117,169,187,150,51,1
34,88,91,186,75,250,47,214,89,177,254,30,91,199,
197,242,238,140,205,111,168,181,9,163,132,82,212
,34,40,12,23,74,81,130,160,80,34,148,162,12,65,1
61,76,40,141,59,163,65,129,86,6,141,134,202,160,
217,52,49,168,151,38,6,211,82,27,99,208,78,28,16
,118,233,4,129,80,66,224,213,125,104,222,139,207
,13,42,123,87,170,246,177,55,142,106,47,123,47,2
00,207,176,153,213,94,246,14,79,237,101,111,218,
212,94,216,120,104,135,77,237,133,12,187,218,203
,222,4,171,95,193,9,135,250,21,178,224,84,191,13
0,11,89,234,87,200,70,150,250,37,220,112,169,95,
194,131,108,245,75,120,145,173,158,65,14,60,234,
151,200,69,142,122,6,62,228,170,103,224,231,97,3
0,124,234,25,4,224,87,191,64,144,135,10,242,212,
47,16,66,80,253,2,249,80,212,47,16,134,162,126,1
42,2,132,212,207,17,65,190,250,57,162,200,87,63,
67,33,194,234,103,24,130,2,245,51,12,69,84,253,1
2,69,60,140,161,80,61,141,98,12,81,79,163,132,13
5,195,80,164,158,70,41,98,234,105,12,71,137,122,
26,35,80,162,126,138,50,12,83,63,69,57,74,213,79
,81,129,225,234,41,140,228,225,40,140,80,79,161,
18,229,234,41,140,70,133,250,111,84,241,112,12,7
0,170,255,198,88,30,86,99,148,250,111,156,133,74
,245,223,24,135,209,234,191,81,131,42,245,19,196
,49,70,253,4,181,24,171,126,130,241,168,86,63,19
3,4,84,171,255,194,68,156,165,254,11,117,24,167,
254,11,147,80,163,158,196,100,196,213,147,56,27,
181,234,73,156,131,241,234,73,156,203,195,41,152
,160,158,196,121,152,168,158,196,84,76,82,63,198
,52,30,78,199,100,245,99,204,192,217,234,199,152
,137,115,212,143,48,139,135,179,113,174,250,17,2
30,96,138,122,2,115,49,85,61,129,122,30,158,143,
105,234,9,52,96,186,250,33,26,49,67,253,16,243,4
8,67,61,129,11,48,83,253,16,243,49,91,253,16,77,
152,163,126,136,11,121,184,0,115,213,127,162,25,
245,234,63,209,130,243,213,127,98,33,206,87,63,1
92,34,52,170,31,96,49,230,169,31,160,21,23,168,3
1,224,34,204,87,223,199,18,30,46,69,147,250,62,1
50,225,66,245,56,150,163,89,125,31,43,120,184,18
,45,234,251,236,140,168,122,156,157,131,85,143,1
79,147,176,234,113,172,198,98,245,61,172,65,171,
250,30,214,98,137,250,30,218,120,184,14,75,213,1
19,113,41,150,169,239,226,50,44,87,223,197,229,8
8,174,190,131,245,88,161,190,131,13,184,88,125,7
,87,224,18,245,29,92,201,195,141,88,165,190,131,
171,176,90,125,7,87,99,141,122,12,215,240,176,29
,109,234,49,92,139,117,234,49,252,0,151,170,236,
108,214,101,234,219,184,142,135,155,112,185,250,
22,174,199,122,245,45,108,198,6,245,45,220,128,4
3,212,183,112,35,174,84,223,68,7,54,170,111,226,
38,92,165,190,133,155,113,149,250,38,126,132,171
,213,55,113,11,174,81,223,196,173,184,86,125,19,
91,112,173,122,20,63,198,15,212,163,184,13,63,84
,143,226,39,184,78,61,130,219,121,248,83,108,82,
143,224,14,108,86,143,224,78,220,160,30,197,93,1
84,65,61,130,187,113,163,122,4,247,160,67,125,3,
63,195,77,234,27,248,57,110,86,223,192,47,120,12
0,47,110,81,223,192,125,184,85,125,3,91,177,69,1
25,3,247,99,139,122,24,15,224,199,234,97,252,18,
183,169,135,241,32,126,162,30,198,67,184,93,125,
29,15,227,167,234,107,248,21,238,80,95,195,35,18
4,83,125,13,143,242,240,49,220,165,190,134,199,1
13,183,250,26,126,141,159,169,175,225,9,30,254,6
,63,87,95,195,54,252,66,125,13,9,220,171,190,134
,78,220,171,190,138,46,220,167,190,138,110,108,8
5,95,69,15,30,80,95,193,118,252,82,253,7,118,240
,240,73,60,168,254,3,73,60,164,254,3,59,241,176,
250,15,236,226,225,110,60,162,254,3,79,225,81,24
5,239,248,45,30,83,255,142,223,241,112,15,30,87,
255,142,189,248,181,250,119,252,30,79,168,127,19
9,31,240,27,245,239,120,26,219,212,67,120,6,9,24
5,16,254,136,78,245,111,120,150,135,207,161,75,2
53,27,254,132,110,245,32,158,71,143,122,16,47,96
,187,122,16,127,198,14,245,32,94,196,147,234,65,
236,67,82,61,136,191,96,167,122,16,251,121,120,0
,187,212,131,120,9,79,169,7,241,87,252,86,125,25
,47,227,183,234,95,113,16,191,83,255,138,191,97,
143,250,87,28,194,94,245,37,252,157,135,255,192,
31,212,151,240,10,158,86,95,194,171,120,70,125,9
,175,241,240,117,252,81,125,9,135,241,172,250,18
,222,192,115,234,1,28,225,225,81,60,175,238,199,
155,120,65,221,143,183,240,103,117,63,222,230,22
5,49,188,168,238,199,59,216,167,238,199,187,248,
139,186,31,239,225,128,250,23,28,231,225,251,120
,73,253,11,62,192,95,213,125,248,39,94,86,247,22
5,67,30,158,192,65,117,31,62,194,33,245,69,124,1
40,191,171,47,226,36,15,255,133,127,168,47,226,1
9,188,162,190,136,127,227,85,245,69,156,226,225,
167,120,93,253,51,78,227,176,250,103,124,134,55,
212,63,227,115,188,161,190,128,47,112,68,125,1,1
03,112,84,125,1,95,226,77,245,5,124,197,195,94,1
88,173,62,143,62,28,83,159,135,138,119,212,231,2
55,87,167,255,255,160,211,255,245,63,92,167,255,
243,63,214,233,239,127,143,78,127,255,91,58,253,
248,247,232,244,247,190,165,211,223,253,15,116,2
50,177,126,157,190,118,144,78,127,251,123,116,25
0,219,92,167,191,253,45,157,254,22,215,233,111,1
01,232,244,183,184,78,127,139,235,244,183,50,116
,250,155,223,210,233,71,185,78,63,202,117,250,20
9,255,129,58,253,149,255,75,58,253,224,255,234,2
44,255,213,233,255,227,116,250,255,116,59,253,12
7,174,78,255,62,59,253,127,117,250,255,234,244,2
39,214,233,127,250,127,64,167,179,131,42,236,31,
5,152,111,70,143,241,61,148,28,147,244,73,122,11
9,60,11,58,241,152,0,147,94,60,70,144,99,144,116
,199,168,240,20,29,1,35,185,155,12,131,55,38,159
,174,238,173,158,38,159,170,158,218,91,141,154,2
34,222,106,249,171,234,222,234,17,195,67,142,144
,35,18,114,132,8,68,124,165,8,123,191,138,235,24
0,37,20,113,47,243,132,63,214,247,6,249,33,246,1
93,132,197,137,77,177,134,237,38,1,250,199,165,3
6,153,17,143,18,161,154,82,98,34,213,48,81,129,8
,213,144,70,235,199,76,199,2,172,194,53,216,10,2
9,182,154,239,191,203,27,147,79,53,157,58,38,159
,168,150,171,81,195,66,249,132,220,123,130,56,15
6,85,35,134,251,182,235,37,194,78,225,120,107,11
4,247,149,238,27,62,162,177,124,100,121,182,75,2
10,23,142,26,85,185,99,223,140,243,203,170,70,9,
251,246,173,185,41,58,53,167,229,2,16,236,2,200,
102,236,131,128,74,86,155,184,151,178,194,171,18
1,34,183,65,220,10,130,173,34,47,245,116,83,211,
9,212,156,24,49,220,215,221,95,68,170,128,93,251
,246,237,227,94,126,245,61,90,165,123,25,130,214
,182,157,16,212,55,186,92,85,52,169,190,17,87,92
,85,119,10,132,10,247,9,219,4,42,92,6,226,2,8,10
1,191,173,96,18,142,131,30,39,73,242,232,118,64,
236,190,194,27,147,171,229,83,39,228,19,168,169,
174,169,222,172,27,22,107,186,74,126,102,196,112
,210,20,139,249,186,97,100,78,179,154,154,225,35
,26,179,73,57,33,143,110,233,107,200,209,125,120
,198,5,138,185,234,123,162,67,183,23,50,242,72,3
1,171,65,39,213,14,29,229,6,68,157,43,96,181,122
,140,73,245,120,143,221,78,231,50,34,158,99,181,
210,185,70,7,44,44,6,110,139,133,206,133,133,197
,161,52,22,139,237,43,141,197,246,161,230,4,111,
115,167,244,109,73,167,122,236,118,137,73,122,18
3,199,106,229,196,71,241,28,179,89,98,34,101,22,
3,217,98,97,33,139,235,23,57,32,51,62,77,148,54,
211,27,204,55,216,159,183,233,140,122,179,151,21
4,101,157,151,125,110,206,4,223,156,172,249,217,
243,115,102,249,86,232,87,152,23,101,173,204,94,
145,211,236,219,64,47,151,46,51,95,97,223,44,221
,165,191,67,126,222,251,42,61,36,29,50,191,102,2
07,237,175,82,173,172,158,98,86,8,137,163,30,30,
245,19,102,151,164,232,207,153,93,66,226,113,71,
189,167,205,24,15,133,43,134,27,9,140,178,145,26
,107,77,234,169,126,70,163,122,92,99,124,178,222
,184,37,232,176,88,44,73,18,239,169,119,216,204,
102,141,48,88,173,73,18,239,174,119,180,33,169,2
38,141,91,66,225,10,246,179,17,20,105,86,24,82,1
72,208,88,119,212,99,75,224,185,155,24,126,98,17
7,88,83,236,68,44,198,201,166,53,156,76,117,5,10
5,90,131,166,4,157,144,136,207,104,232,145,148,2
8,217,159,84,79,118,81,197,252,187,175,215,6,247
,215,235,134,83,61,10,187,122,20,236,172,245,104
,50,122,52,59,161,225,235,180,186,146,66,105,207
,74,171,85,204,77,10,165,93,43,69,29,188,53,177,
154,216,240,17,141,89,178,115,84,121,153,219,237
,204,150,169,20,206,47,140,102,201,238,242,178,8
1,14,57,26,206,215,75,115,87,188,188,245,178,174
,117,227,151,191,124,255,193,13,63,222,249,232,1
98,141,143,62,122,245,198,115,155,232,203,68,36,
103,253,122,65,119,159,250,106,95,95,223,211,79,
220,245,36,249,69,223,157,31,159,36,75,201,242,1
43,150,93,15,130,35,0,253,82,183,23,38,98,99,8,2
35,54,245,183,60,77,152,210,189,133,52,97,210,25
0,162,191,83,226,161,122,33,110,117,84,172,16,17
5,161,183,210,187,13,226,175,69,98,132,164,163,1
30,81,71,44,148,188,96,226,189,107,98,227,4,194,
14,133,36,213,163,61,178,76,231,34,169,126,16,11
9,112,184,250,57,92,109,28,174,73,245,100,60,135
,129,49,141,56,142,190,92,139,46,110,181,87,232,
152,44,27,147,165,35,138,46,174,163,186,28,243,4
6,82,77,54,193,27,155,38,31,107,90,163,141,8,191
,154,214,196,52,109,86,227,169,34,142,42,54,50,1
04,138,17,45,209,23,183,80,98,148,226,58,157,145
,88,140,172,175,107,156,85,165,185,251,28,206,17
0,225,35,26,67,97,135,36,233,71,142,26,85,89,78,
191,236,169,125,121,206,157,111,149,174,19,175,2
8,183,49,248,155,201,47,44,0,65,53,251,71,54,221
,94,4,104,33,159,155,218,140,50,58,100,171,55,43
,75,154,107,101,19,202,225,224,196,71,113,163,44
,75,115,173,1,151,46,192,38,170,135,49,4,2,44,53
,224,183,201,210,220,128,133,181,48,144,164,187,
227,22,106,242,120,148,160,236,160,84,9,58,156,8
5,165,7,89,133,74,247,161,148,1,44,86,195,194,10
3,202,216,20,166,253,5,90,156,78,202,11,140,27,2
37,14,154,46,231,104,220,236,204,162,115,3,46,22
,199,100,119,81,147,135,41,12,179,153,206,245,36
,213,15,227,188,183,191,171,52,54,171,89,121,172
,52,94,88,124,242,88,221,88,105,183,110,143,180,
91,255,156,225,121,191,254,28,75,163,101,142,109
,133,101,177,237,10,231,21,89,55,58,159,114,190,
147,251,142,239,100,174,101,143,249,201,44,26,48
,201,6,73,122,193,159,235,242,251,115,13,254,92,
129,80,67,174,95,176,6,228,36,125,176,123,186,13
1,56,146,196,187,157,213,19,172,98,221,132,90,76
,131,166,187,41,99,186,155,250,167,187,181,222,2
12,230,121,25,32,108,202,147,221,244,90,40,144,2
01,232,184,197,177,189,134,46,160,171,232,53,84,
164,187,104,1,130,228,214,78,62,73,155,78,157,14
4,79,199,152,254,229,179,179,186,183,186,230,68,
111,211,49,135,147,225,193,233,169,218,108,27,22
,179,93,37,63,163,173,55,169,41,27,55,250,100,19
1,156,39,7,100,233,119,234,73,232,213,163,48,168
,39,97,84,79,34,61,95,71,55,162,137,52,173,109,1
08,244,177,161,181,250,244,122,43,13,36,133,242,
158,149,212,226,178,242,217,235,74,205,94,71,149
,163,220,89,85,58,124,68,99,36,59,20,173,252,122
,229,26,53,106,100,69,52,156,207,151,177,242,50,
119,182,75,146,244,146,164,23,245,95,85,82,79,22
8,151,247,124,252,200,221,87,254,224,231,100,103
,214,231,47,189,124,250,236,95,253,225,129,249,1
29,39,158,168,173,94,180,247,234,103,222,185,104
,197,79,126,222,145,181,255,149,15,158,104,120,2
36,169,7,111,104,25,1,130,122,245,93,209,173,219
,139,24,57,157,177,74,152,115,188,113,54,190,94,
63,8,155,50,49,139,149,206,37,67,195,38,171,221,
98,15,152,76,67,179,3,126,49,48,212,175,27,106,1
3,91,45,222,28,2,167,34,179,73,168,232,163,12,37
,140,61,90,202,116,252,190,82,246,129,179,170,16
6,70,62,33,159,112,86,149,158,120,86,126,214,89,
37,63,19,43,99,95,134,143,225,58,171,219,90,103,
189,222,42,214,57,206,119,92,230,19,102,185,87,2
02,203,93,139,221,151,90,55,184,174,183,118,184,
110,244,61,100,53,153,45,86,155,168,39,97,171,13
3,48,32,176,131,186,187,9,251,201,0,43,25,217,99
,177,100,139,222,93,244,65,228,208,165,113,99,11
8,192,175,19,3,67,173,206,65,184,112,102,224,194
,153,177,12,56,219,22,40,171,20,170,120,217,60,8
2,218,245,131,50,233,51,50,233,51,50,233,219,162
,124,237,136,18,68,229,40,141,38,213,83,79,178,2
52,209,45,37,222,36,25,221,149,243,50,217,69,70,
3,234,222,184,185,127,101,216,82,156,36,183,165,
192,21,59,193,225,149,82,254,167,98,77,253,107,6
4,239,49,54,141,78,200,28,107,26,212,250,225,213
,165,83,132,164,122,148,140,30,221,200,212,17,89
,195,64,4,66,196,176,197,106,55,37,133,210,237,4
3,237,118,255,80,49,41,148,62,185,114,168,53,199
,235,245,103,115,68,249,57,162,202,74,203,25,168
,74,99,229,101,85,142,170,210,114,182,58,84,186,
217,106,192,81,165,175,236,39,211,0,99,8,211,179
,16,225,252,104,125,79,240,167,43,174,217,246,19
2,85,229,231,185,156,230,182,228,245,203,151,221
,236,234,9,125,240,155,245,47,172,184,104,241,15
,182,244,29,63,244,123,149,252,208,123,247,230,1
96,15,54,222,239,186,151,174,191,106,209,15,174,
187,78,217,254,220,146,174,197,11,126,62,44,240,
219,91,246,246,125,250,46,251,119,229,169,234,12
3,98,182,110,47,242,80,68,222,207,64,94,208,78,1
30,100,1,17,136,111,72,32,110,37,86,171,75,23,24
0,233,242,3,46,171,41,64,16,145,153,162,226,182,
138,28,240,200,76,249,123,56,238,60,220,86,241,1
64,12,139,125,7,247,201,127,228,125,233,172,42,1
09,58,33,63,211,196,96,86,178,34,135,76,212,199,
179,39,230,76,84,230,57,231,40,43,132,197,250,19
7,134,229,206,197,202,58,195,165,254,77,134,235,
253,135,12,7,221,14,189,194,198,177,144,45,51,14
0,8,51,101,232,99,84,136,39,176,106,205,176,82,1
71,213,229,35,47,51,93,158,100,136,75,87,146,176
,177,199,246,200,32,12,69,50,48,20,201,192,80,16
4,77,230,24,146,9,100,89,166,114,82,61,249,36,91
,179,228,45,197,166,36,25,221,29,72,47,163,129,2
44,234,25,48,88,173,187,185,156,0,169,138,91,107
,60,11,60,171,60,215,120,68,143,156,98,240,200,2
2,190,170,218,234,61,110,38,202,227,102,117,246,
36,105,65,119,172,223,244,208,176,150,137,190,19
,26,240,56,224,74,155,78,244,195,109,39,83,96,61
,133,74,88,9,105,168,27,61,154,191,183,102,216,1
07,244,109,39,68,103,178,14,225,168,179,90,125,1
74,124,110,130,184,172,62,29,135,156,175,95,137,
149,198,202,52,45,70,244,209,66,110,117,72,122,1
34,46,39,83,95,225,124,56,228,74,134,53,226,26,1
28,162,36,124,217,237,45,62,103,69,125,237,220,1
33,180,246,169,37,61,189,151,31,184,238,205,190,
99,191,184,241,248,19,135,123,43,167,223,50,109,
237,131,15,92,121,197,99,226,108,219,242,225,83,
135,143,251,232,245,69,205,125,159,253,181,227,1
96,213,100,10,217,72,30,253,253,35,127,248,234,1
12,211,99,141,201,123,239,218,182,13,148,253,103
,61,185,94,140,242,125,205,52,110,223,43,162,14,
146,222,72,165,106,81,168,38,146,104,162,213,165
,168,1,101,54,198,253,134,212,238,98,205,9,212,2
12,156,144,249,158,162,202,89,197,247,21,58,209,
128,56,129,183,52,119,95,13,51,251,179,70,150,10
3,11,35,203,179,119,238,219,183,79,104,220,183,2
39,171,95,237,219,7,202,126,217,73,55,79,183,11,
118,228,17,173,68,167,18,36,19,12,254,188,0,37,2
12,33,7,236,48,48,59,181,239,123,236,212,211,176
,112,156,4,235,61,81,197,72,130,92,33,27,21,102,
250,24,77,220,110,247,242,24,54,35,44,108,172,14
1,185,193,60,57,141,20,217,148,178,179,100,13,68
,113,91,189,172,112,251,73,73,25,79,167,185,241,
207,137,148,225,116,166,135,219,81,73,245,179,30
,110,58,37,213,207,227,38,110,62,53,5,198,206,24
7,246,155,70,77,213,189,177,88,172,58,245,216,52
,176,60,242,45,223,132,13,241,81,130,79,111,144,
12,58,131,104,16,165,28,111,174,151,74,102,147,1
97,100,53,9,82,182,219,229,206,114,11,146,79,240
,132,136,211,230,9,17,175,193,31,34,110,147,35,1
32,24,179,174,216,191,88,94,75,154,124,157,144,2
49,154,8,3,201,75,10,229,93,43,9,237,183,104,203
,29,161,50,143,219,227,118,102,187,168,141,134,3
5,161,178,212,194,88,24,13,135,238,37,95,60,62,2
39,234,198,117,109,211,174,248,241,190,77,125,15
7,164,234,199,15,141,168,155,122,231,202,105,79,
244,189,168,219,149,157,119,222,194,190,253,207,
252,170,175,239,209,150,178,39,70,141,168,123,25
5,225,119,63,43,10,176,61,219,35,128,184,73,183,
11,70,188,204,199,43,95,210,5,12,134,91,245,68,1
75,135,32,178,81,131,65,255,115,133,42,102,74,11
5,205,162,145,166,166,167,49,221,233,70,83,122,2
46,25,255,219,190,142,155,181,61,22,223,16,37,21
3,190,116,151,159,76,119,185,137,117,249,52,249,
84,218,28,173,158,202,123,125,154,124,186,105,23
4,49,212,176,206,102,147,181,90,102,157,238,235,
212,25,146,66,249,147,43,117,58,2,3,17,51,123,14
0,217,100,90,167,101,135,248,247,17,225,240,87,2
39,208,68,239,12,221,174,39,250,198,60,209,123,1
7,8,251,141,50,114,173,110,23,4,50,131,219,242,5
2,221,56,33,77,80,125,170,149,130,222,108,174,18
1,114,148,18,245,139,126,196,34,77,247,212,83,15
7,69,3,159,160,179,88,251,89,191,212,0,205,89,83
,244,142,122,214,167,148,153,229,221,163,207,226
,230,121,119,121,133,118,47,25,174,221,135,12,21
3,238,225,136,118,207,11,104,119,111,174,102,206
,23,89,229,10,69,183,69,183,77,39,8,10,1,110,197
,86,36,32,150,34,142,25,56,130,147,208,57,21,220
,138,45,16,56,187,153,15,128,55,53,48,31,166,7,2
30,163,244,192,156,142,243,5,5,10,31,152,7,196,6
7,141,25,192,159,48,191,161,171,29,132,52,53,174
,89,91,221,219,148,62,206,194,54,9,35,134,147,12
9,83,51,190,110,24,120,239,215,240,142,47,119,23
6,249,131,110,215,153,73,154,86,16,123,117,187,9
6,133,151,12,227,40,11,180,58,86,184,232,20,121,
138,235,2,249,2,151,104,182,4,236,54,27,60,94,13
,111,206,65,26,226,59,77,152,238,122,103,212,176
,91,61,157,90,87,108,245,6,19,107,139,129,239,18
1,13,76,61,56,25,182,12,185,74,46,81,114,73,174,
215,154,30,82,107,26,184,214,126,224,90,255,79,1
29,123,230,91,192,205,201,212,21,105,101,49,77,9
4,211,196,163,166,106,234,34,5,95,174,49,216,106
,226,235,180,89,56,128,109,54,6,96,239,119,3,184
,204,19,160,217,46,26,10,57,28,161,178,254,9,79,
135,222,54,117,229,109,141,31,245,61,223,119,3,1
85,242,169,123,155,206,27,113,93,223,141,186,93,
54,103,235,142,139,119,247,245,246,254,90,32,55,
95,51,255,135,217,86,54,203,135,3,226,46,221,46,
232,137,135,35,93,74,247,134,62,77,72,105,164,23
5,255,91,164,75,105,164,235,255,27,164,199,109,2
45,58,26,16,5,166,66,36,157,104,76,210,182,110,6
9,36,98,146,144,39,37,133,208,82,129,8,73,66,182
,147,212,30,247,120,220,204,135,192,144,234,255,
79,210,186,249,173,244,64,124,149,238,248,62,110
,167,128,73,52,236,184,59,83,77,203,167,152,122,
56,214,244,174,204,61,100,154,126,206,132,105,15
,12,146,64,121,95,11,188,175,203,24,96,67,142,20
8,72,166,39,104,86,95,158,216,209,231,211,89,159
,120,226,204,191,153,213,118,174,122,92,244,139,
227,48,4,149,66,62,71,111,177,209,106,44,202,177
,230,22,13,181,22,21,85,89,71,101,87,250,198,20,
157,83,212,100,109,42,90,110,93,86,212,60,188,19
5,122,253,208,123,220,63,203,125,212,154,61,68,2
19,64,114,227,234,184,230,30,122,56,231,177,33,5
9,114,118,15,121,38,103,255,144,191,102,31,30,98
,152,232,38,1,6,89,7,107,156,147,3,87,199,87,183
,145,204,14,155,206,168,160,39,232,141,21,23,85,
84,137,85,197,231,136,103,23,215,27,26,99,23,25,
150,197,46,179,108,182,60,111,249,194,250,69,204
,81,89,97,35,162,92,90,80,225,41,11,185,188,11,1
34,174,26,74,135,250,75,109,53,182,91,109,247,21
7,84,155,238,62,219,54,219,199,54,193,182,91,61,
163,141,228,147,245,54,238,249,178,37,213,15,184
,119,193,198,42,225,98,59,111,27,223,95,219,36,2
30,83,176,69,83,171,170,205,203,177,178,189,222,
102,243,11,158,36,125,172,219,91,204,65,19,183,2
13,123,139,77,166,241,115,189,63,117,249,253,122
,244,183,5,117,133,166,50,191,96,30,218,34,183,1
60,86,86,79,103,192,233,243,254,9,14,245,171,212
,52,54,215,67,226,35,29,9,21,48,61,197,42,197,8,
77,129,21,136,12,14,5,73,245,24,223,145,23,48,13
5,1,235,207,130,164,250,58,67,142,52,183,128,87,
184,32,141,147,130,36,189,32,110,43,140,179,221,
138,18,29,30,221,22,213,85,37,213,189,61,54,27,1
57,27,77,170,135,52,98,183,122,42,173,83,162,35,
88,122,220,26,8,87,12,175,218,91,69,183,86,145,4
2,15,219,229,48,225,30,131,102,84,24,235,61,17,1
11,126,105,218,167,83,154,54,88,75,53,197,18,119
,212,151,22,236,145,246,75,52,40,213,72,84,114,1
65,230,149,228,74,101,144,82,114,134,213,75,54,2
14,253,18,55,227,37,47,107,156,100,97,45,147,184
,158,145,108,108,12,36,238,209,145,70,140,238,87
,46,220,77,163,89,176,177,152,220,180,38,198,61,
107,39,210,107,102,140,235,158,216,59,239,48,243
,246,88,172,230,68,111,44,118,76,243,81,244,103,
94,227,112,86,49,227,46,181,207,2,87,234,100,77,
83,44,134,53,190,39,33,196,98,22,139,109,104,82,
40,97,170,201,95,104,18,202,56,45,152,189,30,143
,223,165,237,173,244,253,123,171,26,102,236,86,5
7,202,53,63,80,132,89,183,209,145,21,108,223,206
,62,35,43,10,181,173,213,56,202,182,86,30,119,11
8,182,203,237,9,71,5,73,111,163,217,46,102,252,8
6,142,26,41,84,47,222,185,124,219,83,147,219,206
,30,185,226,213,37,164,188,238,134,107,54,228,37
,188,151,28,184,241,134,199,102,200,70,79,254,83
,126,207,194,103,86,205,47,187,120,217,210,7,162
,121,63,156,59,233,241,77,211,174,157,230,178,89
,115,11,34,166,75,74,206,106,92,227,93,115,211,1
48,120,203,185,195,214,159,252,114,211,89,163,20
1,225,33,126,121,200,212,210,179,155,47,152,126,
214,229,108,30,79,82,143,11,71,116,187,224,64,30
,205,226,243,120,163,137,138,214,136,181,194,58,
209,170,27,233,26,233,63,159,206,49,205,114,205,
246,47,161,139,117,173,198,69,174,102,255,222,22
4,65,221,223,178,14,231,188,147,245,142,235,99,2
07,63,115,222,201,59,26,84,131,238,96,48,150,91,
237,174,206,157,146,187,58,184,37,168,31,70,11,1
72,195,220,99,232,72,235,20,90,103,157,228,58,19
9,127,190,169,222,186,196,250,142,244,158,251,12
,57,101,147,73,182,96,51,203,118,248,252,102,189
,3,166,108,191,96,246,214,246,187,105,80,15,111,
122,58,244,212,123,203,9,118,167,151,188,158,122
,68,28,246,90,57,131,213,158,177,201,178,167,249
,226,5,245,246,136,44,31,112,16,217,17,119,52,59
,218,29,98,48,206,160,164,89,208,14,39,155,73,14
,62,47,25,228,28,18,67,190,131,219,210,142,164,2
50,73,220,204,0,231,176,49,152,59,152,93,192,48,
231,72,170,159,115,45,235,216,157,174,221,142,12
2,199,58,103,26,248,206,52,240,157,26,240,119,21
2,59,11,244,114,122,93,145,53,79,231,216,250,61,
250,253,250,35,122,85,47,6,245,53,250,233,122,65
,31,96,245,210,115,184,235,3,172,6,122,14,119,61
,87,57,250,92,86,180,62,39,80,49,35,195,16,100,6
2,74,190,134,246,198,50,39,65,181,204,221,201,18
9,177,234,99,154,27,161,154,125,29,85,220,55,197
,28,5,77,88,227,235,20,152,51,32,110,90,41,152,1
37,205,6,147,217,199,119,108,102,189,29,204,86,1
37,213,148,59,171,184,129,29,26,201,128,27,29,89
,193,61,199,30,71,185,131,184,50,182,102,163,91,
159,185,230,111,151,46,63,248,195,230,59,74,187,
123,149,95,95,122,217,67,143,92,185,254,254,235,
239,189,249,203,95,222,71,132,142,153,181,212,11
8,102,18,117,190,248,194,239,159,125,245,197,103
,24,226,166,168,199,197,128,56,14,217,200,163,11
0,142,56,79,16,254,108,58,87,104,210,53,25,231,1
54,91,133,21,186,85,198,86,179,33,155,233,52,222
,213,73,245,88,124,22,163,242,252,124,71,238,124
,69,119,198,117,58,87,28,225,28,147,51,194,95,23
5,156,154,91,235,159,233,156,159,51,203,223,226,
188,56,183,197,191,94,90,159,125,154,158,246,202
,112,19,187,213,227,153,225,110,118,175,118,11,1
10,191,125,139,188,85,166,178,44,250,252,38,61,1
18,209,199,64,212,189,92,161,114,231,22,31,106,1
53,16,242,211,44,191,104,102,91,178,147,255,245,
171,131,238,122,79,220,154,84,95,231,43,177,85,1
79,29,185,175,246,3,14,22,43,19,106,44,44,170,72
,88,137,53,55,200,108,213,72,180,130,221,159,100
,202,52,72,130,238,221,105,53,191,163,222,93,46,
27,82,64,25,216,188,165,124,227,89,245,114,129,6
2,94,80,84,145,198,75,26,102,12,32,140,33,86,175
,87,50,32,228,231,16,178,113,8,249,57,120,248,24
6,159,65,168,50,115,47,17,107,138,241,205,196,17
7,216,52,121,77,44,118,122,77,134,97,118,130,153
,181,199,52,207,73,117,239,154,234,212,206,55,22
9,254,102,170,113,173,47,158,7,204,192,106,180,9
9,11,116,195,83,196,94,28,96,255,26,39,202,110,1
34,49,235,74,25,242,112,153,102,9,178,73,204,226
,48,19,205,38,31,215,151,38,189,182,147,115,86,4
5,184,176,169,52,230,40,47,109,90,195,156,3,158,
148,51,0,229,101,112,184,244,33,238,13,32,33,238
,50,144,132,11,119,21,127,180,243,253,190,143,13
7,235,245,191,17,27,249,234,184,169,107,211,162,
155,123,95,165,51,45,163,235,111,220,248,40,169,
247,252,178,135,4,137,64,44,100,72,223,27,125,95
,200,202,182,93,75,201,79,175,159,176,244,97,134
,192,241,125,51,133,15,196,113,8,160,136,14,229,
8,108,54,155,117,174,98,115,196,117,158,185,206,
37,25,243,114,242,138,205,81,87,113,184,202,60,2
02,117,174,121,146,171,94,223,96,94,106,62,99,25
0,52,219,54,44,92,92,56,46,60,174,240,188,194,45
,197,91,139,245,163,66,163,134,214,20,79,50,79,1
0,213,13,157,19,154,51,116,153,126,81,104,209,20
8,230,226,246,226,87,11,143,135,62,10,127,92,232
,240,184,165,236,36,237,236,25,226,207,210,147,3
6,125,44,46,43,24,142,102,222,89,172,171,244,72,
210,171,226,178,206,239,183,155,234,242,253,22,1
47,59,187,60,82,206,60,217,153,222,235,79,50,188
,218,105,199,81,65,189,41,226,245,30,240,16,217,
19,247,52,123,218,61,98,113,220,108,161,115,139,
185,126,243,112,253,230,233,215,111,30,174,223,1
52,31,136,199,126,160,233,55,198,197,252,66,41,2
53,230,97,102,2,247,20,213,154,212,51,25,232,63,
147,42,211,82,239,89,103,39,17,228,7,211,24,13,1
66,117,95,48,229,96,240,212,7,11,246,216,247,219
,143,216,85,187,24,180,215,216,167,219,5,123,26,
176,246,148,14,28,86,111,231,128,181,231,50,192,
218,243,89,173,236,126,86,35,59,215,121,118,174,
243,236,57,177,226,117,33,166,246,98,211,6,48,18
7,102,170,182,210,203,153,154,143,171,62,142,229
,211,236,29,240,49,238,197,98,247,234,212,171,18
0,53,190,184,9,32,110,1,200,242,235,184,175,202,
111,55,89,242,185,135,212,98,114,75,217,89,67,56
,42,179,180,85,188,166,38,86,197,160,89,186,224,
194,166,225,35,26,61,204,207,192,215,229,66,41,1
56,79,53,141,232,25,89,238,224,158,171,104,86,13
4,90,188,104,155,185,108,194,186,171,110,240,218
,200,101,137,215,78,94,242,210,143,158,186,226,2
25,214,215,182,254,238,131,187,31,190,106,227,35
,79,92,177,254,145,134,220,153,145,178,197,243,4
2,19,55,145,234,195,119,17,114,243,93,237,95,45,
255,124,255,250,199,133,162,151,246,238,121,241,
233,103,159,102,59,148,205,128,192,126,87,216,69
,158,215,222,29,187,213,189,221,217,158,10,230,2
49,141,115,75,40,34,142,20,234,132,93,86,145,71,
101,123,114,42,60,6,135,197,225,18,116,4,118,191
,78,239,50,155,44,131,86,74,75,6,170,44,233,85,5
1,94,88,111,137,24,227,229,163,42,84,35,217,107,
36,110,190,76,186,227,220,197,52,132,135,46,6,30
,35,51,59,29,220,217,196,205,78,99,46,227,51,178
,189,50,7,147,145,219,201,70,230,46,50,243,183,1
91,166,212,203,224,211,59,184,95,106,154,155,105
,68,79,197,168,138,132,251,164,155,174,118,111,1
17,39,220,170,91,116,83,87,26,68,174,52,80,92,10
5,124,185,34,132,191,249,147,203,71,85,156,100,4
7,212,21,176,243,21,34,223,114,166,118,167,103,2
26,30,86,63,240,90,177,215,173,140,78,239,75,227
,110,254,22,144,114,227,155,242,45,210,180,236,2
01,51,50,182,166,252,21,159,230,202,106,90,19,59
,53,24,85,169,119,178,108,25,117,84,57,170,8,83,
129,19,54,196,109,146,77,31,177,73,22,31,177,26,
236,62,2,230,178,186,22,49,246,98,208,183,195,10
8,130,73,208,217,147,194,240,158,149,58,61,209,2
2,213,170,126,39,128,230,79,119,132,29,28,46,82,
182,99,115,207,213,123,47,251,205,148,158,75,87,
204,248,81,181,110,87,239,39,183,53,61,248,243,2
22,5,244,254,205,87,206,190,229,170,222,221,160,
236,183,219,73,53,243,203,64,79,77,154,103,198,1
48,246,195,164,9,41,77,232,77,102,115,109,78,106
,19,250,85,198,6,99,128,214,101,208,98,154,238,1
69,167,230,180,187,39,77,72,105,66,111,182,88,25
0,133,246,102,236,84,6,104,93,6,45,166,233,158,1
22,42,166,70,87,72,19,82,154,208,139,86,107,70,7
7,173,253,219,229,1,90,151,65,139,253,219,162,20
2,122,227,40,54,206,211,141,91,140,91,141,9,227,
94,227,17,227,73,163,30,198,160,113,181,177,221,
120,95,42,234,168,81,53,154,130,70,2,162,23,169,
96,148,132,221,234,222,148,132,162,122,225,106,2
,73,39,137,38,73,31,209,65,188,79,220,42,38,196,
189,226,81,81,218,43,158,20,41,68,69,60,32,30,21
,69,145,89,125,12,106,98,63,212,68,14,53,209,196
,170,32,186,24,212,68,109,199,200,9,109,39,46,38
,213,175,226,38,6,59,113,154,225,155,128,91,91,2
05,95,41,87,215,156,136,241,149,213,193,157,202,
164,105,237,154,216,247,93,190,39,69,147,78,98,4
6,103,126,208,132,195,137,251,156,29,229,142,27,
122,122,122,196,127,238,223,255,101,182,24,253,2
42,85,77,119,72,81,113,28,194,194,42,134,150,218
,219,144,149,49,245,229,65,254,163,1,218,145,65,
231,101,244,187,63,131,246,101,208,185,25,52,227
,79,15,190,63,131,246,101,208,185,25,180,37,195,
159,101,205,160,109,25,180,61,131,206,202,88,4,2
29,12,218,153,65,59,50,232,172,12,181,151,169,2,
157,25,180,35,131,182,170,167,248,176,49,79,89,2
50,240,202,63,226,83,205,214,138,136,120,76,60,1
02,124,211,243,142,162,251,155,238,180,66,61,6,3
7,108,244,250,20,163,32,132,3,126,41,155,173,91,
122,34,133,115,115,100,211,129,8,217,18,217,26,1
61,17,143,39,215,22,217,226,32,14,145,239,51,188
,124,143,193,247,237,124,159,225,98,248,113,240,
23,249,12,67,14,202,119,27,22,190,219,224,59,118
,71,218,165,54,176,231,72,146,166,110,111,218,72
,244,166,21,164,87,155,75,113,107,189,55,178,197
,71,124,188,36,95,127,73,62,94,146,143,29,32,112
,176,146,124,92,49,250,76,172,36,95,82,237,211,8
4,181,207,194,202,244,165,189,4,190,36,105,218,1
,90,30,78,23,18,78,43,232,112,106,149,119,213,13
5,35,228,0,200,22,108,5,13,162,6,211,33,48,31,84
,60,143,107,98,153,187,44,228,180,135,144,29,37,
74,233,227,175,248,36,225,254,16,23,87,204,124,1
34,128,47,103,200,41,136,36,201,250,238,208,228,
193,75,62,159,47,154,165,42,103,68,106,47,76,7,1
58,123,167,213,181,78,124,119,205,90,212,84,87,8
7,215,212,84,79,101,111,154,29,252,45,125,85,90,
109,91,92,89,81,151,197,225,35,78,107,118,90,109
,167,45,218,239,157,120,113,147,108,202,53,193,6
8,36,115,118,82,24,190,99,165,89,111,20,164,64,8
2,24,222,181,82,210,204,133,178,154,88,77,77,90,
195,103,243,87,166,30,254,98,158,171,121,166,231
,7,41,252,251,203,30,94,126,217,157,193,171,95,1
84,247,177,238,240,252,113,171,111,239,105,88,12
4,222,181,99,196,232,79,167,45,88,216,176,107,21
9,142,222,66,250,139,149,11,198,252,244,193,222,
59,105,215,250,245,51,238,249,113,239,43,105,155
,224,93,113,28,220,228,93,110,187,102,233,4,41,1
39,62,34,39,229,183,133,247,178,78,10,167,179,36
,145,249,96,243,205,214,138,13,50,185,75,62,224,
61,234,85,189,162,98,112,217,92,110,167,95,167,3
9,146,219,106,178,218,44,182,65,134,129,45,99,23
0,219,250,13,3,127,189,173,192,203,237,0,47,183,
9,204,220,26,48,115,107,192,220,111,13,152,185,5
0,52,231,115,14,54,176,220,26,48,115,107,192,156
,84,191,208,32,102,230,214,128,153,89,11,220,157
,103,230,6,135,153,168,102,98,158,230,101,75,124
,46,179,12,188,39,189,116,181,119,171,55,225,221
,235,21,189,2,45,207,118,167,177,231,78,163,209,
157,182,18,220,220,56,56,221,227,112,164,94,92,1
25,167,65,96,250,134,65,224,200,48,8,68,205,103,
170,238,141,59,191,105,96,76,243,200,167,155,50,
212,177,102,34,156,226,70,194,160,4,246,18,149,9
1,15,236,200,99,77,205,137,1,43,193,45,57,140,38
,131,73,111,18,36,57,234,144,108,62,98,55,57,83,
176,99,111,183,214,32,198,12,83,163,213,228,54,1
7,73,208,57,57,164,116,105,11,180,31,78,41,47,81
,6,150,54,63,112,233,225,230,251,103,200,166,158
,162,21,103,183,253,74,140,222,185,173,110,245,2
12,178,171,122,219,232,245,151,92,92,123,219,139
,189,79,129,96,19,64,159,21,199,193,65,244,28,45
,99,75,179,136,44,146,176,88,33,78,16,103,139,23
,137,235,68,201,232,48,24,13,70,107,150,195,104,
133,96,32,102,63,211,101,48,25,135,108,49,16,67,
190,146,69,178,104,254,55,79,187,245,212,15,28,1
32,251,126,251,236,243,244,112,124,30,119,100,12
,135,196,135,99,144,38,208,76,52,137,143,136,65,
51,209,156,147,159,249,46,19,237,152,220,116,106
,45,123,237,197,186,185,202,193,253,117,85,85,14
4,159,223,108,187,234,25,230,225,88,75,154,124,7
9,178,169,106,20,36,115,82,24,149,49,67,51,103,1
67,71,207,61,112,82,182,99,211,3,227,150,213,92,
112,225,184,241,227,199,94,232,10,136,209,251,21
5,156,61,230,87,133,147,107,154,215,246,30,100,5
1,174,70,61,46,116,138,227,48,92,12,112,187,203,
211,175,120,211,68,142,205,108,174,173,228,83,10
3,72,134,39,170,48,131,142,14,58,6,48,64,23,100,
208,225,12,58,63,131,14,101,208,74,255,212,220,8
8,47,230,187,242,199,24,207,53,78,44,168,207,111
,205,223,104,188,197,120,93,193,195,89,143,23,25
5,65,176,26,61,185,94,207,240,41,197,135,60,58,3
1,157,75,169,92,70,76,222,249,134,249,198,249,16
6,249,230,249,150,249,214,229,134,229,198,229,16
6,229,230,229,150,229,214,158,104,79,161,189,48,
90,80,88,48,116,84,193,60,83,163,121,113,116,241
,144,117,225,117,5,237,5,63,49,253,220,114,219,1
44,59,139,127,58,252,65,211,163,150,95,22,62,56,
164,59,250,199,168,123,72,122,137,204,79,19,225,
52,81,144,38,56,15,27,208,252,52,17,78,19,5,105,
34,143,157,130,117,6,170,230,25,10,35,22,147,152
,171,68,179,69,243,176,188,92,182,77,206,207,41,
230,206,186,156,154,156,233,57,11,114,182,229,23
6,207,145,236,57,193,156,85,57,71,114,196,96,206
,173,57,52,231,183,116,46,251,193,93,205,143,19,
119,49,118,153,196,9,149,201,1,66,65,100,66,153,
95,167,219,229,174,224,254,29,217,230,168,32,100
,216,252,188,149,121,52,207,159,173,23,53,103,57
,55,235,222,77,155,110,239,198,179,24,22,69,255,
48,115,48,151,228,22,228,196,179,188,21,101,44,1
23,25,91,87,115,188,90,200,212,94,14,63,29,155,1
63,176,156,57,10,203,149,195,29,211,57,220,217,1
94,82,107,141,124,208,114,232,5,3,231,135,186,23
5,245,5,69,73,117,239,118,127,213,129,34,82,196,
138,102,98,138,210,167,112,57,193,196,20,49,131,
146,73,42,218,157,30,244,238,250,162,92,94,151,8
0,97,81,69,115,217,222,50,90,83,214,94,70,203,15
2,211,170,0,94,109,205,229,211,71,209,134,129,20
6,229,4,171,33,35,158,100,149,84,82,62,121,119,1
89,82,96,151,249,38,156,55,196,174,240,77,56,83,
144,46,86,17,187,141,111,193,181,237,184,164,173
,250,142,122,123,254,17,16,182,218,83,228,140,72
,121,147,154,214,76,61,149,161,7,99,114,44,118,9
8,237,180,180,27,62,22,91,195,124,74,25,11,245,1
37,181,224,71,16,107,78,172,225,62,248,166,53,10
7,99,199,228,94,126,211,188,240,41,39,252,132,13
,241,120,97,73,32,172,115,21,71,29,178,83,206,14
6,5,41,223,170,248,96,28,162,247,17,93,137,222,7
1,2,46,197,135,144,45,236,67,126,216,106,49,12,5
3,249,200,144,66,163,73,138,137,62,4,229,60,166,
107,217,217,233,106,45,224,75,124,81,236,218,107
,175,69,134,109,193,172,238,166,129,8,162,45,249
,32,36,207,28,141,230,13,211,14,81,13,51,231,228
,230,102,231,113,23,65,182,62,227,16,149,163,252
,155,39,168,10,163,133,195,232,200,10,118,22,129
,43,110,189,166,179,93,204,133,192,95,92,114,151
,65,77,151,253,198,43,55,174,31,25,249,201,179,1
19,79,175,29,93,244,227,217,87,253,118,158,35,97
,105,91,182,113,185,219,93,234,187,110,207,157,2
45,203,158,189,106,255,43,228,44,255,138,181,173
,19,207,10,123,35,101,231,92,59,109,242,134,33,1
93,216,217,87,46,241,206,154,63,171,50,236,207,2
03,50,21,148,215,110,156,63,239,190,243,127,13,1
30,2,245,19,90,164,187,27,30,114,9,183,251,149,6
5,118,182,57,131,54,100,208,250,12,90,202,160,77
,236,125,123,180,194,200,48,87,16,142,86,180,231
,16,16,139,213,68,4,184,101,99,204,110,146,220,1
26,193,108,151,243,145,79,172,3,94,240,180,98,11
6,154,52,216,228,215,59,35,22,162,234,13,117,198
,186,102,253,106,125,187,126,139,94,132,94,209,1
11,213,39,244,123,245,7,244,146,158,121,160,216,
106,161,215,206,144,115,226,19,254,50,74,175,217
,191,41,130,251,55,181,149,94,98,196,201,184,153
,129,90,207,215,14,61,155,59,220,211,185,139,46,
135,151,140,234,188,40,115,13,137,53,173,225,255
,37,160,109,245,143,157,170,230,254,241,222,106,
71,149,179,202,81,94,46,63,175,29,168,215,108,19
0,78,193,157,20,202,122,152,139,28,73,161,44,110
,92,73,76,86,171,195,102,50,38,133,146,174,149,3
8,137,65,160,188,172,172,52,117,22,37,226,209,92
,229,142,240,200,114,71,165,163,60,59,236,224,19
9,152,168,156,123,94,245,194,149,197,215,93,215,
189,125,123,86,108,72,224,254,251,228,113,173,15
,208,69,55,19,253,202,190,31,221,220,251,147,169
,197,185,252,119,130,0,221,147,98,20,78,221,135,
79,1,3,111,59,108,54,179,249,119,25,14,27,43,223
,82,91,82,239,155,229,244,78,90,215,191,183,166,
214,244,27,104,97,208,150,250,3,141,238,169,151,
165,244,222,94,178,88,82,172,198,12,119,159,45,7
7,247,212,219,7,56,156,25,28,134,1,14,214,243,23
3,234,245,215,153,246,123,176,165,180,111,66,236
,127,133,110,204,112,61,216,210,39,237,123,234,2
37,150,126,14,103,198,249,123,195,0,135,126,128,
195,148,126,65,201,157,2,167,210,45,115,228,103,
112,28,207,112,112,28,79,203,112,40,105,3,38,223
,98,169,181,165,88,223,200,112,91,244,211,218,73
,196,157,172,54,154,157,171,215,94,196,242,208,1
48,84,15,242,227,173,34,127,71,207,40,135,98,209
,18,246,246,216,52,103,193,222,120,41,163,28,113
,254,108,114,8,4,22,73,47,17,201,110,130,201,106
,145,24,152,45,14,66,69,147,232,48,165,54,132,26
,214,29,236,248,244,62,249,208,62,249,32,251,231
,8,118,165,222,75,102,234,40,183,221,69,138,196,
161,38,122,174,227,2,199,45,14,193,193,79,38,154
,210,71,22,197,52,225,96,243,196,24,12,85,200,25
4,188,66,54,155,79,198,159,12,22,84,136,146,197,
152,37,249,140,57,78,157,8,81,50,27,205,54,131,8
3,70,150,224,210,251,13,62,115,158,173,0,17,125,
145,33,102,171,192,72,253,24,195,88,219,68,97,17
8,20,215,79,53,76,49,79,176,79,118,156,235,188,1
92,62,203,185,66,191,216,176,196,185,65,186,66,1
91,206,176,83,218,101,223,225,252,84,250,210,56,
196,236,24,130,33,214,66,219,16,123,161,179,212,
53,26,149,206,203,13,215,27,238,18,238,180,252,1
38,60,66,31,49,63,108,217,142,29,210,46,219,159,
196,67,210,43,198,227,226,113,251,123,206,83,210
,25,163,223,44,177,26,91,120,40,75,218,43,119,10
9,9,98,161,51,117,68,222,103,178,217,69,39,28,6,
189,33,162,183,71,108,206,8,96,211,11,86,98,137,
88,147,234,161,120,37,51,246,173,52,66,138,24,65
,172,196,149,37,153,204,142,168,41,230,152,35,20
6,50,205,119,172,116,108,116,116,56,76,14,147,40
,128,176,225,208,6,102,160,171,155,184,97,89,26,
59,85,26,59,197,158,229,99,236,163,45,79,14,103,
149,47,238,18,116,255,95,93,199,251,26,71,17,157
,153,189,189,221,204,206,238,236,206,238,37,187,
119,215,118,147,54,201,201,150,228,228,210,156,1
35,145,91,131,66,229,40,177,196,22,175,112,216,7
9,145,208,106,123,136,133,150,148,84,80,14,165,1
27,64,139,31,252,88,243,41,151,230,7,155,164,180
,160,17,68,41,230,131,32,8,149,128,69,139,16,63,
197,128,212,187,149,217,251,209,168,184,203,204,
188,221,55,63,118,7,222,123,243,102,223,123,43,1
62,184,36,137,61,24,203,10,33,88,55,12,26,132,16
5,101,17,48,55,8,95,243,103,48,213,220,47,13,73,
118,37,131,49,79,148,44,81,148,52,76,200,160,170
,89,170,170,201,6,165,30,150,45,140,101,32,34,52
,8,129,5,163,176,96,18,139,201,212,32,154,26,61,
30,83,9,145,101,73,66,8,198,25,229,54,65,216,218
,215,85,120,94,189,172,222,80,5,53,128,119,124,2
36,78,97,120,9,207,99,132,3,116,198,239,153,50,2
24,37,99,222,64,6,191,82,116,17,158,23,47,139,55
,68,65,12,224,157,85,184,111,238,207,68,130,219,
57,181,87,169,216,141,74,181,81,169,38,157,70,16
5,98,255,2,138,220,125,106,162,149,243,179,101,2
29,30,25,61,26,81,94,59,53,226,213,174,111,213,7
0,236,255,22,158,231,213,52,125,75,210,244,9,158
,56,204,83,169,126,100,186,101,73,122,238,205,21
,213,37,46,186,23,238,0,24,238,0,45,220,94,1,89,
234,178,142,89,105,100,90,90,170,143,117,235,175
,3,57,220,94,146,178,48,186,223,63,93,170,231,78
,159,59,136,220,89,146,220,22,146,77,151,234,135
,15,34,181,112,123,141,186,124,64,57,8,183,239,7
4,89,62,204,93,240,2,218,104,13,223,29,177,219,1
88,239,96,115,35,220,89,198,110,204,5,145,115,20
5,243,89,24,5,100,210,194,239,215,88,1,28,103,5,
238,86,184,100,22,162,56,70,237,93,138,118,192,1
65,106,5,86,202,255,92,81,252,223,209,15,115,102
,223,120,222,204,153,125,121,51,7,143,10,195,2,4
4,53,55,55,22,138,177,220,194,250,103,39,94,90,9
1,108,174,108,46,60,247,67,108,168,241,233,99,22
7,27,244,110,227,214,183,15,209,204,211,31,209,2
20,234,95,223,113,201,209,223,60,45,252,30,27,2,
73,244,85,164,161,80,187,187,155,222,6,18,29,160
,183,3,208,152,170,222,239,50,219,54,251,212,58,
88,181,3,144,110,253,142,190,167,117,0,181,3,240
,159,253,116,186,234,74,0,162,41,202,250,51,46,2
34,31,194,22,21,20,33,237,80,22,87,226,166,207,1
68,171,248,196,165,209,122,154,58,163,94,242,81,
210,126,152,116,116,94,68,234,93,196,238,82,203,
52,13,41,87,19,222,75,23,50,214,89,186,136,5,95,
245,41,162,110,38,59,166,243,76,34,61,172,87,181
,217,176,50,76,134,213,113,50,174,158,208,110,27
,74,134,101,204,147,189,101,86,54,203,137,89,54,
107,206,38,174,198,175,168,87,141,107,214,181,19
6,71,234,39,198,77,118,211,252,216,186,133,63,87
,238,233,155,198,134,245,27,254,213,250,67,109,2
32,127,90,97,250,48,51,109,77,155,60,211,102,54,
189,166,146,78,197,232,43,244,67,42,80,167,251,1
8,45,37,148,181,57,69,202,207,83,74,116,131,49,1
2,4,199,50,205,65,134,45,198,48,37,212,32,131,10
,182,20,5,155,220,144,73,137,243,14,64,90,79,163
,209,244,131,52,74,7,168,184,74,77,159,249,86,12
8,222,240,149,34,243,25,122,139,61,96,136,5,112,
114,141,194,1,240,106,10,115,84,52,103,190,75,17
8,100,138,8,175,147,144,32,18,192,201,229,81,10,
105,128,138,43,41,119,110,198,246,146,142,222,16
8,238,85,170,73,123,55,233,232,187,182,190,247,2
16,225,30,77,187,73,91,223,141,32,96,243,101,15,
167,109,238,72,40,95,215,183,106,226,136,29,185,
176,0,131,21,106,154,62,49,33,111,149,234,218,11
6,169,110,63,163,135,77,64,184,24,13,159,112,98,
43,123,29,114,176,194,159,214,242,5,60,144,47,10
4,65,248,100,53,81,48,6,18,156,36,188,50,223,34,
1,213,138,7,43,255,138,113,6,188,212,146,35,4,66
,206,199,23,29,74,49,142,102,211,46,22,139,185,1
50,163,218,112,235,75,91,126,60,15,115,102,111,6
8,29,144,187,183,28,29,152,183,94,60,62,113,178,
207,24,18,149,230,59,95,60,242,6,142,120,63,175,
52,47,190,124,44,59,119,118,172,249,246,130,158,
57,150,186,64,15,197,50,141,219,239,127,48,119,5
,93,120,250,245,226,100,121,26,0,240,55,142,219,
0,176,10,101,110,100,115,116,114,101,97,109,10,1
01,110,100,111,98,106,10,51,49,32,48,32,111,98,1
06,10,60,60,47,84,121,112,101,32,47,70,111,110,1
16,68,101,115,99,114,105,112,116,111,114,10,47,7
0,111,110,116,78,97,109,101,32,47,66,65,65,65,65
,65,43,65,114,105,97,108,77,84,10,47,70,108,97,1
03,115,32,52,10,47,65,115,99,101,110,116,32,57,4
8,53,46,50,55,51,52,52,10,47,68,101,115,99,101,1
10,116,32,50,49,49,46,57,49,52,48,54,10,47,83,11
6,101,109,86,32,52,53,46,56,57,56,52,51,56,10,47
,67,97,112,72,101,105,103,104,116,32,55,49,54,46
,51,48,56,53,57,10,47,73,116,97,108,105,99,65,11
0,103,108,101,32,48,10,47,70,111,110,116,66,66,1
11,120,32,91,45,54,54,52,46,53,53,48,55,56,32,45
,51,50,52,46,55,48,55,48,51,32,50,48,48,48,32,49
,48,51,57,46,53,53,48,55,56,93,10,47,70,111,110,
116,70,105,108,101,50,32,51,48,32,48,32,82,62,62
,10,101,110,100,111,98,106,10,51,50,32,48,32,111
,98,106,10,60,60,47,84,121,112,101,32,47,70,111,
110,116,10,47,70,111,110,116,68,101,115,99,114,1
05,112,116,111,114,32,51,49,32,48,32,82,10,47,66
,97,115,101,70,111,110,116,32,47,66,65,65,65,65,
65,43,65,114,105,97,108,77,84,10,47,83,117,98,11
6,121,112,101,32,47,67,73,68,70,111,110,116,84,1
21,112,101,50,10,47,67,73,68,84,111,71,73,68,77,
97,112,32,47,73,100,101,110,116,105,116,121,10,4
7,67,73,68,83,121,115,116,101,109,73,110,102,111
,32,60,60,47,82,101,103,105,115,116,114,121,32,4
0,65,100,111,98,101,41,10,47,79,114,100,101,114,
105,110,103,32,40,73,100,101,110,116,105,116,121
,41,10,47,83,117,112,112,108,101,109,101,110,116
,32,48,62,62,10,47,87,32,91,48,32,91,55,53,48,93
,32,51,32,49,56,32,50,55,55,46,56,51,50,48,51,32
,49,57,32,50,53,32,53,53,54,46,49,53,50,51,52,32
,50,57,32,91,50,55,55,46,56,51,50,48,51,93,32,51
,57,32,91,55,50,50,46,49,54,55,57,55,32,48,32,54
,49,48,46,56,51,57,56,52,32,48,32,48,32,50,55,55
,46,56,51,50,48,51,93,32,53,49,32,91,54,54,54,46
,57,57,50,49,57,32,48,32,48,32,48,32,54,49,48,46
,56,51,57,56,52,93,32,54,56,32,55,53,32,53,53,54
,46,49,53,50,51,52,32,55,54,32,91,50,50,50,46,49
,54,55,57,55,32,48,32,48,32,48,32,56,51,51,46,48
,48,55,56,49,32,53,53,54,46,49,53,50,51,52,32,48
,32,48,32,48,32,51,51,51,46,48,48,55,56,49,93,32
,56,55,32,91,50,55,55,46,56,51,50,48,51,32,48,32
,48,32,55,50,50,46,49,54,55,57,55,93,93,10,47,68
,87,32,53,48,48,62,62,10,101,110,100,111,98,106,
10,51,51,32,48,32,111,98,106,10,60,60,47,70,105,
108,116,101,114,32,47,70,108,97,116,101,68,101,9
9,111,100,101,10,47,76,101,110,103,116,104,32,51
,51,51,62,62,32,115,116,114,101,97,109,10,120,15
6,93,146,203,110,131,48,16,69,247,254,10,47,147,
69,100,243,110,36,132,20,65,145,88,244,161,210,1
24,0,193,3,181,84,140,101,156,5,127,95,49,67,83,
169,11,35,29,115,231,206,181,199,162,108,170,198
,104,207,197,187,155,251,22,60,31,180,81,14,150,
249,238,122,224,55,24,181,97,65,200,149,238,253,
78,248,237,167,206,50,81,54,85,187,46,30,166,198
,12,51,203,115,206,197,7,140,122,241,110,229,135
,139,154,111,112,100,226,205,41,112,218,140,252,
112,45,219,35,19,237,221,218,111,152,192,120,46,
89,81,112,5,3,19,229,75,103,95,187,9,184,192,178
,83,163,192,120,237,215,211,181,108,255,20,159,1
71,5,30,34,7,148,166,159,21,44,182,235,193,117,1
02,4,150,75,41,101,193,243,186,174,235,130,129,8
1,255,254,7,33,149,221,134,254,171,115,40,143,10
,158,75,25,202,2,169,38,42,145,130,51,82,148,18,
85,68,23,164,48,67,138,99,34,82,198,164,12,75,16
2,51,82,68,29,18,234,16,81,93,66,117,113,140,148
,6,72,201,5,41,203,136,200,37,59,227,65,246,196,
201,111,254,199,121,131,0,101,65,74,201,159,201,
119,79,247,68,246,123,51,178,143,201,55,221,187,
72,202,67,46,105,69,155,9,109,146,75,22,238,9,16
8,231,118,171,219,244,31,35,235,239,206,129,241,
248,68,112,76,219,128,180,129,199,43,178,179,221
,170,182,245,3,139,244,171,66,10,101,110,100,115
,116,114,101,97,109,10,101,110,100,111,98,106,10
,53,32,48,32,111,98,106,10,60,60,47,84,121,112,1
01,32,47,70,111,110,116,10,47,83,117,98,116,121,
112,101,32,47,84,121,112,101,48,10,47,66,97,115,
101,70,111,110,116,32,47,66,65,65,65,65,65,43,65
,114,105,97,108,77,84,10,47,69,110,99,111,100,10
5,110,103,32,47,73,100,101,110,116,105,116,121,4
5,72,10,47,68,101,115,99,101,110,100,97,110,116,
70,111,110,116,115,32,91,51,50,32,48,32,82,93,10
,47,84,111,85,110,105,99,111,100,101,32,51,51,32
,48,32,82,62,62,10,101,110,100,111,98,106,10,51,
52,32,48,32,111,98,106,10,60,60,47,76,101,110,10
3,116,104,49,32,49,56,48,52,48,10,47,70,105,108,
116,101,114,32,47,70,108,97,116,101,68,101,99,11
1,100,101,10,47,76,101,110,103,116,104,32,56,48,
53,49,62,62,32,115,116,114,101,97,109,10,120,156
,237,155,11,124,19,85,222,247,127,103,38,105,210
,54,183,150,150,22,34,206,132,49,21,76,67,75,11,
66,21,104,218,210,114,137,72,27,168,38,8,154,166
,211,2,18,104,165,5,4,81,138,82,197,176,40,224,1
38,224,13,116,189,139,48,45,168,65,20,97,197,187
,120,71,215,221,85,97,215,219,174,128,226,46,136
,2,237,147,51,39,7,65,221,231,253,188,239,251,18
8,207,62,239,231,195,164,153,239,247,92,115,206,
249,207,153,73,185,128,0,176,161,13,34,194,227,3
9,20,20,141,105,219,58,4,32,107,0,132,235,103,21
4,53,167,244,55,228,2,228,40,128,104,253,220,86,
121,255,69,111,92,3,152,171,1,99,85,99,243,212,1
53,227,7,212,28,6,228,13,128,245,188,169,117,45,
205,232,3,37,81,119,63,0,199,212,232,252,198,5,9
3,191,107,0,172,107,128,212,133,211,26,234,212,1
27,44,119,53,0,36,12,224,252,105,211,26,234,82,7
1,139,118,128,12,3,112,206,180,153,173,87,15,122
,197,248,42,144,147,5,164,174,137,54,213,215,153
,142,27,235,1,177,13,48,188,57,179,238,234,102,1
35,193,244,71,0,199,1,200,179,234,102,54,244,8,2
2,0,16,84,128,244,110,110,106,105,237,250,1,43,1
,114,22,45,111,158,221,208,92,216,251,173,237,12
8,247,15,64,238,58,16,136,72,67,26,122,192,212,2
21,13,59,8,32,52,146,11,113,49,230,194,4,1,14,20
,96,11,96,89,108,252,30,162,94,91,63,186,142,96,
5,64,107,255,236,32,128,241,208,137,67,228,114,6
7,227,241,101,93,53,198,25,63,175,35,52,234,57,3
8,224,211,202,103,199,92,97,31,118,24,169,102,18
9,100,219,95,157,231,81,126,176,98,219,170,227,2
03,78,220,110,156,97,206,1,96,134,144,108,42,26,
26,201,10,24,97,54,222,105,44,6,136,196,40,190,1
31,70,1,230,84,33,61,37,85,16,12,162,96,248,249,
200,198,77,144,101,248,80,136,121,108,108,166,20
1,130,16,6,89,247,233,135,128,184,223,232,164,43
,163,207,140,126,18,101,150,62,87,74,3,130,0,50,
225,128,8,1,133,104,192,116,68,209,132,217,104,1
97,188,238,110,0,133,80,49,29,51,48,139,231,9,13
1,209,247,180,215,47,87,9,250,10,76,162,159,98,7
2,5,160,98,114,210,9,28,184,40,233,2,108,24,145,
116,17,121,200,77,186,225,148,58,70,228,234,99,1
66,158,162,231,95,130,6,204,70,11,166,163,9,179,
32,99,8,6,160,16,133,24,135,233,168,199,108,52,1
61,5,77,104,68,43,46,128,140,10,189,22,205,137,1
62,14,45,8,160,1,83,49,71,79,205,254,69,233,163,
144,81,132,66,12,196,80,200,191,210,35,235,111,5
4,154,245,115,29,90,147,163,24,0,25,101,136,34,1
0,25,179,49,29,83,49,13,173,104,209,83,13,104,20
9,71,60,23,13,80,49,64,95,155,181,103,94,39,95,1
99,201,236,228,235,35,242,145,160,8,83,132,41,19
4,227,162,81,127,5,196,128,248,24,125,25,138,206
,188,206,188,206,188,254,199,189,182,235,183,250
,168,56,164,107,242,207,238,255,1,52,162,5,49,17
2,198,67,216,67,204,164,152,140,67,11,218,177,30
,27,177,19,175,225,91,146,66,250,144,139,126,245
,217,241,191,121,24,157,200,4,186,15,118,45,234,
62,214,221,223,248,93,215,231,93,147,83,114,186,
83,140,31,118,103,137,251,89,153,177,29,150,174,
198,238,35,93,139,186,62,234,238,111,120,161,107
,114,55,82,26,187,251,119,127,43,248,96,230,61,2
4,174,65,102,119,255,238,163,198,70,99,187,241,1
7,227,59,226,144,174,254,250,12,239,253,63,24,21
4,56,4,112,5,26,208,136,43,209,136,40,154,113,37
,38,99,10,46,215,159,168,205,184,10,45,104,197,9
2,204,199,2,92,131,107,49,11,243,112,13,174,195,
245,184,1,55,98,169,254,100,154,151,44,93,132,19
7,184,1,55,225,102,44,195,111,176,28,183,224,86,
44,198,245,104,199,77,88,138,101,201,156,155,177
,28,183,234,117,105,31,237,184,81,111,17,59,165,
205,74,220,134,213,88,131,181,184,19,119,97,5,86
,98,21,110,195,111,113,59,86,227,142,147,249,119
,227,30,189,230,233,249,119,255,167,245,239,197,
58,172,199,125,184,31,15,224,33,60,130,199,176,4
9,153,247,83,206,227,216,128,77,232,192,189,184,
95,207,217,136,61,216,131,125,232,194,49,28,199,
55,56,68,204,36,141,100,146,222,164,152,12,39,22
7,200,197,104,192,52,125,149,38,227,114,204,194,
28,52,97,46,90,244,113,44,66,27,218,245,185,93,1
71,175,193,34,125,205,232,250,176,81,46,198,146,
228,10,44,213,215,224,167,21,88,165,143,127,13,2
38,213,199,117,27,214,234,227,103,99,255,157,158
,199,230,247,203,217,209,210,7,79,150,255,218,25
2,239,63,89,231,81,60,14,13,157,216,140,45,120,1
0,79,99,3,54,98,19,58,177,5,79,98,3,30,198,35,12
0,52,185,34,79,96,35,52,116,36,235,62,169,215,12
6,228,148,178,77,191,40,141,227,25,108,195,179,1
20,14,59,17,199,86,60,171,159,121,222,118,236,74
,166,89,106,39,94,192,46,188,136,151,240,50,222,
192,110,236,193,135,120,25,175,224,117,188,131,1
19,241,158,158,254,8,127,193,65,252,136,79,241,3
7,190,193,199,216,135,207,241,5,190,194,215,216,
143,131,248,6,223,226,16,142,224,56,142,163,11,1
99,73,138,30,39,47,201,36,189,72,31,226,38,197,1
64,228,191,102,39,255,183,28,171,127,153,37,68,2
00,27,194,209,19,93,166,147,119,49,99,187,241,54
,113,184,112,17,208,253,45,38,99,50,110,233,162,
191,193,88,82,10,83,210,141,63,26,191,65,186,113
,48,210,140,78,225,205,238,35,228,189,148,207,14
4,154,146,101,200,238,62,130,75,17,249,95,13,224
,228,253,170,17,183,227,110,122,135,50,182,3,236
,187,184,193,102,116,66,132,9,18,6,98,173,214,23
8,9,110,133,66,214,118,122,237,214,56,25,180,197
,225,48,247,54,109,39,69,16,208,131,248,96,6,33,
197,62,135,65,176,174,113,56,250,245,90,219,59,2
29,14,177,204,46,199,73,159,45,253,12,171,73,5,7
4,79,124,114,226,205,210,19,159,28,200,44,41,56,
64,10,62,222,247,193,62,199,161,151,50,74,10,246
,189,248,254,190,129,133,78,95,182,195,186,38,23
4,112,244,235,221,107,109,180,183,152,114,71,84,
44,179,247,163,29,248,82,163,253,124,196,176,58,
74,42,144,91,234,233,253,166,231,205,82,207,155,
158,204,146,2,79,225,192,16,201,112,101,232,239,
44,155,160,152,148,115,139,139,6,15,26,32,40,202
,224,226,162,179,5,82,212,51,155,230,247,29,32,1
2,30,52,66,48,216,142,143,21,131,39,12,194,12,18
5,124,234,104,131,154,50,123,197,121,23,205,240,
41,253,167,175,109,24,216,21,119,15,180,230,200,
153,153,82,142,205,150,35,25,157,63,126,110,116,
30,43,51,68,142,221,43,124,229,173,45,59,247,222
,227,55,120,71,23,59,213,226,154,169,39,190,46,1
18,39,235,101,102,202,185,54,8,152,217,125,80,22
0,105,108,71,22,92,152,76,87,171,195,146,30,39,9
0,167,217,153,29,39,155,125,25,232,107,182,26,11
5,127,116,4,210,107,210,38,72,135,141,213,40,61,
80,90,90,122,32,179,164,132,56,62,216,247,254,17
4,125,37,116,21,122,152,173,70,71,238,143,81,86,
207,40,29,142,26,171,233,172,75,75,75,61,153,37,
37,133,3,67,61,6,141,16,138,139,122,230,100,20,1
03,40,231,166,164,208,185,13,201,234,89,92,116,2
54,144,140,188,60,165,111,202,204,170,197,79,54,
21,78,241,110,186,59,101,204,99,245,151,220,112,
105,126,231,140,72,249,109,53,158,105,197,183,17
2,35,251,218,94,190,121,148,197,74,30,250,241,15
4,237,87,54,142,190,33,126,205,83,155,231,182,14
6,119,179,178,227,244,183,178,57,221,7,197,111,1
97,46,156,141,254,152,69,103,177,217,98,201,70,1
56,60,181,89,202,238,111,136,147,167,125,217,217
,231,73,187,111,53,16,131,225,188,115,222,233,93
,109,221,99,49,29,113,4,80,122,226,131,3,116,50,
5,83,14,16,199,7,135,118,57,62,222,151,81,82,64,
103,148,107,144,118,71,13,134,243,122,159,243,78
,180,119,181,197,186,39,106,113,152,142,68,29,1,
58,173,151,60,165,39,3,153,149,98,114,209,137,14
0,16,134,100,179,121,13,214,167,122,182,96,58,12
7,128,160,244,181,9,38,241,91,65,56,81,186,225,2
54,252,96,192,47,143,218,28,94,252,204,188,146,2
25,115,30,139,78,191,191,169,228,73,81,174,80,20
3,75,46,31,121,158,81,240,184,139,122,222,249,16
0,201,98,79,189,53,171,87,85,251,206,5,87,62,119
,235,196,242,249,79,4,42,154,170,189,249,213,205
,21,116,174,27,232,111,180,198,149,72,69,31,54,2
15,103,97,39,39,208,11,6,210,225,179,165,146,84,
146,154,98,58,219,144,122,196,84,147,22,39,253,1
24,105,89,62,71,214,232,44,28,22,199,163,244,192
,39,158,3,165,7,138,136,227,131,221,37,37,5,5,14
2,125,236,34,78,53,152,82,143,68,77,53,89,172,69
,52,75,244,137,56,28,21,199,235,87,174,227,77,79
,169,167,136,206,213,53,216,149,225,202,118,13,1
18,245,40,58,91,56,245,18,37,71,186,62,36,31,17,
207,241,63,145,177,195,251,20,185,179,179,221,69
,125,146,20,39,175,56,254,224,202,149,70,100,231
,13,236,115,86,81,94,118,118,94,209,89,125,6,230
,101,211,223,194,159,2,12,231,26,219,145,134,8,2
19,171,102,178,127,115,106,42,210,182,147,79,96,
130,72,54,193,0,144,67,62,7,49,164,167,142,23,21
0,76,162,193,56,193,80,131,26,148,150,150,102,23
0,148,148,18,199,7,239,239,115,28,122,113,111,10
2,73,129,62,25,235,233,213,114,147,245,10,7,134,
92,10,201,80,50,138,51,72,49,49,156,251,77,87,25
4,198,141,228,133,47,186,250,11,189,79,124,97,10
8,63,126,55,121,189,107,32,29,19,91,225,118,164,
98,52,27,19,93,217,140,228,202,166,233,43,139,61
,226,4,186,19,78,93,74,253,179,147,11,41,98,79,8
4,156,160,239,128,159,173,220,169,43,101,56,114,
235,49,203,74,250,135,47,88,15,136,47,139,93,200
,65,181,190,11,133,158,219,200,38,228,32,157,108
,242,217,45,57,185,2,114,106,210,107,28,199,76,2
13,24,143,82,186,7,51,75,216,204,217,6,180,177,1
0,38,199,177,168,94,37,183,148,110,190,76,125,23
1,21,231,140,16,139,139,122,102,103,40,25,131,24
2,244,11,50,67,89,127,151,41,63,48,62,144,127,21
5,186,141,193,75,229,225,229,227,10,55,138,251,2
39,31,84,121,94,198,211,241,19,87,9,139,231,94,2
13,163,160,122,216,137,70,122,197,77,238,62,104,
72,19,187,208,3,231,194,199,174,56,144,205,200,1
94,217,100,179,47,45,173,95,175,31,236,213,202,8
1,99,64,95,16,253,174,160,175,133,197,222,235,13
5,168,189,218,168,28,141,26,3,108,41,244,253,242
,211,85,163,111,146,65,108,147,100,103,157,45,20
8,77,100,72,43,95,216,121,85,244,241,121,165,156
,157,253,47,154,89,113,113,211,40,87,255,139,162
,35,41,73,215,156,23,150,141,171,184,126,199,181
,115,118,46,27,87,177,120,199,146,41,203,166,20,
12,111,188,105,236,148,223,232,4,193,171,128,193
,172,143,249,18,182,158,153,219,72,7,122,192,76,
58,124,142,212,30,89,66,134,217,140,30,53,150,99
,70,190,160,153,37,5,37,167,45,169,61,89,199,104
,57,22,53,158,92,83,189,26,91,213,243,207,47,46,
234,105,82,206,231,107,250,234,58,99,232,137,224
,221,247,165,104,226,132,106,101,148,127,98,161,
38,238,223,58,35,252,218,203,75,230,245,26,114,2
01,240,19,215,208,72,151,118,127,39,190,106,244,
34,7,97,125,100,14,107,156,108,242,245,76,51,153
,204,57,118,115,174,201,241,189,37,205,58,30,199
,114,178,142,138,201,27,84,241,110,253,58,123,12
7,87,102,137,99,215,161,23,245,199,142,201,234,2
48,62,106,241,165,89,199,231,224,88,52,71,204,58
,26,21,249,189,169,184,247,110,253,170,115,211,2
51,81,222,224,12,122,241,13,161,151,95,6,187,227
,138,175,94,120,93,217,115,207,116,125,73,122,10
9,36,47,116,13,111,105,46,156,61,194,102,183,62,
222,33,88,86,145,44,111,215,243,171,186,132,232,
12,187,131,142,215,13,24,202,245,223,2,126,79,19
9,235,59,215,104,72,73,177,88,210,77,105,105,233
,233,169,102,3,201,200,112,136,6,65,176,219,29,1
42,76,216,172,6,67,143,44,155,65,78,219,222,189,
23,25,221,123,97,239,222,11,75,247,94,95,78,186,
195,98,207,72,51,152,172,86,83,170,121,124,138,1
69,70,32,53,153,116,241,139,74,139,233,43,179,16
4,32,167,100,40,61,138,51,50,73,73,175,130,226,2
26,220,93,69,148,25,197,25,153,37,25,197,25,197,
185,142,147,25,44,83,191,83,219,254,85,207,185,1
72,227,100,215,197,244,234,19,21,241,92,147,168,
136,197,61,114,134,244,208,79,134,242,85,239,173
,236,227,90,182,123,229,99,19,51,61,171,174,189,
199,107,191,88,220,127,60,139,60,208,24,237,138,
136,251,79,92,178,166,157,188,208,85,209,190,92,
216,68,255,36,45,216,125,208,96,51,122,209,3,46,
20,224,70,61,134,185,125,227,100,121,103,90,30,2
26,100,249,230,172,180,194,156,109,196,137,60,18
4,201,89,190,140,220,190,89,185,121,185,121,185,
70,207,65,123,125,159,131,198,6,125,155,100,210,
123,70,102,73,137,227,128,227,128,126,209,21,59,
246,21,13,44,116,118,228,229,196,137,179,51,154,
235,142,147,179,124,217,81,222,216,238,57,24,181
,215,27,251,28,140,26,27,216,94,226,61,120,126,1
25,87,229,157,75,206,22,233,134,114,103,245,204,
33,3,68,122,141,26,108,195,22,60,185,96,250,134,
5,229,195,231,63,53,159,82,51,138,39,62,180,15,4
0,155,48,120,100,211,197,231,157,120,140,136,66,
127,251,0,95,160,152,38,133,229,171,191,239,168,
27,255,64,215,198,213,71,59,234,198,63,216,181,1
65,111,133,220,213,48,40,88,170,148,95,191,115,1
53,52,162,15,89,91,60,113,120,223,242,27,118,26,
26,245,63,7,61,115,156,57,78,59,12,141,152,105,1
04,196,156,159,229,109,72,242,169,83,124,189,161
,17,147,79,169,243,106,146,165,167,228,185,255,9
1,7,127,230,56,115,156,57,206,28,103,142,51,199,
255,135,7,253,78,230,155,212,222,218,50,251,170,
230,166,89,51,163,51,174,156,62,109,106,99,131,2
6,185,226,242,41,147,47,155,20,10,214,78,156,16,
168,169,30,127,241,230,113,23,249,199,142,25,61,
170,170,114,100,69,121,153,175,116,196,240,97,23
,94,80,50,116,200,249,131,11,6,120,243,251,229,1
85,207,81,250,74,185,89,25,14,187,53,61,45,213,1
08,74,49,26,68,129,32,191,82,169,10,203,90,94,88
,51,228,41,163,71,123,105,90,169,147,181,188,186
,83,50,194,154,92,39,107,85,167,215,209,228,176,
94,77,62,189,166,175,78,214,26,127,86,211,199,10
6,250,78,214,36,14,121,24,134,121,243,229,74,69,
214,118,143,84,228,56,153,84,19,84,100,109,249,7
2,37,36,107,7,116,31,167,187,33,79,79,88,71,42,3
3,151,203,155,47,203,149,185,211,70,202,26,9,203
,149,90,213,220,105,177,202,240,72,111,62,233,72
,79,171,80,42,26,210,188,249,232,72,75,175,80,42
,210,189,249,208,250,41,205,29,164,223,8,162,139
,208,175,242,130,14,1,102,43,253,88,77,116,87,21
4,169,90,117,77,176,114,164,211,229,10,233,121,1
68,208,251,210,82,42,52,147,222,151,60,157,142,2
5,203,228,142,252,29,177,223,196,29,136,132,61,2
2,85,81,235,38,7,53,177,46,228,205,143,137,149,1
77,216,77,90,134,71,235,175,140,212,250,47,248,4
4,215,155,95,217,160,229,43,35,43,53,143,50,210,
155,239,15,156,252,0,162,25,221,14,69,142,29,134
,70,194,202,129,253,167,231,212,37,115,82,220,14
2,195,160,74,167,120,114,153,52,82,199,29,154,16
9,66,75,161,243,115,185,232,88,150,197,125,136,1
20,243,93,90,91,77,144,165,101,68,156,157,240,21
,120,66,154,16,166,37,59,120,73,118,45,45,105,22
7,37,39,155,135,21,23,13,85,101,56,249,51,119,90
,174,214,22,145,189,249,154,33,79,255,113,107,6,
119,165,82,41,107,98,94,56,82,63,141,178,174,33,
166,140,28,201,214,109,98,80,243,141,148,43,53,9
5,93,114,174,149,29,133,5,149,74,101,93,88,35,22
5,233,116,25,106,130,90,129,210,172,101,41,229,1
72,130,191,38,40,211,24,76,159,16,212,155,36,155
,105,89,21,26,194,245,201,86,90,65,229,72,58,46,
185,50,22,30,201,6,72,251,82,106,130,91,81,220,1
89,183,99,144,236,220,92,140,65,8,209,113,104,61
,43,130,154,152,87,25,11,170,141,154,20,118,170,
154,28,110,148,131,78,151,230,11,105,164,46,164,
4,27,66,52,74,138,67,235,191,215,233,162,71,40,2
17,202,224,174,252,89,109,94,153,206,220,228,54,
203,65,193,41,134,104,180,52,131,91,174,210,12,1
10,165,124,152,102,114,59,180,20,150,164,17,45,3
1,38,7,137,19,188,154,214,127,111,178,6,181,211,
250,49,184,53,209,93,49,154,22,137,180,105,197,1
04,167,43,228,98,199,127,50,36,103,114,76,70,183
,102,62,165,47,135,102,252,105,76,236,115,254,22
9,208,88,109,58,160,254,114,101,195,200,83,6,120
,90,167,198,228,0,147,189,253,250,56,5,186,22,20
1,15,214,140,110,51,13,231,104,94,36,186,101,205
,224,54,107,130,187,98,180,158,69,163,152,43,107
,168,150,131,74,131,18,82,166,201,154,175,58,72,
231,70,215,90,143,175,127,130,226,175,153,20,212
,163,157,188,74,38,158,150,98,229,67,89,74,131,2
03,63,241,100,66,168,152,24,212,170,60,78,30,86,
61,61,74,79,159,76,142,254,89,241,24,94,12,185,1
9,62,209,173,165,228,141,169,91,54,52,115,144,55
,95,161,35,141,197,212,14,136,110,122,113,59,59,
136,46,198,138,101,33,109,188,39,164,104,17,143,
226,162,35,247,230,119,152,97,113,77,12,87,120,2
43,73,149,82,21,86,170,234,20,217,33,87,197,234,
226,221,109,145,88,135,207,23,107,174,12,79,187,
192,155,47,199,148,49,106,76,153,16,28,230,212,1
67,19,8,94,235,92,64,71,147,9,63,241,79,44,247,2
30,119,8,40,239,80,200,210,154,14,31,89,58,97,82
,112,171,3,144,151,78,12,118,10,68,168,8,151,135
,58,206,33,75,107,130,91,101,192,167,231,10,52,1
51,102,210,132,76,19,180,167,64,176,83,48,235,24
5,157,91,125,64,155,94,106,208,51,244,116,125,15
6,64,207,51,243,60,130,250,184,192,242,28,236,13
1,242,244,15,242,65,64,125,220,192,74,124,188,18
2,1,245,113,51,203,107,99,181,251,37,107,155,81,
31,119,208,146,103,32,208,127,99,70,11,217,209,1
,186,228,190,52,163,207,236,75,245,89,4,171,224,
236,32,52,171,211,232,51,63,67,128,84,130,205,22
,98,37,206,142,54,161,34,160,103,199,73,91,71,17
0,207,185,85,239,41,144,172,217,134,84,66,243,21
8,78,230,197,5,208,106,167,116,20,10,177,137,46,
173,253,105,6,181,147,130,155,45,176,18,167,126,
14,133,66,229,244,240,230,87,230,78,83,252,244,9
,83,41,171,244,138,92,24,154,22,11,135,232,253,4
,61,53,193,173,9,110,162,17,101,4,52,65,25,209,6
5,132,20,139,150,166,52,148,107,233,74,57,205,47
,165,249,165,44,63,133,230,155,148,114,141,244,3
6,222,124,153,222,134,99,97,37,226,205,215,76,23
8,32,156,132,237,62,145,118,41,199,187,187,39,6,
93,187,157,7,66,46,45,197,61,89,75,113,79,10,106
,169,158,144,172,25,221,99,53,131,123,20,125,135
,181,20,247,40,173,173,190,142,142,3,181,65,218,
214,228,30,83,31,210,204,39,59,212,82,220,99,180
,84,247,100,45,53,217,131,102,114,87,233,109,232
,14,68,109,176,222,233,10,213,41,186,106,109,245
,78,151,214,22,210,66,30,250,161,193,233,33,125,
7,59,52,140,86,46,208,82,242,88,159,198,60,250,6
5,5,161,88,166,82,164,223,142,82,220,90,154,251,
38,138,84,247,88,13,19,130,44,199,169,165,210,22
5,132,216,34,153,44,154,209,93,175,104,41,238,25
0,176,204,174,145,9,65,87,242,241,145,230,100,57
,13,53,65,205,144,215,160,191,211,156,201,66,208
,105,137,238,116,107,154,150,58,64,51,209,62,169
,167,15,160,119,33,163,219,20,10,177,193,235,169
,155,146,21,180,84,183,67,75,119,107,169,121,167
,44,101,178,129,102,118,107,233,238,49,116,44,90
,138,251,38,45,77,175,186,147,118,83,19,71,64,18
5,90,35,250,138,234,61,153,180,52,183,102,117,14
3,169,211,218,34,172,125,186,150,230,86,134,242,
198,102,122,91,76,79,246,177,139,229,154,232,204
,45,238,49,154,232,158,24,239,126,88,153,239,58,
229,240,230,43,244,121,72,175,63,56,183,2,62,132
,98,63,207,208,46,243,120,243,205,63,207,181,234
,217,177,152,217,250,235,13,216,122,153,173,39,1
69,103,10,238,122,250,156,208,4,55,189,224,244,2
35,77,174,164,15,79,101,108,135,112,177,71,39,20
9,25,27,171,84,170,154,224,166,239,58,85,19,43,2
,65,151,172,134,104,45,69,67,181,126,47,251,151,
149,200,41,149,232,131,91,239,60,230,184,144,167
,72,50,197,130,25,211,166,158,158,156,118,50,89,
69,223,97,205,224,30,192,190,85,104,134,60,122,1
75,13,186,180,43,157,90,52,228,57,89,133,70,68,1
42,201,14,229,2,133,158,244,198,163,232,59,172,2
5,127,218,22,41,238,49,245,138,190,105,218,234,2
29,96,196,233,10,105,134,188,170,112,172,42,70,1
91,180,214,215,37,151,45,249,73,218,44,207,105,9
3,42,178,70,38,6,93,154,224,166,211,209,218,170,
229,112,72,14,135,101,141,212,4,93,46,167,172,25
,107,130,46,185,177,78,243,41,117,244,81,80,205,
230,83,61,73,255,242,82,23,163,151,56,66,78,87,2
00,169,153,38,6,229,198,186,6,197,229,116,209,18
8,80,136,173,62,29,163,33,185,109,224,140,197,14
8,152,166,239,219,42,185,177,78,214,140,121,244,
153,67,97,204,211,154,61,74,93,3,253,82,221,72,1
91,83,55,232,109,171,228,24,91,29,218,155,179,82
,113,133,234,26,52,193,173,175,165,33,79,142,11,
136,208,83,125,140,126,101,159,18,246,104,70,119
,70,44,51,38,151,196,130,207,96,138,3,48,228,213
,95,18,246,40,46,250,68,146,245,80,215,57,21,23,
93,132,49,52,21,186,208,155,207,42,166,186,105,6
9,182,5,232,104,102,122,58,166,152,220,63,229,23
2,63,77,30,86,217,172,247,42,107,8,4,181,106,94,
69,223,79,84,174,242,104,66,206,80,13,1,58,121,1
8,152,20,228,247,41,145,22,143,9,203,154,47,16,1
16,57,105,107,89,19,38,6,147,225,209,219,143,161
,77,157,60,96,172,153,144,51,84,127,134,36,247,8
7,135,155,44,173,62,245,217,52,89,235,229,15,92,
230,212,72,200,11,148,201,194,125,240,10,235,81,
139,82,225,126,16,236,208,207,235,78,57,55,11,23
5,65,80,64,207,194,221,240,10,119,161,86,184,19,
94,97,45,106,33,11,226,150,212,92,50,86,142,11,2
,23,194,5,73,33,221,92,186,184,156,224,114,140,2
03,143,92,126,224,114,148,203,247,92,142,112,57,
204,229,159,92,254,193,229,59,46,135,184,124,203
,229,27,46,7,185,28,224,178,159,203,215,92,254,2
06,229,111,92,190,226,242,37,151,47,184,124,206,
229,51,46,127,229,242,23,46,251,184,236,229,242,
41,151,79,184,124,204,229,207,92,254,196,229,143
,92,62,226,242,7,46,31,114,249,128,203,30,46,239
,115,121,143,203,187,92,222,225,242,54,151,183,1
84,188,201,101,55,151,55,184,188,206,229,53,46,1
75,114,121,133,203,203,92,94,226,242,34,151,93,9
2,94,224,242,123,46,59,185,236,224,242,60,151,23
7,92,158,227,242,44,151,109,92,158,225,178,149,7
5,156,203,211,92,158,226,242,36,151,45,92,54,115
,233,228,210,193,69,227,178,137,203,19,92,54,112
,121,156,203,99,92,30,229,242,8,151,135,185,60,1
96,229,65,46,15,112,185,159,203,125,92,214,115,8
9,199,229,30,46,119,115,185,139,203,157,92,214,1
14,89,195,229,14,46,171,185,220,206,229,183,92,1
10,227,178,138,203,74,46,43,184,220,202,229,22,4
6,203,185,196,184,220,204,101,41,151,155,184,220
,200,165,157,203,18,46,55,112,89,204,101,17,151,
235,184,92,203,101,33,151,107,184,204,231,114,53
,151,121,92,230,114,105,229,210,194,101,54,151,3
8,46,179,184,204,228,18,229,50,131,203,149,92,16
6,115,153,198,101,42,151,70,46,13,92,84,46,245,9
2,34,92,234,184,132,185,92,193,229,114,46,83,184
,76,230,114,25,151,16,151,32,151,75,185,92,194,1
65,150,203,68,46,1,46,53,92,170,185,140,231,114,
49,151,113,92,198,114,25,195,165,138,75,57,151,5
0,46,62,46,165,92,134,115,185,144,75,9,151,161,9
2,134,112,57,159,203,96,46,131,184,20,115,41,226
,50,144,75,33,151,2,46,3,54,83,41,27,34,220,8,85
,104,71,45,32,180,131,8,55,64,21,150,160,22,111,
11,75,244,39,220,18,52,9,75,176,73,88,66,255,191
,139,112,125,226,217,247,173,126,46,16,174,199,3
8,225,122,8,216,36,44,214,159,136,139,65,132,54,
168,194,162,68,235,106,97,17,218,132,69,244,255,
5,9,139,224,19,22,161,89,88,4,81,184,182,83,45,1
71,141,11,215,117,150,117,75,91,133,107,132,133,
157,170,100,47,203,23,22,162,84,88,136,38,97,33,
68,108,18,22,226,83,97,161,222,118,33,8,174,16,2
2,224,83,97,1,4,92,33,204,199,167,194,124,8,248,
70,184,26,4,43,244,115,147,126,118,208,179,48,23
,170,48,15,181,112,8,243,32,11,243,124,115,132,2
17,164,76,106,18,203,164,89,66,153,52,221,59,173
,118,170,183,177,182,193,171,214,214,123,35,181,
117,69,225,218,130,112,105,88,184,162,232,242,90
,105,210,243,147,132,230,73,123,39,9,151,120,107
,107,75,107,201,68,239,132,218,210,9,100,199,4,1
78,78,255,9,120,107,106,171,189,227,107,155,199,
147,130,241,100,221,104,210,60,154,236,24,77,154
,70,19,223,104,82,229,173,172,29,233,173,168,45,
247,150,213,250,226,194,172,206,84,123,213,86,33
,42,204,232,44,146,124,113,97,134,158,238,222,33
,52,110,78,181,84,189,189,77,104,73,124,173,240,
9,87,109,30,56,164,202,23,23,174,234,60,203,85,2
1,23,196,206,179,251,74,113,65,96,32,157,125,250
,73,113,1,58,72,55,67,23,195,9,134,227,12,199,58
,207,242,72,113,242,35,195,15,12,71,25,190,103,5
6,194,112,152,225,159,157,206,2,41,78,254,193,24
0,29,195,33,134,111,25,190,97,56,200,112,128,97,
63,195,215,12,127,103,248,27,195,87,12,95,50,124
,193,240,57,195,103,12,127,101,248,75,103,239,16
1,82,156,236,99,216,203,240,41,195,39,12,31,51,2
52,153,225,79,12,127,100,248,136,225,15,12,31,50
,124,192,176,135,225,125,134,247,58,123,93,40,19
7,201,187,12,239,48,188,205,240,22,195,155,12,18
7,25,222,96,120,157,225,53,134,87,25,94,97,120,1
53,225,37,134,23,25,118,49,188,192,240,123,134,1
57,12,59,24,158,103,216,206,240,28,195,179,12,21
9,24,158,97,216,202,16,239,204,45,147,226,228,10
5,134,167,24,158,100,216,194,176,153,161,147,161
,131,65,99,216,196,176,145,225,9,134,13,12,143,5
1,60,198,240,40,195,35,12,15,51,60,196,240,32,19
5,3,12,191,99,184,159,225,62,134,245,12,235,24,2
38,101,184,135,225,110,134,187,24,238,100,88,203
,176,134,225,14,134,213,12,183,51,252,150,225,54
,134,85,12,43,25,86,48,220,202,112,11,195,114,13
4,223,48,44,99,136,117,230,140,146,226,228,102,1
34,165,12,55,49,220,200,208,206,176,132,225,6,13
4,235,25,22,51,180,49,44,98,184,142,225,90,134,1
33,12,215,48,44,96,152,207,112,53,195,60,134,185
,12,115,24,90,25,90,24,102,51,92,197,208,204,208
,196,48,139,97,38,67,148,97,6,195,149,12,211,25,
166,49,76,101,104,100,104,96,80,25,234,25,34,12,
117,12,97,134,43,24,46,103,152,194,48,153,225,50
,134,73,12,33,134,96,103,207,218,196,254,187,148
,225,18,134,90,134,137,12,19,24,2,12,53,12,213,1
2,227,25,46,102,24,199,112,17,131,159,97,44,195,
24,134,209,12,163,24,170,24,42,25,70,50,84,48,14
8,51,148,49,248,24,74,25,70,48,12,103,24,198,112
,33,195,5,12,37,12,67,59,179,35,137,253,55,132,2
25,124,134,193,12,131,24,138,59,179,171,19,251,1
75,136,97,32,203,44,100,40,96,24,192,224,237,204
,234,155,216,127,249,12,158,206,30,238,196,254,5
9,143,161,127,103,38,189,39,247,99,56,151,33,143
,193,205,112,14,131,194,208,151,193,197,32,119,1
02,12,78,236,63,137,225,108,134,62,157,142,145,1
37,253,119,22,131,147,161,55,67,47,134,92,134,28
,134,158,12,217,12,89,12,61,24,50,25,50,24,28,12
,118,6,27,131,149,193,210,105,247,39,246,95,58,6
7,26,67,42,131,153,193,196,144,194,96,100,48,48,
136,12,2,3,97,128,175,219,238,151,232,187,203,23
8,151,78,216,253,210,113,187,95,58,102,247,75,63
,218,253,210,15,118,191,116,212,238,151,190,183,
251,165,35,118,191,116,216,238,151,254,105,247,7
5,255,176,251,165,239,236,126,233,144,221,47,125
,107,247,75,223,216,253,210,65,187,95,58,96,247,
75,251,237,126,233,107,187,95,250,187,221,47,253
,205,238,151,190,178,251,165,47,237,126,233,11,1
87,95,250,220,238,151,62,179,251,165,191,218,253
,210,95,236,126,105,159,221,47,237,181,251,165,7
9,237,126,233,19,187,95,250,216,238,151,254,108,
247,75,127,178,251,165,63,218,253,210,71,118,191
,244,7,187,95,250,208,238,151,62,176,251,165,61,
182,128,244,190,45,32,189,103,11,72,239,218,2,21
0,59,182,128,244,182,45,32,189,101,11,72,111,218
,2,210,110,91,64,122,195,22,144,94,183,5,164,215
,108,1,233,85,91,64,122,197,22,144,94,182,5,164,
151,108,1,233,69,91,64,218,101,11,72,47,216,2,21
0,239,109,1,105,167,45,32,249,214,236,176,5,164,
231,109,1,105,187,45,32,61,103,11,72,207,218,2,2
10,54,91,64,122,198,22,144,182,218,2,82,220,22,1
44,158,182,5,164,167,108,1,233,73,91,64,218,98,1
1,72,155,109,1,169,211,22,144,58,172,17,73,179,7
0,164,77,214,136,180,209,26,145,158,176,70,164,1
3,214,136,244,184,181,90,122,204,26,145,30,181,7
0,164,71,172,17,233,97,107,68,122,200,26,145,30,
180,70,164,7,172,17,233,119,214,136,116,191,53,3
4,221,103,141,72,235,173,17,105,157,53,34,221,10
7,141,72,247,88,35,210,221,214,136,116,151,53,34
,197,133,165,190,70,171,75,186,211,210,36,173,18
1,52,73,107,44,77,210,29,150,38,105,181,165,73,1
86,221,210,36,253,214,210,36,221,102,105,146,86,
89,154,164,149,150,38,105,133,165,73,186,213,210
,36,221,146,30,147,150,167,199,164,223,164,199,3
6,71,111,210,220,187,173,183,208,220,171,173,151
,80,144,91,154,59,62,87,148,114,10,114,74,115,19
6,117,57,155,114,4,95,142,83,170,106,23,159,35,2
50,127,25,7,33,43,48,209,227,143,155,186,3,126,2
05,92,125,153,70,150,106,238,9,244,236,171,153,1
64,165,44,213,80,59,233,178,96,7,33,183,132,244,
191,29,208,50,232,95,248,232,233,246,229,203,209
,167,220,175,245,153,16,236,20,215,175,239,83,30
,242,107,109,212,125,62,221,187,169,3,125,202,67
,158,160,207,222,156,213,150,245,118,214,222,44,
67,91,15,178,222,65,226,221,59,54,59,242,11,171,
226,221,59,124,125,29,82,223,170,102,59,121,222,
78,110,181,173,179,109,178,137,155,108,207,219,1
32,231,109,111,217,62,181,137,62,219,136,242,42,
79,75,235,156,150,57,30,79,75,75,139,51,68,60,45
,115,90,91,90,90,225,249,159,127,144,127,247,0,2
54,223,28,240,120,90,146,218,210,210,210,218,218
,210,226,241,180,180,182,206,241,180,122,90,90,7
9,22,121,90,104,169,126,180,210,84,171,158,164,1
49,91,60,236,175,159,202,186,5,17,170,32,64,21,8
,84,1,80,73,55,84,210,5,149,156,128,74,142,65,37
,63,66,37,63,64,37,71,161,146,239,161,146,35,80,
201,97,168,228,159,80,201,63,160,146,239,160,146
,67,80,201,183,80,201,55,80,201,65,168,228,0,84,
178,31,42,249,26,42,249,59,84,242,55,168,228,43,
168,228,75,168,228,11,168,228,115,168,228,51,168
,228,175,80,201,95,160,146,125,80,201,94,168,228
,83,168,228,19,168,228,99,168,228,207,80,201,159
,160,146,63,66,37,31,65,37,127,128,74,62,132,74,
62,128,74,246,64,37,239,67,37,239,65,37,239,66,3
7,239,64,37,111,67,37,111,65,37,111,66,37,187,16
1,146,55,160,146,215,161,146,215,160,146,87,161,
146,87,160,146,151,161,146,151,160,146,23,161,14
6,93,80,201,11,80,201,239,161,146,157,80,201,14,
168,228,121,168,100,59,84,242,28,84,242,44,84,17
8,13,42,121,6,42,217,10,149,196,161,146,167,161,
146,167,160,146,39,161,146,45,80,201,102,168,164
,19,42,233,128,74,52,168,100,19,84,242,4,84,178,
1,42,121,28,42,121,12,42,121,20,42,121,4,42,121,
24,42,121,8,42,121,16,42,121,0,42,185,31,42,185,
15,42,89,15,149,172,131,74,238,129,74,238,134,74
,238,130,74,238,132,74,214,66,37,107,160,146,59,
160,146,213,80,201,237,80,201,111,161,146,219,16
0,146,85,80,201,74,168,100,5,84,114,43,84,114,11
,84,178,28,42,137,65,37,55,67,37,75,161,146,155,
160,146,27,161,146,118,168,100,9,84,114,3,84,178
,56,17,223,69,137,248,94,151,136,239,181,80,201,
194,50,122,190,38,17,225,249,137,8,95,157,136,24
0,188,68,132,231,38,162,219,154,136,110,75,34,18
6,179,19,81,109,74,68,117,86,34,170,51,19,81,141
,38,162,58,35,17,213,43,19,81,157,158,136,234,18
0,68,84,167,38,162,218,152,136,106,67,34,170,106
,34,170,245,137,168,70,18,81,173,75,68,53,156,13
6,234,21,137,168,94,158,136,234,148,68,84,39,39,
162,122,89,34,162,161,68,68,131,137,136,94,154,1
36,232,37,137,136,214,38,34,58,49,17,205,64,34,1
54,53,137,104,86,39,162,57,62,17,205,139,19,209,
28,151,136,226,216,68,20,199,36,162,87,149,136,8
8,121,34,98,101,137,136,249,18,17,43,77,68,107,1
20,34,82,23,38,162,84,146,136,210,208,68,148,134
,36,162,116,126,34,74,131,19,81,26,148,136,82,11
3,34,74,69,137,40,13,76,68,169,48,17,165,2,168,1
00,0,212,127,223,238,253,175,56,66,255,238,1,252
,223,30,250,125,107,142,39,23,255,1,14,167,173,6
8,10,101,110,100,115,116,114,101,97,109,10,101,1
10,100,111,98,106,10,51,53,32,48,32,111,98,106,1
0,60,60,47,84,121,112,101,32,47,70,111,110,116,6
8,101,115,99,114,105,112,116,111,114,10,47,70,11
1,110,116,78,97,109,101,32,47,67,65,65,65,65,65,
43,67,111,110,115,111,108,97,115,10,47,70,108,97
,103,115,32,52,10,47,65,115,99,101,110,116,32,57
,49,57,46,57,50,49,56,56,10,47,68,101,115,99,101
,110,116,32,50,53,48,46,57,55,54,53,54,10,47,83,
116,101,109,86,32,54,56,46,56,52,55,54,53,54,10,
47,67,97,112,72,101,105,103,104,116,32,54,51,56,
46,49,56,51,53,57,10,47,73,116,97,108,105,99,65,
110,103,108,101,32,48,10,47,70,111,110,116,66,66
,111,120,32,91,45,52,51,50,46,49,50,56,57,49,32,
45,51,48,50,46,50,52,54,48,57,32,54,55,55,46,50,
52,54,48,57,32,49,48,49,49,46,50,51,48,52,55,93,
10,47,70,111,110,116,70,105,108,101,50,32,51,52,
32,48,32,82,62,62,10,101,110,100,111,98,106,10,5
1,54,32,48,32,111,98,106,10,60,60,47,84,121,112,
101,32,47,70,111,110,116,10,47,70,111,110,116,68
,101,115,99,114,105,112,116,111,114,32,51,53,32,
48,32,82,10,47,66,97,115,101,70,111,110,116,32,4
7,67,65,65,65,65,65,43,67,111,110,115,111,108,97
,115,10,47,83,117,98,116,121,112,101,32,47,67,73
,68,70,111,110,116,84,121,112,101,50,10,47,67,73
,68,84,111,71,73,68,77,97,112,32,47,73,100,101,1
10,116,105,116,121,10,47,67,73,68,83,121,115,116
,101,109,73,110,102,111,32,60,60,47,82,101,103,1
05,115,116,114,121,32,40,65,100,111,98,101,41,10
,47,79,114,100,101,114,105,110,103,32,40,73,100,
101,110,116,105,116,121,41,10,47,83,117,112,112,
108,101,109,101,110,116,32,48,62,62,10,47,87,32,
91,48,32,54,49,51,32,53,52,57,46,56,48,52,54,57,
93,10,47,68,87,32,48,62,62,10,101,110,100,111,98
,106,10,51,55,32,48,32,111,98,106,10,60,60,47,70
,105,108,116,101,114,32,47,70,108,97,116,101,68,
101,99,111,100,101,10,47,76,101,110,103,116,104,
32,50,56,56,62,62,32,115,116,114,101,97,109,10,1
20,156,93,145,77,107,195,48,12,134,239,254,21,58
,182,135,98,55,253,74,32,4,214,180,129,28,246,19
3,210,254,128,212,86,50,195,226,24,199,61,228,22
3,15,91,93,7,59,216,240,200,210,43,249,21,47,235
,83,109,180,7,254,225,70,217,160,135,78,27,229,1
12,26,239,78,34,220,176,215,134,173,19,80,90,250
,7,197,91,14,173,101,188,172,79,205,60,121,28,10
6,211,141,44,207,1,248,39,246,122,242,110,134,19
7,139,26,111,184,100,252,221,41,116,218,244,176,
184,150,205,146,241,230,110,237,55,14,104,60,8,8
6,20,160,176,99,188,124,109,237,91,59,32,240,88,
182,170,21,26,175,253,188,186,150,205,95,198,101
,182,8,73,228,53,77,35,71,133,147,109,37,186,214
,244,200,114,33,132,40,32,175,170,170,42,24,26,2
45,239,125,71,85,183,78,126,181,46,100,167,199,2
,114,33,246,89,17,40,219,70,58,36,68,123,162,45,
81,70,116,8,148,236,119,145,54,34,118,121,232,10
9,126,213,159,195,164,36,145,30,168,11,41,165,39
,10,158,41,120,36,121,17,41,91,83,240,252,208,37
,165,240,145,96,248,211,37,121,119,14,141,143,91
,137,206,4,79,180,193,231,226,236,104,67,85,56,6
3,44,232,144,20,10,101,110,100,115,116,114,101,9
7,109,10,101,110,100,111,98,106,10,54,32,48,32,1
11,98,106,10,60,60,47,84,121,112,101,32,47,70,11
1,110,116,10,47,83,117,98,116,121,112,101,32,47,
84,121,112,101,48,10,47,66,97,115,101,70,111,110
,116,32,47,67,65,65,65,65,65,43,67,111,110,115,1
11,108,97,115,10,47,69,110,99,111,100,105,110,10
3,32,47,73,100,101,110,116,105,116,121,45,72,10,
47,68,101,115,99,101,110,100,97,110,116,70,111,1
10,116,115,32,91,51,54,32,48,32,82,93,10,47,84,1
11,85,110,105,99,111,100,101,32,51,55,32,48,32,8
2,62,62,10,101,110,100,111,98,106,10,120,114,101
,102,10,48,32,51,56,10,48,48,48,48,48,48,48,48,4
8,48,32,54,53,53,51,53,32,102,32,10,48,48,48,48,
48,48,48,48,49,53,32,48,48,48,48,48,32,110,32,10
,48,48,48,48,48,48,50,48,50,54,32,48,48,48,48,48
,32,110,32,10,48,48,48,48,48,48,48,50,57,49,32,4
8,48,48,48,48,32,110,32,10,48,48,48,48,48,49,54,
53,48,50,32,48,48,48,48,48,32,110,32,10,48,48,48
,48,48,51,54,48,57,50,32,48,48,48,48,48,32,110,3
2,10,48,48,48,48,48,52,53,49,57,54,32,48,48,48,4
8,48,32,110,32,10,48,48,48,48,48,48,48,54,57,54,
32,48,48,48,48,48,32,110,32,10,48,48,48,48,48,48
,48,51,50,56,32,48,48,48,48,48,32,110,32,10,48,4
8,48,48,48,48,49,50,57,56,32,48,48,48,48,48,32,1
10,32,10,48,48,48,48,48,48,49,53,48,49,32,48,48,
48,48,48,32,110,32,10,48,48,48,48,48,48,50,51,48
,48,32,48,48,48,48,48,32,110,32,10,48,48,48,48,4
8,48,51,50,50,54,32,48,48,48,48,48,32,110,32,10,
48,48,48,48,48,48,51,48,49,55,32,48,48,48,48,48,
32,110,32,10,48,48,48,48,48,48,50,52,51,51,32,48
,48,48,48,48,32,110,32,10,48,48,48,48,48,48,50,5
1,53,54,32,48,48,48,48,48,32,110,32,10,48,48,48,
48,48,48,50,55,57,54,32,48,48,48,48,48,32,110,32
,10,48,48,48,48,48,48,50,52,57,56,32,48,48,48,48
,48,32,110,32,10,48,48,48,48,48,48,50,54,53,50,3
2,48,48,48,48,48,32,110,32,10,48,48,48,48,48,48,
50,53,55,53,32,48,48,48,48,48,32,110,32,10,48,48
,48,48,48,48,50,55,49,57,32,48,48,48,48,48,32,11
0,32,10,48,48,48,48,48,48,50,57,53,51,32,48,48,4
8,48,48,32,110,32,10,48,48,48,48,48,48,50,56,55,
54,32,48,48,48,48,48,32,110,32,10,48,48,48,48,48
,48,51,49,49,56,32,48,48,48,48,48,32,110,32,10,4
8,48,48,48,48,48,51,49,55,49,32,48,48,48,48,48,3
2,110,32,10,48,48,48,48,48,48,51,51,49,56,32,48,
48,48,48,48,32,110,32,10,48,48,48,48,48,48,51,53
,49,55,32,48,48,48,48,48,32,110,32,10,48,48,48,4
8,48,49,53,53,48,48,32,48,48,48,48,48,32,110,32,
10,48,48,48,48,48,49,53,55,52,48,32,48,48,48,48,
48,32,110,32,10,48,48,48,48,48,49,54,49,51,50,32
,48,48,48,48,48,32,110,32,10,48,48,48,48,48,49,5
4,54,52,54,32,48,48,48,48,48,32,110,32,10,48,48,
48,48,48,51,53,48,49,51,32,48,48,48,48,48,32,110
,32,10,48,48,48,48,48,51,53,50,52,56,32,48,48,48
,48,48,32,110,32,10,48,48,48,48,48,51,53,54,56,5
6,32,48,48,48,48,48,32,110,32,10,48,48,48,48,48,
51,54,50,51,49,32,48,48,48,48,48,32,110,32,10,48
,48,48,48,48,52,52,51,54,57,32,48,48,48,48,48,32
,110,32,10,48,48,48,48,48,52,52,54,49,48,32,48,4
8,48,48,48,32,110,32,10,48,48,48,48,48,52,52,56,
51,55,32,48,48,48,48,48,32,110,32,10,116,114,97,
105,108,101,114,10,60,60,47,83,105,122,101,32,51
,56,10,47,82,111,111,116,32,50,53,32,48,32,82,10
,47,73,110,102,111,32,49,32,48,32,82,62,62,10,11
5,116,97,114,116,120,114,101,102,10,52,53,51,51,
54,10,37,37,69,79,70,10
At line:1 char:1
+ node test-optimized-pdf.js > test_log.txt 2>&1
+ ~~~~~~~~~~~~~~~~~~~~~~~~~~~~~~~~~~~~~~~~~~~~~~
    + CategoryInfo          : NotSpecified: (   
    Failure: Buf...,37,69,79,70,10:String) [],  
   RemoteException
    + FullyQualifiedErrorId : NativeCommandErro 
   r
 
--- Puppeteer Optimized Test End ---
